[0.007s] Invoking command in '/home/wang/hello/build/tf_broadcaster': CMAKE_PREFIX_PATH=${CMAKE_PREFIX_PATH}:/opt/ros/humble /usr/bin/cmake /home/wang/hello/src/tf_broadcaster -DCMAKE_INSTALL_PREFIX=/home/wang/hello/install/tf_broadcaster
[0.060s] -- The C compiler identification is GNU 11.4.0
[0.104s] -- The CXX compiler identification is GNU 11.4.0
[0.109s] -- Detecting C compiler ABI info
[0.186s] -- Detecting C compiler ABI info - done
[0.195s] -- Check for working C compiler: /usr/bin/cc - skipped
[0.195s] -- Detecting C compile features
[0.196s] -- Detecting C compile features - done
[0.199s] -- Detecting CXX compiler ABI info
[0.287s] -- Detecting CXX compiler ABI info - done
[0.296s] -- Check for working CXX compiler: /usr/bin/c++ - skipped
[0.297s] -- Detecting CXX compile features
[0.297s] -- Detecting CXX compile features - done
[0.299s] -- Found ament_cmake: 1.3.11 (/opt/ros/humble/share/ament_cmake/cmake)
[0.429s] -- Found Python3: /usr/bin/python3 (found version "3.10.12") found components: Interpreter 
[0.500s] -- Found rclcpp: 16.0.11 (/opt/ros/humble/share/rclcpp/cmake)
[0.536s] -- Found rosidl_generator_c: 3.1.6 (/opt/ros/humble/share/rosidl_generator_c/cmake)
[0.539s] -- Found rosidl_adapter: 3.1.6 (/opt/ros/humble/share/rosidl_adapter/cmake)
[0.545s] -- Found rosidl_generator_cpp: 3.1.6 (/opt/ros/humble/share/rosidl_generator_cpp/cmake)
[0.553s] -- Using all available rosidl_typesupport_c: rosidl_typesupport_fastrtps_c;rosidl_typesupport_introspection_c
[0.564s] -- Using all available rosidl_typesupport_cpp: rosidl_typesupport_fastrtps_cpp;rosidl_typesupport_introspection_cpp
[0.590s] -- Found rmw_implementation_cmake: 6.1.2 (/opt/ros/humble/share/rmw_implementation_cmake/cmake)
[0.591s] -- Found rmw_fastrtps_cpp: 6.2.7 (/opt/ros/humble/share/rmw_fastrtps_cpp/cmake)
[0.664s] -- Found OpenSSL: /usr/lib/x86_64-linux-gnu/libcrypto.so (found version "3.0.2")  
[0.693s] -- Found FastRTPS: /opt/ros/humble/include  
[0.738s] -- Using RMW implementation 'rmw_fastrtps_cpp' as default
[0.744s] -- Looking for pthread.h
[0.818s] -- Looking for pthread.h - found
[0.818s] -- Performing Test CMAKE_HAVE_LIBC_PTHREAD
[0.908s] -- Performing Test CMAKE_HAVE_LIBC_PTHREAD - Success
[0.909s] -- Found Threads: TRUE  
[0.941s] -- Found tf2: 0.25.12 (/opt/ros/humble/share/tf2/cmake)
[0.955s] -- Found tf2_ros: 0.25.12 (/opt/ros/humble/share/tf2_ros/cmake)
[1.011s] -- Found turtlesim: 1.4.2 (/opt/ros/humble/share/turtlesim/cmake)
[1.021s] -- Found ament_lint_auto: 0.12.11 (/opt/ros/humble/share/ament_lint_auto/cmake)
[1.069s] -- Added test 'cppcheck' to perform static code analysis on C / C++ code
[1.069s] -- Configured cppcheck include dirs: $<BUILD_INTERFACE:/home/wang/hello/src/tf_broadcaster/include>
[1.069s] -- Configured cppcheck exclude dirs and/or files: 
[1.070s] -- Added test 'lint_cmake' to check CMake code style
[1.070s] -- Added test 'uncrustify' to check C / C++ code style
[1.070s] -- Configured uncrustify additional arguments: 
[1.070s] -- Added test 'xmllint' to check XML markup files
[1.071s] -- Configuring done
[1.080s] -- Generating done
[1.083s] -- Build files have been written to: /home/wang/hello/build/tf_broadcaster
[1.089s] Invoked command in '/home/wang/hello/build/tf_broadcaster' returned '0': CMAKE_PREFIX_PATH=${CMAKE_PREFIX_PATH}:/opt/ros/humble /usr/bin/cmake /home/wang/hello/src/tf_broadcaster -DCMAKE_INSTALL_PREFIX=/home/wang/hello/install/tf_broadcaster
[1.092s] Invoking command in '/home/wang/hello/build/tf_broadcaster': CMAKE_PREFIX_PATH=${CMAKE_PREFIX_PATH}:/opt/ros/humble /usr/bin/cmake --build /home/wang/hello/build/tf_broadcaster -- -j16 -l16
[1.132s] [ 25%] [32mBuilding CXX object CMakeFiles/demo01_static_tf_broadcaster.dir/src/demo01_static_tf_broadcaster.cpp.o[0m
[1.133s] [ 50%] [32mBuilding CXX object CMakeFiles/demo02_dynamic_tf_broadcaster.dir/src/demo02_dynamic_tf_broadcaster.cpp.o[0m
[1.152s] [ 75%] [32m[1mLinking CXX executable demo02_dynamic_tf_broadcaster[0m
[1.226s] /usr/bin/ld: /usr/lib/gcc/x86_64-linux-gnu/11/../../../x86_64-linux-gnu/Scrt1.o: in function `_start':
[1.226s] (.text+0x1b): undefined reference to `main'
[1.227s] collect2: error: ld returned 1 exit status
[1.228s] gmake[2]: *** [CMakeFiles/demo02_dynamic_tf_broadcaster.dir/build.make:205：demo02_dynamic_tf_broadcaster] 错误 1
[1.228s] gmake[1]: *** [CMakeFiles/Makefile2:165：CMakeFiles/demo02_dynamic_tf_broadcaster.dir/all] 错误 2
[1.228s] gmake[1]: *** 正在等待未完成的任务....
[3.551s] [100%] [32m[1mLinking CXX executable demo01_static_tf_broadcaster[0m
[3.702s] [100%] Built target demo01_static_tf_broadcaster
[3.702s] gmake: *** [Makefile:146：all] 错误 2
[3.704s] Invoked command in '/home/wang/hello/build/tf_broadcaster' returned '2': CMAKE_PREFIX_PATH=${CMAKE_PREFIX_PATH}:/opt/ros/humble /usr/bin/cmake --build /home/wang/hello/build/tf_broadcaster -- -j16 -l16
