[0.008s] Invoking command in '/home/wang/hello/build/tf_broadcaster': CMAKE_PREFIX_PATH=${CMAKE_PREFIX_PATH}:/opt/ros/humble /usr/bin/cmake --build /home/wang/hello/build/tf_broadcaster -- -j16 -l16
[0.031s] -- Found ament_cmake: 1.3.11 (/opt/ros/humble/share/ament_cmake/cmake)
[0.118s] -- Found rclcpp: 16.0.11 (/opt/ros/humble/share/rclcpp/cmake)
[0.137s] -- Found rosidl_generator_c: 3.1.6 (/opt/ros/humble/share/rosidl_generator_c/cmake)
[0.139s] -- Found rosidl_adapter: 3.1.6 (/opt/ros/humble/share/rosidl_adapter/cmake)
[0.142s] -- Found rosidl_generator_cpp: 3.1.6 (/opt/ros/humble/share/rosidl_generator_cpp/cmake)
[0.149s] -- Using all available rosidl_typesupport_c: rosidl_typesupport_fastrtps_c;rosidl_typesupport_introspection_c
[0.157s] -- Using all available rosidl_typesupport_cpp: rosidl_typesupport_fastrtps_cpp;rosidl_typesupport_introspection_cpp
[0.177s] -- Found rmw_implementation_cmake: 6.1.2 (/opt/ros/humble/share/rmw_implementation_cmake/cmake)
[0.178s] -- Found rmw_fastrtps_cpp: 6.2.7 (/opt/ros/humble/share/rmw_fastrtps_cpp/cmake)
[0.249s] -- Using RMW implementation 'rmw_fastrtps_cpp' as default
[0.280s] -- Found tf2: 0.25.12 (/opt/ros/humble/share/tf2/cmake)
[0.290s] -- Found tf2_ros: 0.25.12 (/opt/ros/humble/share/tf2_ros/cmake)
[0.340s] -- Found turtlesim: 1.4.2 (/opt/ros/humble/share/turtlesim/cmake)
[0.352s] -- Found ament_lint_auto: 0.12.11 (/opt/ros/humble/share/ament_lint_auto/cmake)
[0.396s] -- Added test 'cppcheck' to perform static code analysis on C / C++ code
[0.396s] -- Configured cppcheck include dirs: $<BUILD_INTERFACE:/home/wang/hello/src/tf_broadcaster/include>
[0.396s] -- Configured cppcheck exclude dirs and/or files: 
[0.396s] -- Added test 'lint_cmake' to check CMake code style
[0.397s] -- Added test 'uncrustify' to check C / C++ code style
[0.397s] -- Configured uncrustify additional arguments: 
[0.397s] -- Added test 'xmllint' to check XML markup files
[0.397s] -- Configuring done
[0.408s] -- Generating done
[0.413s] -- Build files have been written to: /home/wang/hello/build/tf_broadcaster
[0.433s] [35m[1mConsolidate compiler generated dependencies of target demo02_dynamic_tf_broadcaster[0m
[0.436s] [35m[1mConsolidate compiler generated dependencies of target demo01_static_tf_broadcaster[0m
[0.443s] [ 16%] [32mBuilding CXX object CMakeFiles/demo03_point_tf_broadcaster.dir/src/demo03_point_tf_broadcaster.cpp.o[0m
[0.450s] [ 50%] Built target demo02_dynamic_tf_broadcaster
[0.453s] [ 83%] Built target demo01_static_tf_broadcaster
[2.138s] [100%] [32m[1mLinking CXX executable demo03_point_tf_broadcaster[0m
[2.224s] [100%] Built target demo03_point_tf_broadcaster
[2.234s] Invoked command in '/home/wang/hello/build/tf_broadcaster' returned '0': CMAKE_PREFIX_PATH=${CMAKE_PREFIX_PATH}:/opt/ros/humble /usr/bin/cmake --build /home/wang/hello/build/tf_broadcaster -- -j16 -l16
[2.241s] Invoking command in '/home/wang/hello/build/tf_broadcaster': CMAKE_PREFIX_PATH=${CMAKE_PREFIX_PATH}:/opt/ros/humble /usr/bin/cmake --install /home/wang/hello/build/tf_broadcaster
[2.249s] -- Install configuration: ""
[2.249s] -- Up-to-date: /home/wang/hello/install/tf_broadcaster/lib/tf_broadcaster/demo01_static_tf_broadcaster
[2.249s] -- Up-to-date: /home/wang/hello/install/tf_broadcaster/lib/tf_broadcaster/demo02_dynamic_tf_broadcaster
[2.249s] -- Installing: /home/wang/hello/install/tf_broadcaster/lib/tf_broadcaster/demo03_point_tf_broadcaster
[2.249s] -- Set runtime path of "/home/wang/hello/install/tf_broadcaster/lib/tf_broadcaster/demo03_point_tf_broadcaster" to ""
[2.249s] -- Up-to-date: /home/wang/hello/install/tf_broadcaster/share/ament_index/resource_index/package_run_dependencies/tf_broadcaster
[2.249s] -- Installing: /home/wang/hello/install/tf_broadcaster/share/ament_index/resource_index/parent_prefix_path/tf_broadcaster
[2.249s] -- Up-to-date: /home/wang/hello/install/tf_broadcaster/share/tf_broadcaster/environment/ament_prefix_path.sh
[2.250s] -- Installing: /home/wang/hello/install/tf_broadcaster/share/tf_broadcaster/environment/ament_prefix_path.dsv
[2.250s] -- Up-to-date: /home/wang/hello/install/tf_broadcaster/share/tf_broadcaster/environment/path.sh
[2.250s] -- Installing: /home/wang/hello/install/tf_broadcaster/share/tf_broadcaster/environment/path.dsv
[2.250s] -- Up-to-date: /home/wang/hello/install/tf_broadcaster/share/tf_broadcaster/local_setup.bash
[2.250s] -- Up-to-date: /home/wang/hello/install/tf_broadcaster/share/tf_broadcaster/local_setup.sh
[2.250s] -- Up-to-date: /home/wang/hello/install/tf_broadcaster/share/tf_broadcaster/local_setup.zsh
[2.250s] -- Installing: /home/wang/hello/install/tf_broadcaster/share/tf_broadcaster/local_setup.dsv
[2.250s] -- Installing: /home/wang/hello/install/tf_broadcaster/share/tf_broadcaster/package.dsv
[2.250s] -- Up-to-date: /home/wang/hello/install/tf_broadcaster/share/ament_index/resource_index/packages/tf_broadcaster
[2.250s] -- Up-to-date: /home/wang/hello/install/tf_broadcaster/share/tf_broadcaster/cmake/tf_broadcasterConfig.cmake
[2.250s] -- Up-to-date: /home/wang/hello/install/tf_broadcaster/share/tf_broadcaster/cmake/tf_broadcasterConfig-version.cmake
[2.250s] -- Up-to-date: /home/wang/hello/install/tf_broadcaster/share/tf_broadcaster/package.xml
[2.252s] Invoked command in '/home/wang/hello/build/tf_broadcaster' returned '0': CMAKE_PREFIX_PATH=${CMAKE_PREFIX_PATH}:/opt/ros/humble /usr/bin/cmake --install /home/wang/hello/build/tf_broadcaster
