[35m[1mConsolidate compiler generated dependencies of target demo02_tf_msg_listener[0m
[35m[1mConsolidate compiler generated dependencies of target demo01_tf_listener[0m
[ 50%] Built target demo02_tf_msg_listener
[100%] Built target demo01_tf_listener
-- Install configuration: ""
-- Up-to-date: /home/wang/hello/install/tf_listener/lib/tf_listener/demo01_tf_listener
-- Up-to-date: /home/wang/hello/install/tf_listener/lib/tf_listener/demo02_tf_msg_listener
-- Up-to-date: /home/wang/hello/install/tf_listener/share/ament_index/resource_index/package_run_dependencies/tf_listener
-- Up-to-date: /home/wang/hello/install/tf_listener/share/ament_index/resource_index/parent_prefix_path/tf_listener
-- Up-to-date: /home/wang/hello/install/tf_listener/share/tf_listener/environment/ament_prefix_path.sh
-- Up-to-date: /home/wang/hello/install/tf_listener/share/tf_listener/environment/ament_prefix_path.dsv
-- Up-to-date: /home/wang/hello/install/tf_listener/share/tf_listener/environment/path.sh
-- Up-to-date: /home/wang/hello/install/tf_listener/share/tf_listener/environment/path.dsv
-- Up-to-date: /home/wang/hello/install/tf_listener/share/tf_listener/local_setup.bash
-- Up-to-date: /home/wang/hello/install/tf_listener/share/tf_listener/local_setup.sh
-- Up-to-date: /home/wang/hello/install/tf_listener/share/tf_listener/local_setup.zsh
-- Up-to-date: /home/wang/hello/install/tf_listener/share/tf_listener/local_setup.dsv
-- Installing: /home/wang/hello/install/tf_listener/share/tf_listener/package.dsv
-- Up-to-date: /home/wang/hello/install/tf_listener/share/ament_index/resource_index/packages/tf_listener
-- Up-to-date: /home/wang/hello/install/tf_listener/share/tf_listener/cmake/tf_listenerConfig.cmake
-- Up-to-date: /home/wang/hello/install/tf_listener/share/tf_listener/cmake/tf_listenerConfig-version.cmake
-- Up-to-date: /home/wang/hello/install/tf_listener/share/tf_listener/package.xml
