[0.008s] Invoking command in '/home/wang/hello/build/tf_listener': CMAKE_PREFIX_PATH=${CMAKE_PREFIX_PATH}:/opt/ros/humble /usr/bin/cmake --build /home/wang/hello/build/tf_listener -- -j16 -l16
[0.056s] [35m[1mConsolidate compiler generated dependencies of target demo02_tf_msg_listener[0m
[0.061s] [35m[1mConsolidate compiler generated dependencies of target demo01_tf_listener[0m
[0.082s] [ 50%] Built target demo02_tf_msg_listener
[0.086s] [100%] Built target demo01_tf_listener
[0.097s] Invoked command in '/home/wang/hello/build/tf_listener' returned '0': CMAKE_PREFIX_PATH=${CMAKE_PREFIX_PATH}:/opt/ros/humble /usr/bin/cmake --build /home/wang/hello/build/tf_listener -- -j16 -l16
[0.107s] Invoking command in '/home/wang/hello/build/tf_listener': CMAKE_PREFIX_PATH=${CMAKE_PREFIX_PATH}:/opt/ros/humble /usr/bin/cmake --install /home/wang/hello/build/tf_listener
[0.112s] -- Install configuration: ""
[0.113s] -- Up-to-date: /home/wang/hello/install/tf_listener/lib/tf_listener/demo01_tf_listener
[0.113s] -- Up-to-date: /home/wang/hello/install/tf_listener/lib/tf_listener/demo02_tf_msg_listener
[0.113s] -- Up-to-date: /home/wang/hello/install/tf_listener/share/ament_index/resource_index/package_run_dependencies/tf_listener
[0.113s] -- Up-to-date: /home/wang/hello/install/tf_listener/share/ament_index/resource_index/parent_prefix_path/tf_listener
[0.113s] -- Up-to-date: /home/wang/hello/install/tf_listener/share/tf_listener/environment/ament_prefix_path.sh
[0.113s] -- Up-to-date: /home/wang/hello/install/tf_listener/share/tf_listener/environment/ament_prefix_path.dsv
[0.113s] -- Up-to-date: /home/wang/hello/install/tf_listener/share/tf_listener/environment/path.sh
[0.113s] -- Up-to-date: /home/wang/hello/install/tf_listener/share/tf_listener/environment/path.dsv
[0.113s] -- Up-to-date: /home/wang/hello/install/tf_listener/share/tf_listener/local_setup.bash
[0.113s] -- Up-to-date: /home/wang/hello/install/tf_listener/share/tf_listener/local_setup.sh
[0.114s] -- Up-to-date: /home/wang/hello/install/tf_listener/share/tf_listener/local_setup.zsh
[0.114s] -- Up-to-date: /home/wang/hello/install/tf_listener/share/tf_listener/local_setup.dsv
[0.114s] -- Installing: /home/wang/hello/install/tf_listener/share/tf_listener/package.dsv
[0.115s] -- Up-to-date: /home/wang/hello/install/tf_listener/share/ament_index/resource_index/packages/tf_listener
[0.115s] -- Up-to-date: /home/wang/hello/install/tf_listener/share/tf_listener/cmake/tf_listenerConfig.cmake
[0.115s] -- Up-to-date: /home/wang/hello/install/tf_listener/share/tf_listener/cmake/tf_listenerConfig-version.cmake
[0.115s] -- Up-to-date: /home/wang/hello/install/tf_listener/share/tf_listener/package.xml
[0.115s] Invoked command in '/home/wang/hello/build/tf_listener' returned '0': CMAKE_PREFIX_PATH=${CMAKE_PREFIX_PATH}:/opt/ros/humble /usr/bin/cmake --install /home/wang/hello/build/tf_listener
