[0.007s] Invoking command in '/home/wang/hello/build/urdf': CMAKE_PREFIX_PATH=/opt/ros/humble /usr/bin/cmake /home/wang/hello/src/urdf -DCMAKE_INSTALL_PREFIX=/home/wang/hello/install/urdf
[0.109s] -- The C compiler identification is GNU 11.4.0
[0.181s] -- The CXX compiler identification is GNU 11.4.0
[0.188s] -- Detecting C compiler ABI info
[0.276s] -- Detecting C compiler ABI info - done
[0.281s] -- Check for working C compiler: /usr/bin/cc - skipped
[0.282s] -- Detecting C compile features
[0.282s] -- Detecting C compile features - done
[0.284s] -- Detecting CXX compiler ABI info
[0.368s] -- Detecting CXX compiler ABI info - done
[0.373s] -- Check for working CXX compiler: /usr/bin/c++ - skipped
[0.373s] -- Detecting CXX compile features
[0.374s] -- Detecting CXX compile features - done
[0.376s] -- Found ament_cmake: 1.3.9 (/opt/ros/humble/share/ament_cmake/cmake)
[0.543s] -- Found Python3: /usr/bin/python3 (found version "3.10.12") found components: Interpreter 
[0.608s] -- Found ament_lint_auto: 0.12.11 (/opt/ros/humble/share/ament_lint_auto/cmake)
[0.675s] -- Added test 'flake8' to check Python code syntax and style conventions
[0.675s] -- Added test 'lint_cmake' to check CMake code style
[0.676s] -- Added test 'pep257' to check Python code against some of the docstring style conventions in PEP 257
[0.677s] -- Added test 'xmllint' to check XML markup files
[0.678s] -- Configuring done
[0.679s] -- Generating done
[0.680s] -- Build files have been written to: /home/wang/hello/build/urdf
[0.683s] Invoked command in '/home/wang/hello/build/urdf' returned '0': CMAKE_PREFIX_PATH=/opt/ros/humble /usr/bin/cmake /home/wang/hello/src/urdf -DCMAKE_INSTALL_PREFIX=/home/wang/hello/install/urdf
[0.684s] Invoking command in '/home/wang/hello/build/urdf': CMAKE_PREFIX_PATH=/opt/ros/humble /usr/bin/cmake --build /home/wang/hello/build/urdf -- -j16 -l16
[0.726s] Invoked command in '/home/wang/hello/build/urdf' returned '0': CMAKE_PREFIX_PATH=/opt/ros/humble /usr/bin/cmake --build /home/wang/hello/build/urdf -- -j16 -l16
[0.764s] Invoking command in '/home/wang/hello/build/urdf': CMAKE_PREFIX_PATH=/opt/ros/humble /usr/bin/cmake --install /home/wang/hello/build/urdf
[0.772s] -- Install configuration: ""
[0.772s] -- Installing: /home/wang/hello/install/urdf/share/urdf/launch
[0.772s] -- Installing: /home/wang/hello/install/urdf/share/urdf/launch/display.launch.py
[0.772s] -- Installing: /home/wang/hello/install/urdf/share/urdf/urdf
[0.772s] -- Installing: /home/wang/hello/install/urdf/share/urdf/urdf/xacro
[0.772s] -- Installing: /home/wang/hello/install/urdf/share/urdf/urdf/urdf
[0.772s] -- Installing: /home/wang/hello/install/urdf/share/urdf/urdf/urdf/helloworld.urdf
[0.772s] -- Installing: /home/wang/hello/install/urdf/share/urdf/rviz
[0.772s] -- Installing: /home/wang/hello/install/urdf/share/urdf/meshes
[0.772s] -- Installing: /home/wang/hello/install/urdf/share/ament_index/resource_index/package_run_dependencies/urdf
[0.773s] -- Installing: /home/wang/hello/install/urdf/share/ament_index/resource_index/parent_prefix_path/urdf
[0.773s] -- Installing: /home/wang/hello/install/urdf/share/urdf/environment/ament_prefix_path.sh
[0.773s] -- Installing: /home/wang/hello/install/urdf/share/urdf/environment/ament_prefix_path.dsv
[0.773s] -- Installing: /home/wang/hello/install/urdf/share/urdf/environment/path.sh
[0.773s] -- Installing: /home/wang/hello/install/urdf/share/urdf/environment/path.dsv
[0.773s] -- Installing: /home/wang/hello/install/urdf/share/urdf/local_setup.bash
[0.773s] -- Installing: /home/wang/hello/install/urdf/share/urdf/local_setup.sh
[0.773s] -- Installing: /home/wang/hello/install/urdf/share/urdf/local_setup.zsh
[0.773s] -- Installing: /home/wang/hello/install/urdf/share/urdf/local_setup.dsv
[0.774s] -- Installing: /home/wang/hello/install/urdf/share/urdf/package.dsv
[0.774s] -- Installing: /home/wang/hello/install/urdf/share/ament_index/resource_index/packages/urdf
[0.774s] -- Installing: /home/wang/hello/install/urdf/share/urdf/cmake/urdfConfig.cmake
[0.774s] -- Installing: /home/wang/hello/install/urdf/share/urdf/cmake/urdfConfig-version.cmake
[0.774s] -- Installing: /home/wang/hello/install/urdf/share/urdf/package.xml
[0.776s] Invoked command in '/home/wang/hello/build/urdf' returned '0': CMAKE_PREFIX_PATH=/opt/ros/humble /usr/bin/cmake --install /home/wang/hello/build/urdf
