[0.008s] Invoking command in '/home/wang/hello/build/param': CMAKE_PREFIX_PATH=${CMAKE_PREFIX_PATH}:/opt/ros/humble /usr/bin/cmake --build /home/wang/hello/build/param -- -j16 -l16
[0.057s] [35m[1mConsolidate compiler generated dependencies of target demo02_param_client[0m
[0.073s] [ 50%] Built target demo_param
[0.078s] [ 75%] [32mBuilding CXX object CMakeFiles/demo02_param_client.dir/src/demo02_param_client.cpp.o[0m
[2.003s] [100%] [32m[1mLinking CXX executable demo02_param_client[0m
[2.098s] [100%] Built target demo02_param_client
[2.110s] Invoked command in '/home/wang/hello/build/param' returned '0': CMAKE_PREFIX_PATH=${CMAKE_PREFIX_PATH}:/opt/ros/humble /usr/bin/cmake --build /home/wang/hello/build/param -- -j16 -l16
[2.168s] Invoking command in '/home/wang/hello/build/param': CMAKE_PREFIX_PATH=${CMAKE_PREFIX_PATH}:/opt/ros/humble /usr/bin/cmake --install /home/wang/hello/build/param
[2.173s] -- Install configuration: ""
[2.173s] -- Up-to-date: /home/wang/hello/install/param/lib/param/demo_param
[2.173s] -- Installing: /home/wang/hello/install/param/lib/param/demo02_param_client
[2.174s] -- Set runtime path of "/home/wang/hello/install/param/lib/param/demo02_param_client" to ""
[2.174s] -- Up-to-date: /home/wang/hello/install/param/share/ament_index/resource_index/package_run_dependencies/param
[2.174s] -- Installing: /home/wang/hello/install/param/share/ament_index/resource_index/parent_prefix_path/param
[2.174s] -- Up-to-date: /home/wang/hello/install/param/share/param/environment/ament_prefix_path.sh
[2.174s] -- Installing: /home/wang/hello/install/param/share/param/environment/ament_prefix_path.dsv
[2.174s] -- Up-to-date: /home/wang/hello/install/param/share/param/environment/path.sh
[2.174s] -- Installing: /home/wang/hello/install/param/share/param/environment/path.dsv
[2.174s] -- Up-to-date: /home/wang/hello/install/param/share/param/local_setup.bash
[2.174s] -- Up-to-date: /home/wang/hello/install/param/share/param/local_setup.sh
[2.175s] -- Up-to-date: /home/wang/hello/install/param/share/param/local_setup.zsh
[2.175s] -- Installing: /home/wang/hello/install/param/share/param/local_setup.dsv
[2.175s] -- Installing: /home/wang/hello/install/param/share/param/package.dsv
[2.175s] -- Up-to-date: /home/wang/hello/install/param/share/ament_index/resource_index/packages/param
[2.176s] -- Up-to-date: /home/wang/hello/install/param/share/param/cmake/paramConfig.cmake
[2.176s] -- Up-to-date: /home/wang/hello/install/param/share/param/cmake/paramConfig-version.cmake
[2.176s] -- Up-to-date: /home/wang/hello/install/param/share/param/package.xml
[2.176s] Invoked command in '/home/wang/hello/build/param' returned '0': CMAKE_PREFIX_PATH=${CMAKE_PREFIX_PATH}:/opt/ros/humble /usr/bin/cmake --install /home/wang/hello/build/param
