-- The C compiler identification is GNU 11.4.0
-- The CXX compiler identification is GNU 11.4.0
-- Detecting C compiler ABI info
-- Detecting C compiler ABI info - done
-- Check for working C compiler: /usr/bin/cc - skipped
-- Detecting C compile features
-- Detecting C compile features - done
-- Detecting CXX compiler ABI info
-- Detecting CXX compiler ABI info - done
-- Check for working CXX compiler: /usr/bin/c++ - skipped
-- Detecting CXX compile features
-- Detecting CXX compile features - done
-- Found ament_cmake: 1.3.9 (/opt/ros/humble/share/ament_cmake/cmake)
-- Found Python3: /usr/bin/python3 (found version "3.10.12") found components: Interpreter 
-- Found ament_cmake_ros: 0.10.0 (/opt/ros/humble/share/ament_cmake_ros/cmake)
-- Found pluginlib: 5.1.0 (/opt/ros/humble/share/pluginlib/cmake)
-- Found polygon_base: 0.0.0 (/home/wang/hello/install/polygon_base/share/polygon_base/cmake)
-- Found ament_lint_auto: 0.12.11 (/opt/ros/humble/share/ament_lint_auto/cmake)
-- Added test 'cppcheck' to perform static code analysis on C / C++ code
-- Configured cppcheck include dirs: $<BUILD_INTERFACE:/home/wang/hello/src/polygon_plugins/include>
-- Configured cppcheck exclude dirs and/or files: 
-- Added test 'lint_cmake' to check CMake code style
-- Added test 'uncrustify' to check C / C++ code style
-- Configured uncrustify additional arguments: 
-- Added test 'xmllint' to check XML markup files
-- Configuring done
-- Generating done
-- Build files have been written to: /home/wang/hello/build/polygon_plugins
[ 50%] [32mBuilding CXX object CMakeFiles/polygon_plugins.dir/src/polygon_plugins.cpp.o[0m
[100%] [32m[1mLinking CXX shared library libpolygon_plugins.so[0m
[100%] Built target polygon_plugins
-- Install configuration: ""
-- Installing: /home/wang/hello/install/polygon_plugins/include
-- Installing: /home/wang/hello/install/polygon_plugins/include/polygon_plugins
-- Installing: /home/wang/hello/install/polygon_plugins/include/polygon_plugins/visibility_control.h
-- Installing: /home/wang/hello/install/polygon_plugins/include/polygon_plugins/polygon_plugins.hpp
-- Installing: /home/wang/hello/install/polygon_plugins/lib/libpolygon_plugins.so
-- Set runtime path of "/home/wang/hello/install/polygon_plugins/lib/libpolygon_plugins.so" to ""
-- Installing: /home/wang/hello/install/polygon_plugins/share/polygon_plugins/environment/library_path.sh
-- Installing: /home/wang/hello/install/polygon_plugins/share/polygon_plugins/environment/library_path.dsv
-- Installing: /home/wang/hello/install/polygon_plugins/share/ament_index/resource_index/package_run_dependencies/polygon_plugins
-- Installing: /home/wang/hello/install/polygon_plugins/share/ament_index/resource_index/parent_prefix_path/polygon_plugins
-- Installing: /home/wang/hello/install/polygon_plugins/share/polygon_plugins/environment/ament_prefix_path.sh
-- Installing: /home/wang/hello/install/polygon_plugins/share/polygon_plugins/environment/ament_prefix_path.dsv
-- Installing: /home/wang/hello/install/polygon_plugins/share/polygon_plugins/environment/path.sh
-- Installing: /home/wang/hello/install/polygon_plugins/share/polygon_plugins/environment/path.dsv
-- Installing: /home/wang/hello/install/polygon_plugins/share/polygon_plugins/local_setup.bash
-- Installing: /home/wang/hello/install/polygon_plugins/share/polygon_plugins/local_setup.sh
-- Installing: /home/wang/hello/install/polygon_plugins/share/polygon_plugins/local_setup.zsh
-- Installing: /home/wang/hello/install/polygon_plugins/share/polygon_plugins/local_setup.dsv
-- Installing: /home/wang/hello/install/polygon_plugins/share/polygon_plugins/package.dsv
-- Installing: /home/wang/hello/install/polygon_plugins/share/ament_index/resource_index/packages/polygon_plugins
-- Installing: /home/wang/hello/install/polygon_plugins/share/polygon_plugins/cmake/export_polygon_pluginsExport.cmake
-- Installing: /home/wang/hello/install/polygon_plugins/share/polygon_plugins/cmake/export_polygon_pluginsExport-noconfig.cmake
-- Installing: /home/wang/hello/install/polygon_plugins/share/polygon_plugins/cmake/ament_cmake_export_include_directories-extras.cmake
-- Installing: /home/wang/hello/install/polygon_plugins/share/polygon_plugins/cmake/ament_cmake_export_libraries-extras.cmake
-- Installing: /home/wang/hello/install/polygon_plugins/share/polygon_plugins/cmake/ament_cmake_export_targets-extras.cmake
-- Installing: /home/wang/hello/install/polygon_plugins/share/polygon_plugins/cmake/polygon_pluginsConfig.cmake
-- Installing: /home/wang/hello/install/polygon_plugins/share/polygon_plugins/cmake/polygon_pluginsConfig-version.cmake
-- Installing: /home/wang/hello/install/polygon_plugins/share/polygon_plugins/package.xml
