[0.005s] Invoking command in '/home/wang/hello/build/polygon_plugins': AMENT_PREFIX_PATH=/home/wang/hello/install/polygon_base:${AMENT_PREFIX_PATH} CMAKE_PREFIX_PATH=/home/wang/hello/install/polygon_base:/opt/ros/humble /usr/bin/cmake /home/wang/hello/src/polygon_plugins -DCMAKE_INSTALL_PREFIX=/home/wang/hello/install/polygon_plugins
[0.049s] -- The C compiler identification is GNU 11.4.0
[0.090s] -- The CXX compiler identification is GNU 11.4.0
[0.095s] -- Detecting C compiler ABI info
[0.153s] -- Detecting C compiler ABI info - done
[0.158s] -- Check for working C compiler: /usr/bin/cc - skipped
[0.158s] -- Detecting C compile features
[0.158s] -- Detecting C compile features - done
[0.160s] -- Detecting CXX compiler ABI info
[0.220s] -- Detecting CXX compiler ABI info - done
[0.226s] -- Check for working CXX compiler: /usr/bin/c++ - skipped
[0.226s] -- Detecting CXX compile features
[0.227s] -- Detecting CXX compile features - done
[0.228s] -- Found ament_cmake: 1.3.9 (/opt/ros/humble/share/ament_cmake/cmake)
[0.339s] -- Found Python3: /usr/bin/python3 (found version "3.10.12") found components: Interpreter 
[0.397s] -- Found ament_cmake_ros: 0.10.0 (/opt/ros/humble/share/ament_cmake_ros/cmake)
[0.403s] -- Found pluginlib: 5.1.0 (/opt/ros/humble/share/pluginlib/cmake)
[0.426s] -- Found polygon_base: 0.0.0 (/home/wang/hello/install/polygon_base/share/polygon_base/cmake)
[0.428s] -- Found ament_lint_auto: 0.12.11 (/opt/ros/humble/share/ament_lint_auto/cmake)
[0.477s] -- Added test 'cppcheck' to perform static code analysis on C / C++ code
[0.477s] -- Configured cppcheck include dirs: $<BUILD_INTERFACE:/home/wang/hello/src/polygon_plugins/include>
[0.477s] -- Configured cppcheck exclude dirs and/or files: 
[0.477s] -- Added test 'lint_cmake' to check CMake code style
[0.478s] -- Added test 'uncrustify' to check C / C++ code style
[0.478s] -- Configured uncrustify additional arguments: 
[0.478s] -- Added test 'xmllint' to check XML markup files
[0.480s] -- Configuring done
[0.482s] -- Generating done
[0.483s] -- Build files have been written to: /home/wang/hello/build/polygon_plugins
[0.487s] Invoked command in '/home/wang/hello/build/polygon_plugins' returned '0': AMENT_PREFIX_PATH=/home/wang/hello/install/polygon_base:${AMENT_PREFIX_PATH} CMAKE_PREFIX_PATH=/home/wang/hello/install/polygon_base:/opt/ros/humble /usr/bin/cmake /home/wang/hello/src/polygon_plugins -DCMAKE_INSTALL_PREFIX=/home/wang/hello/install/polygon_plugins
[0.488s] Invoking command in '/home/wang/hello/build/polygon_plugins': AMENT_PREFIX_PATH=/home/wang/hello/install/polygon_base:${AMENT_PREFIX_PATH} CMAKE_PREFIX_PATH=/home/wang/hello/install/polygon_base:/opt/ros/humble /usr/bin/cmake --build /home/wang/hello/build/polygon_plugins -- -j16 -l16
[0.535s] [ 50%] [32mBuilding CXX object CMakeFiles/polygon_plugins.dir/src/polygon_plugins.cpp.o[0m
[0.922s] [100%] [32m[1mLinking CXX shared library libpolygon_plugins.so[0m
[0.982s] [100%] Built target polygon_plugins
[0.990s] Invoked command in '/home/wang/hello/build/polygon_plugins' returned '0': AMENT_PREFIX_PATH=/home/wang/hello/install/polygon_base:${AMENT_PREFIX_PATH} CMAKE_PREFIX_PATH=/home/wang/hello/install/polygon_base:/opt/ros/humble /usr/bin/cmake --build /home/wang/hello/build/polygon_plugins -- -j16 -l16
[1.010s] Invoking command in '/home/wang/hello/build/polygon_plugins': AMENT_PREFIX_PATH=/home/wang/hello/install/polygon_base:${AMENT_PREFIX_PATH} CMAKE_PREFIX_PATH=/home/wang/hello/install/polygon_base:/opt/ros/humble /usr/bin/cmake --install /home/wang/hello/build/polygon_plugins
[1.017s] -- Install configuration: ""
[1.017s] -- Installing: /home/wang/hello/install/polygon_plugins/include
[1.017s] -- Installing: /home/wang/hello/install/polygon_plugins/include/polygon_plugins
[1.017s] -- Installing: /home/wang/hello/install/polygon_plugins/include/polygon_plugins/visibility_control.h
[1.017s] -- Installing: /home/wang/hello/install/polygon_plugins/include/polygon_plugins/polygon_plugins.hpp
[1.017s] -- Installing: /home/wang/hello/install/polygon_plugins/lib/libpolygon_plugins.so
[1.017s] -- Set runtime path of "/home/wang/hello/install/polygon_plugins/lib/libpolygon_plugins.so" to ""
[1.017s] -- Installing: /home/wang/hello/install/polygon_plugins/share/polygon_plugins/environment/library_path.sh
[1.018s] -- Installing: /home/wang/hello/install/polygon_plugins/share/polygon_plugins/environment/library_path.dsv
[1.018s] -- Installing: /home/wang/hello/install/polygon_plugins/share/ament_index/resource_index/package_run_dependencies/polygon_plugins
[1.018s] -- Installing: /home/wang/hello/install/polygon_plugins/share/ament_index/resource_index/parent_prefix_path/polygon_plugins
[1.018s] -- Installing: /home/wang/hello/install/polygon_plugins/share/polygon_plugins/environment/ament_prefix_path.sh
[1.018s] -- Installing: /home/wang/hello/install/polygon_plugins/share/polygon_plugins/environment/ament_prefix_path.dsv
[1.018s] -- Installing: /home/wang/hello/install/polygon_plugins/share/polygon_plugins/environment/path.sh
[1.018s] -- Installing: /home/wang/hello/install/polygon_plugins/share/polygon_plugins/environment/path.dsv
[1.018s] -- Installing: /home/wang/hello/install/polygon_plugins/share/polygon_plugins/local_setup.bash
[1.018s] -- Installing: /home/wang/hello/install/polygon_plugins/share/polygon_plugins/local_setup.sh
[1.018s] -- Installing: /home/wang/hello/install/polygon_plugins/share/polygon_plugins/local_setup.zsh
[1.018s] -- Installing: /home/wang/hello/install/polygon_plugins/share/polygon_plugins/local_setup.dsv
[1.019s] -- Installing: /home/wang/hello/install/polygon_plugins/share/polygon_plugins/package.dsv
[1.019s] -- Installing: /home/wang/hello/install/polygon_plugins/share/ament_index/resource_index/packages/polygon_plugins
[1.019s] -- Installing: /home/wang/hello/install/polygon_plugins/share/polygon_plugins/cmake/export_polygon_pluginsExport.cmake
[1.019s] -- Installing: /home/wang/hello/install/polygon_plugins/share/polygon_plugins/cmake/export_polygon_pluginsExport-noconfig.cmake
[1.019s] -- Installing: /home/wang/hello/install/polygon_plugins/share/polygon_plugins/cmake/ament_cmake_export_include_directories-extras.cmake
[1.019s] -- Installing: /home/wang/hello/install/polygon_plugins/share/polygon_plugins/cmake/ament_cmake_export_libraries-extras.cmake
[1.020s] -- Installing: /home/wang/hello/install/polygon_plugins/share/polygon_plugins/cmake/ament_cmake_export_targets-extras.cmake
[1.020s] -- Installing: /home/wang/hello/install/polygon_plugins/share/polygon_plugins/cmake/polygon_pluginsConfig.cmake
[1.020s] -- Installing: /home/wang/hello/install/polygon_plugins/share/polygon_plugins/cmake/polygon_pluginsConfig-version.cmake
[1.020s] -- Installing: /home/wang/hello/install/polygon_plugins/share/polygon_plugins/package.xml
[1.020s] Invoked command in '/home/wang/hello/build/polygon_plugins' returned '0': AMENT_PREFIX_PATH=/home/wang/hello/install/polygon_base:${AMENT_PREFIX_PATH} CMAKE_PREFIX_PATH=/home/wang/hello/install/polygon_base:/opt/ros/humble /usr/bin/cmake --install /home/wang/hello/build/polygon_plugins
