[0.007s] Invoking command in '/home/wang/hello/build/param': CMAKE_PREFIX_PATH=${CMAKE_PREFIX_PATH}:/opt/ros/humble /usr/bin/cmake --build /home/wang/hello/build/param -- -j16 -l16
[0.056s] [35m[1mConsolidate compiler generated dependencies of target demo_param[0m
[0.073s] [ 50%] [32mBuilding CXX object CMakeFiles/demo_param.dir/src/demo_param.cpp.o[0m
[1.827s] [100%] [32m[1mLinking CXX executable demo_param[0m
[1.905s] [100%] Built target demo_param
[1.913s] Invoked command in '/home/wang/hello/build/param' returned '0': CMAKE_PREFIX_PATH=${CMAKE_PREFIX_PATH}:/opt/ros/humble /usr/bin/cmake --build /home/wang/hello/build/param -- -j16 -l16
[1.949s] Invoking command in '/home/wang/hello/build/param': CMAKE_PREFIX_PATH=${CMAKE_PREFIX_PATH}:/opt/ros/humble /usr/bin/cmake --install /home/wang/hello/build/param
[1.959s] -- Install configuration: ""
[1.959s] -- Installing: /home/wang/hello/install/param/lib/param/demo_param
[1.959s] -- Set runtime path of "/home/wang/hello/install/param/lib/param/demo_param" to ""
[1.960s] -- Up-to-date: /home/wang/hello/install/param/share/ament_index/resource_index/package_run_dependencies/param
[1.960s] -- Up-to-date: /home/wang/hello/install/param/share/ament_index/resource_index/parent_prefix_path/param
[1.960s] -- Up-to-date: /home/wang/hello/install/param/share/param/environment/ament_prefix_path.sh
[1.960s] -- Up-to-date: /home/wang/hello/install/param/share/param/environment/ament_prefix_path.dsv
[1.960s] -- Up-to-date: /home/wang/hello/install/param/share/param/environment/path.sh
[1.960s] -- Up-to-date: /home/wang/hello/install/param/share/param/environment/path.dsv
[1.960s] -- Up-to-date: /home/wang/hello/install/param/share/param/local_setup.bash
[1.960s] -- Up-to-date: /home/wang/hello/install/param/share/param/local_setup.sh
[1.960s] -- Up-to-date: /home/wang/hello/install/param/share/param/local_setup.zsh
[1.960s] -- Up-to-date: /home/wang/hello/install/param/share/param/local_setup.dsv
[1.961s] -- Installing: /home/wang/hello/install/param/share/param/package.dsv
[1.961s] -- Up-to-date: /home/wang/hello/install/param/share/ament_index/resource_index/packages/param
[1.961s] -- Up-to-date: /home/wang/hello/install/param/share/param/cmake/paramConfig.cmake
[1.961s] -- Up-to-date: /home/wang/hello/install/param/share/param/cmake/paramConfig-version.cmake
[1.961s] -- Up-to-date: /home/wang/hello/install/param/share/param/package.xml
[1.962s] Invoked command in '/home/wang/hello/build/param' returned '0': CMAKE_PREFIX_PATH=${CMAKE_PREFIX_PATH}:/opt/ros/humble /usr/bin/cmake --install /home/wang/hello/build/param
