-- Found ament_cmake: 1.3.11 (/opt/ros/humble/share/ament_cmake/cmake)
-- Found rclcpp: 16.0.11 (/opt/ros/humble/share/rclcpp/cmake)
-- Found rosidl_generator_c: 3.1.6 (/opt/ros/humble/share/rosidl_generator_c/cmake)
-- Found rosidl_adapter: 3.1.6 (/opt/ros/humble/share/rosidl_adapter/cmake)
-- Found rosidl_generator_cpp: 3.1.6 (/opt/ros/humble/share/rosidl_generator_cpp/cmake)
-- Using all available rosidl_typesupport_c: rosidl_typesupport_fastrtps_c;rosidl_typesupport_introspection_c
-- Using all available rosidl_typesupport_cpp: rosidl_typesupport_fastrtps_cpp;rosidl_typesupport_introspection_cpp
-- Found rmw_implementation_cmake: 6.1.2 (/opt/ros/humble/share/rmw_implementation_cmake/cmake)
-- Found rmw_fastrtps_cpp: 6.2.7 (/opt/ros/humble/share/rmw_fastrtps_cpp/cmake)
-- Using RMW implementation 'rmw_fastrtps_cpp' as default
-- Found tf2: 0.25.12 (/opt/ros/humble/share/tf2/cmake)
-- Found tf2_ros: 0.25.12 (/opt/ros/humble/share/tf2_ros/cmake)
-- Found ament_lint_auto: 0.12.11 (/opt/ros/humble/share/ament_lint_auto/cmake)
-- Added test 'cppcheck' to perform static code analysis on C / C++ code
-- Configured cppcheck include dirs: $<BUILD_INTERFACE:/home/wang/hello/src/tf_listener/include>
-- Configured cppcheck exclude dirs and/or files: 
-- Added test 'lint_cmake' to check CMake code style
-- Added test 'uncrustify' to check C / C++ code style
-- Configured uncrustify additional arguments: 
-- Added test 'xmllint' to check XML markup files
-- Configuring done
-- Generating done
-- Build files have been written to: /home/wang/hello/build/tf_listener
[ 50%] [32mBuilding CXX object CMakeFiles/demo01_tf_listener.dir/src/demo01_tf_listener.cpp.o[0m
[100%] [32m[1mLinking CXX executable demo01_tf_listener[0m
[100%] Built target demo01_tf_listener
-- Install configuration: ""
-- Installing: /home/wang/hello/install/tf_listener/lib/tf_listener/demo01_tf_listener
-- Set runtime path of "/home/wang/hello/install/tf_listener/lib/tf_listener/demo01_tf_listener" to ""
-- Up-to-date: /home/wang/hello/install/tf_listener/share/ament_index/resource_index/package_run_dependencies/tf_listener
-- Installing: /home/wang/hello/install/tf_listener/share/ament_index/resource_index/parent_prefix_path/tf_listener
-- Up-to-date: /home/wang/hello/install/tf_listener/share/tf_listener/environment/ament_prefix_path.sh
-- Installing: /home/wang/hello/install/tf_listener/share/tf_listener/environment/ament_prefix_path.dsv
-- Up-to-date: /home/wang/hello/install/tf_listener/share/tf_listener/environment/path.sh
-- Installing: /home/wang/hello/install/tf_listener/share/tf_listener/environment/path.dsv
-- Up-to-date: /home/wang/hello/install/tf_listener/share/tf_listener/local_setup.bash
-- Up-to-date: /home/wang/hello/install/tf_listener/share/tf_listener/local_setup.sh
-- Up-to-date: /home/wang/hello/install/tf_listener/share/tf_listener/local_setup.zsh
-- Installing: /home/wang/hello/install/tf_listener/share/tf_listener/local_setup.dsv
-- Installing: /home/wang/hello/install/tf_listener/share/tf_listener/package.dsv
-- Up-to-date: /home/wang/hello/install/tf_listener/share/ament_index/resource_index/packages/tf_listener
-- Up-to-date: /home/wang/hello/install/tf_listener/share/tf_listener/cmake/tf_listenerConfig.cmake
-- Up-to-date: /home/wang/hello/install/tf_listener/share/tf_listener/cmake/tf_listenerConfig-version.cmake
-- Up-to-date: /home/wang/hello/install/tf_listener/share/tf_listener/package.xml
