[0.009s] Invoking command in '/home/wang/hello/build/action': CMAKE_PREFIX_PATH=/home/wang/hello/install/base_interfaces_demo:/home/wang/hello/install/action:/home/wang/hello/install/topic:/home/wang/hello/install/service:/opt/ros/humble /usr/bin/cmake --build /home/wang/hello/build/action -- -j16 -l16
[0.024s] -- Found ament_cmake: 1.3.9 (/opt/ros/humble/share/ament_cmake/cmake)
[0.111s] -- Found rclcpp: 16.0.9 (/opt/ros/humble/share/rclcpp/cmake)
[0.130s] -- Found rosidl_generator_c: 3.1.5 (/opt/ros/humble/share/rosidl_generator_c/cmake)
[0.131s] -- Found rosidl_adapter: 3.1.5 (/opt/ros/humble/share/rosidl_adapter/cmake)
[0.135s] -- Found rosidl_generator_cpp: 3.1.5 (/opt/ros/humble/share/rosidl_generator_cpp/cmake)
[0.142s] -- Using all available rosidl_typesupport_c: rosidl_typesupport_fastrtps_c;rosidl_typesupport_introspection_c
[0.152s] -- Using all available rosidl_typesupport_cpp: rosidl_typesupport_fastrtps_cpp;rosidl_typesupport_introspection_cpp
[0.190s] -- Found rmw_implementation_cmake: 6.1.2 (/opt/ros/humble/share/rmw_implementation_cmake/cmake)
[0.191s] -- Found rmw_fastrtps_cpp: 6.2.6 (/opt/ros/humble/share/rmw_fastrtps_cpp/cmake)
[0.265s] -- Using RMW implementation 'rmw_fastrtps_cpp' as default
[0.367s] -- Found rclcpp_action: 16.0.9 (/opt/ros/humble/share/rclcpp_action/cmake)
[0.426s] -- Found base_interfaces_demo: 0.0.0 (/home/wang/hello/install/base_interfaces_demo/share/base_interfaces_demo/cmake)
[0.460s] -- Found ament_lint_auto: 0.12.11 (/opt/ros/humble/share/ament_lint_auto/cmake)
[0.504s] -- Added test 'cppcheck' to perform static code analysis on C / C++ code
[0.504s] -- Configured cppcheck include dirs: $<BUILD_INTERFACE:/home/wang/hello/src/action/include>
[0.505s] -- Configured cppcheck exclude dirs and/or files: 
[0.505s] -- Added test 'lint_cmake' to check CMake code style
[0.505s] -- Added test 'uncrustify' to check C / C++ code style
[0.505s] -- Configured uncrustify additional arguments: 
[0.505s] -- Added test 'xmllint' to check XML markup files
[0.506s] -- Configuring done
[0.513s] -- Generating done
[0.514s] -- Build files have been written to: /home/wang/hello/build/action
[0.531s] [35m[1mConsolidate compiler generated dependencies of target demo01_server[0m
[0.537s] [ 25%] [32mBuilding CXX object CMakeFiles/demo02_client.dir/src/demo02_client.cpp.o[0m
[0.543s] [ 50%] [32mBuilding CXX object CMakeFiles/demo01_server.dir/src/demo01_server.cpp.o[0m
[2.313s] [ 75%] [32m[1mLinking CXX executable demo02_client[0m
[2.383s] [ 75%] Built target demo02_client
[2.868s] [100%] [32m[1mLinking CXX executable demo01_server[0m
[2.973s] [100%] Built target demo01_server
[2.981s] Invoked command in '/home/wang/hello/build/action' returned '0': CMAKE_PREFIX_PATH=/home/wang/hello/install/base_interfaces_demo:/home/wang/hello/install/action:/home/wang/hello/install/topic:/home/wang/hello/install/service:/opt/ros/humble /usr/bin/cmake --build /home/wang/hello/build/action -- -j16 -l16
[3.021s] Invoking command in '/home/wang/hello/build/action': CMAKE_PREFIX_PATH=/home/wang/hello/install/base_interfaces_demo:/home/wang/hello/install/action:/home/wang/hello/install/topic:/home/wang/hello/install/service:/opt/ros/humble /usr/bin/cmake --install /home/wang/hello/build/action
[3.030s] -- Install configuration: ""
[3.030s] -- Installing: /home/wang/hello/install/action/lib/action/demo01_server
[3.031s] -- Set runtime path of "/home/wang/hello/install/action/lib/action/demo01_server" to ""
[3.031s] -- Installing: /home/wang/hello/install/action/lib/action/demo02_client
[3.031s] -- Set runtime path of "/home/wang/hello/install/action/lib/action/demo02_client" to ""
[3.032s] -- Up-to-date: /home/wang/hello/install/action/share/ament_index/resource_index/package_run_dependencies/action
[3.032s] -- Installing: /home/wang/hello/install/action/share/ament_index/resource_index/parent_prefix_path/action
[3.032s] -- Up-to-date: /home/wang/hello/install/action/share/action/environment/ament_prefix_path.sh
[3.032s] -- Installing: /home/wang/hello/install/action/share/action/environment/ament_prefix_path.dsv
[3.032s] -- Up-to-date: /home/wang/hello/install/action/share/action/environment/path.sh
[3.033s] -- Installing: /home/wang/hello/install/action/share/action/environment/path.dsv
[3.033s] -- Up-to-date: /home/wang/hello/install/action/share/action/local_setup.bash
[3.033s] -- Up-to-date: /home/wang/hello/install/action/share/action/local_setup.sh
[3.033s] -- Up-to-date: /home/wang/hello/install/action/share/action/local_setup.zsh
[3.033s] -- Installing: /home/wang/hello/install/action/share/action/local_setup.dsv
[3.033s] -- Installing: /home/wang/hello/install/action/share/action/package.dsv
[3.034s] -- Up-to-date: /home/wang/hello/install/action/share/ament_index/resource_index/packages/action
[3.035s] -- Up-to-date: /home/wang/hello/install/action/share/action/cmake/actionConfig.cmake
[3.035s] -- Up-to-date: /home/wang/hello/install/action/share/action/cmake/actionConfig-version.cmake
[3.035s] -- Up-to-date: /home/wang/hello/install/action/share/action/package.xml
[3.035s] Invoked command in '/home/wang/hello/build/action' returned '0': CMAKE_PREFIX_PATH=/home/wang/hello/install/base_interfaces_demo:/home/wang/hello/install/action:/home/wang/hello/install/topic:/home/wang/hello/install/service:/opt/ros/humble /usr/bin/cmake --install /home/wang/hello/build/action
