[0.037s] Invoking command in '/home/wang/hello/build/action': CMAKE_PREFIX_PATH=/home/wang/hello/install/base_interfaces_demo:/home/wang/hello/install/topic:/home/wang/hello/install/service:/opt/ros/humble /usr/bin/cmake /home/wang/hello/src/action -DCMAKE_INSTALL_PREFIX=/home/wang/hello/install/action
[0.096s] -- The C compiler identification is GNU 11.4.0
[0.142s] -- The CXX compiler identification is GNU 11.4.0
[0.148s] -- Detecting C compiler ABI info
[0.199s] -- Detecting C compiler ABI info - done
[0.204s] -- Check for working C compiler: /usr/bin/cc - skipped
[0.205s] -- Detecting C compile features
[0.205s] -- Detecting C compile features - done
[0.208s] -- Detecting CXX compiler ABI info
[0.276s] -- Detecting CXX compiler ABI info - done
[0.281s] -- Check for working CXX compiler: /usr/bin/c++ - skipped
[0.281s] -- Detecting CXX compile features
[0.281s] -- Detecting CXX compile features - done
[0.282s] -- Found ament_cmake: 1.3.9 (/opt/ros/humble/share/ament_cmake/cmake)
[0.393s] -- Found Python3: /usr/bin/python3 (found version "3.10.12") found components: Interpreter 
[0.451s] -- Found rclcpp: 16.0.9 (/opt/ros/humble/share/rclcpp/cmake)
[0.479s] -- Found rosidl_generator_c: 3.1.5 (/opt/ros/humble/share/rosidl_generator_c/cmake)
[0.482s] -- Found rosidl_adapter: 3.1.5 (/opt/ros/humble/share/rosidl_adapter/cmake)
[0.487s] -- Found rosidl_generator_cpp: 3.1.5 (/opt/ros/humble/share/rosidl_generator_cpp/cmake)
[0.496s] -- Using all available rosidl_typesupport_c: rosidl_typesupport_fastrtps_c;rosidl_typesupport_introspection_c
[0.508s] -- Using all available rosidl_typesupport_cpp: rosidl_typesupport_fastrtps_cpp;rosidl_typesupport_introspection_cpp
[0.559s] -- Found rmw_implementation_cmake: 6.1.2 (/opt/ros/humble/share/rmw_implementation_cmake/cmake)
[0.561s] -- Found rmw_fastrtps_cpp: 6.2.6 (/opt/ros/humble/share/rmw_fastrtps_cpp/cmake)
[0.627s] -- Found OpenSSL: /usr/lib/x86_64-linux-gnu/libcrypto.so (found version "3.0.2")  
[0.646s] -- Found FastRTPS: /opt/ros/humble/include  
[0.675s] -- Using RMW implementation 'rmw_fastrtps_cpp' as default
[0.682s] -- Looking for pthread.h
[0.741s] -- Looking for pthread.h - found
[0.742s] -- Performing Test CMAKE_HAVE_LIBC_PTHREAD
[0.786s] -- Performing Test CMAKE_HAVE_LIBC_PTHREAD - Success
[0.787s] -- Found Threads: TRUE  
[0.900s] -- Found base_interfaces_demo: 0.0.0 (/home/wang/hello/install/base_interfaces_demo/share/base_interfaces_demo/cmake)
[0.989s] -- Found ament_lint_auto: 0.12.11 (/opt/ros/humble/share/ament_lint_auto/cmake)
[1.042s] -- Added test 'cppcheck' to perform static code analysis on C / C++ code
[1.042s] -- Configured cppcheck include dirs: $<BUILD_INTERFACE:/home/wang/hello/src/action/include>
[1.043s] -- Configured cppcheck exclude dirs and/or files: 
[1.043s] -- Added test 'lint_cmake' to check CMake code style
[1.044s] -- Added test 'uncrustify' to check C / C++ code style
[1.044s] -- Configured uncrustify additional arguments: 
[1.044s] -- Added test 'xmllint' to check XML markup files
[1.045s] -- Configuring done
[1.050s] -- Generating done
[1.051s] -- Build files have been written to: /home/wang/hello/build/action
[1.057s] Invoked command in '/home/wang/hello/build/action' returned '0': CMAKE_PREFIX_PATH=/home/wang/hello/install/base_interfaces_demo:/home/wang/hello/install/topic:/home/wang/hello/install/service:/opt/ros/humble /usr/bin/cmake /home/wang/hello/src/action -DCMAKE_INSTALL_PREFIX=/home/wang/hello/install/action
[1.059s] Invoking command in '/home/wang/hello/build/action': CMAKE_PREFIX_PATH=/home/wang/hello/install/base_interfaces_demo:/home/wang/hello/install/topic:/home/wang/hello/install/service:/opt/ros/humble /usr/bin/cmake --build /home/wang/hello/build/action -- -j16 -l16
[1.092s] [ 50%] [32mBuilding CXX object CMakeFiles/demo01_server.dir/src/demo01_server.cpp.o[0m
[1.224s] [01m[K/home/wang/hello/src/action/src/demo01_server.cpp:2:10:[m[K [01;31m[Kfatal error: [m[Krclcpp_action/rclcpp_action.hpp: 没有那个文件或目录
[1.224s]     2 | #include [01;31m[K"rclcpp_action/rclcpp_action.hpp"[m[K
[1.225s]       |          [01;31m[K^~~~~~~~~~~~~~~~~~~~~~~~~~~~~~~~~[m[K
[1.225s] compilation terminated.
[1.230s] gmake[2]: *** [CMakeFiles/demo01_server.dir/build.make:76：CMakeFiles/demo01_server.dir/src/demo01_server.cpp.o] 错误 1
[1.230s] gmake[1]: *** [CMakeFiles/Makefile2:137：CMakeFiles/demo01_server.dir/all] 错误 2
[1.230s] gmake: *** [Makefile:146：all] 错误 2
[1.232s] Invoked command in '/home/wang/hello/build/action' returned '2': CMAKE_PREFIX_PATH=/home/wang/hello/install/base_interfaces_demo:/home/wang/hello/install/topic:/home/wang/hello/install/service:/opt/ros/humble /usr/bin/cmake --build /home/wang/hello/build/action -- -j16 -l16
