[0.010s] Invoking command in '/home/wang/hello/build/topic': CMAKE_PREFIX_PATH=/home/wang/hello/install/base_interfaces_demo:/home/wang/hello/install/topic:/opt/ros/humble /usr/bin/cmake --build /home/wang/hello/build/topic -- -j16 -l16
[0.030s] -- Found ament_cmake: 1.3.9 (/opt/ros/humble/share/ament_cmake/cmake)
[0.121s] -- Found rclcpp: 16.0.9 (/opt/ros/humble/share/rclcpp/cmake)
[0.144s] -- Found rosidl_generator_c: 3.1.5 (/opt/ros/humble/share/rosidl_generator_c/cmake)
[0.146s] -- Found rosidl_adapter: 3.1.5 (/opt/ros/humble/share/rosidl_adapter/cmake)
[0.150s] -- Found rosidl_generator_cpp: 3.1.5 (/opt/ros/humble/share/rosidl_generator_cpp/cmake)
[0.157s] -- Using all available rosidl_typesupport_c: rosidl_typesupport_fastrtps_c;rosidl_typesupport_introspection_c
[0.167s] -- Using all available rosidl_typesupport_cpp: rosidl_typesupport_fastrtps_cpp;rosidl_typesupport_introspection_cpp
[0.210s] -- Found rmw_implementation_cmake: 6.1.2 (/opt/ros/humble/share/rmw_implementation_cmake/cmake)
[0.211s] -- Found rmw_fastrtps_cpp: 6.2.6 (/opt/ros/humble/share/rmw_fastrtps_cpp/cmake)
[0.308s] -- Using RMW implementation 'rmw_fastrtps_cpp' as default
[0.420s] -- Found base_interfaces_demo: 0.0.0 (/home/wang/hello/install/base_interfaces_demo/share/base_interfaces_demo/cmake)
[0.429s] -- Found ament_lint_auto: 0.12.11 (/opt/ros/humble/share/ament_lint_auto/cmake)
[0.479s] -- Added test 'cppcheck' to perform static code analysis on C / C++ code
[0.479s] -- Configured cppcheck include dirs: $<BUILD_INTERFACE:/home/wang/hello/src/topic/include>
[0.479s] -- Configured cppcheck exclude dirs and/or files: 
[0.479s] -- Added test 'lint_cmake' to check CMake code style
[0.480s] -- Added test 'uncrustify' to check C / C++ code style
[0.480s] -- Configured uncrustify additional arguments: 
[0.480s] -- Added test 'xmllint' to check XML markup files
[0.481s] -- Configuring done
[0.488s] -- Generating done
[0.489s] -- Build files have been written to: /home/wang/hello/build/topic
[0.506s] [35m[1mConsolidate compiler generated dependencies of target demo01_pub[0m
[0.513s] [ 50%] [32mBuilding CXX object CMakeFiles/demo01_pub.dir/src/demo01_pub.cpp.o[0m
[2.975s] [100%] [32m[1mLinking CXX executable demo01_pub[0m
[3.089s] [100%] Built target demo01_pub
[3.095s] Invoked command in '/home/wang/hello/build/topic' returned '0': CMAKE_PREFIX_PATH=/home/wang/hello/install/base_interfaces_demo:/home/wang/hello/install/topic:/opt/ros/humble /usr/bin/cmake --build /home/wang/hello/build/topic -- -j16 -l16
[3.117s] Invoking command in '/home/wang/hello/build/topic': CMAKE_PREFIX_PATH=/home/wang/hello/install/base_interfaces_demo:/home/wang/hello/install/topic:/opt/ros/humble /usr/bin/cmake --install /home/wang/hello/build/topic
[3.124s] -- Install configuration: ""
[3.124s] -- Installing: /home/wang/hello/install/topic/lib/topic/demo01_pub
[3.125s] -- Set runtime path of "/home/wang/hello/install/topic/lib/topic/demo01_pub" to ""
[3.125s] -- Installing: /home/wang/hello/install/topic/share/ament_index/resource_index/package_run_dependencies/topic
[3.125s] -- Installing: /home/wang/hello/install/topic/share/ament_index/resource_index/parent_prefix_path/topic
[3.126s] -- Up-to-date: /home/wang/hello/install/topic/share/topic/environment/ament_prefix_path.sh
[3.126s] -- Installing: /home/wang/hello/install/topic/share/topic/environment/ament_prefix_path.dsv
[3.126s] -- Up-to-date: /home/wang/hello/install/topic/share/topic/environment/path.sh
[3.126s] -- Installing: /home/wang/hello/install/topic/share/topic/environment/path.dsv
[3.126s] -- Up-to-date: /home/wang/hello/install/topic/share/topic/local_setup.bash
[3.126s] -- Up-to-date: /home/wang/hello/install/topic/share/topic/local_setup.sh
[3.126s] -- Up-to-date: /home/wang/hello/install/topic/share/topic/local_setup.zsh
[3.126s] -- Installing: /home/wang/hello/install/topic/share/topic/local_setup.dsv
[3.126s] -- Installing: /home/wang/hello/install/topic/share/topic/package.dsv
[3.126s] -- Up-to-date: /home/wang/hello/install/topic/share/ament_index/resource_index/packages/topic
[3.126s] -- Up-to-date: /home/wang/hello/install/topic/share/topic/cmake/topicConfig.cmake
[3.126s] -- Up-to-date: /home/wang/hello/install/topic/share/topic/cmake/topicConfig-version.cmake
[3.126s] -- Installing: /home/wang/hello/install/topic/share/topic/package.xml
[3.128s] Invoked command in '/home/wang/hello/build/topic' returned '0': CMAKE_PREFIX_PATH=/home/wang/hello/install/base_interfaces_demo:/home/wang/hello/install/topic:/opt/ros/humble /usr/bin/cmake --install /home/wang/hello/build/topic
