[0.008s] Invoking command in '/home/wang/hello/build/some_launch': CMAKE_PREFIX_PATH=${CMAKE_PREFIX_PATH}:/opt/ros/humble /usr/bin/cmake --build /home/wang/hello/build/some_launch -- -j16 -l16
[0.049s] Invoked command in '/home/wang/hello/build/some_launch' returned '0': CMAKE_PREFIX_PATH=${CMAKE_PREFIX_PATH}:/opt/ros/humble /usr/bin/cmake --build /home/wang/hello/build/some_launch -- -j16 -l16
[0.060s] Invoking command in '/home/wang/hello/build/some_launch': CMAKE_PREFIX_PATH=${CMAKE_PREFIX_PATH}:/opt/ros/humble /usr/bin/cmake --install /home/wang/hello/build/some_launch
[0.068s] -- Install configuration: ""
[0.068s] -- Up-to-date: /home/wang/hello/install/some_launch/share/some_launch/launch
[0.068s] -- Installing: /home/wang/hello/install/some_launch/share/some_launch/launch/demo03_param.launch.py
[0.068s] -- Up-to-date: /home/wang/hello/install/some_launch/share/some_launch/launch/demo01_node.launch.py
[0.069s] -- Installing: /home/wang/hello/install/some_launch/share/some_launch/launch/demo02_cmd.launch.py
[0.069s] -- Up-to-date: /home/wang/hello/install/some_launch/share/some_launch/config
[0.069s] -- Up-to-date: /home/wang/hello/install/some_launch/share/some_launch/config/t2.yaml
[0.069s] -- Up-to-date: /home/wang/hello/install/some_launch/share/ament_index/resource_index/package_run_dependencies/some_launch
[0.069s] -- Up-to-date: /home/wang/hello/install/some_launch/share/ament_index/resource_index/parent_prefix_path/some_launch
[0.069s] -- Up-to-date: /home/wang/hello/install/some_launch/share/some_launch/environment/ament_prefix_path.sh
[0.069s] -- Up-to-date: /home/wang/hello/install/some_launch/share/some_launch/environment/ament_prefix_path.dsv
[0.069s] -- Up-to-date: /home/wang/hello/install/some_launch/share/some_launch/environment/path.sh
[0.069s] -- Up-to-date: /home/wang/hello/install/some_launch/share/some_launch/environment/path.dsv
[0.069s] -- Up-to-date: /home/wang/hello/install/some_launch/share/some_launch/local_setup.bash
[0.069s] -- Up-to-date: /home/wang/hello/install/some_launch/share/some_launch/local_setup.sh
[0.069s] -- Up-to-date: /home/wang/hello/install/some_launch/share/some_launch/local_setup.zsh
[0.069s] -- Up-to-date: /home/wang/hello/install/some_launch/share/some_launch/local_setup.dsv
[0.069s] -- Installing: /home/wang/hello/install/some_launch/share/some_launch/package.dsv
[0.069s] -- Up-to-date: /home/wang/hello/install/some_launch/share/ament_index/resource_index/packages/some_launch
[0.070s] -- Up-to-date: /home/wang/hello/install/some_launch/share/some_launch/cmake/some_launchConfig.cmake
[0.070s] -- Up-to-date: /home/wang/hello/install/some_launch/share/some_launch/cmake/some_launchConfig-version.cmake
[0.070s] -- Up-to-date: /home/wang/hello/install/some_launch/share/some_launch/package.xml
[0.071s] Invoked command in '/home/wang/hello/build/some_launch' returned '0': CMAKE_PREFIX_PATH=${CMAKE_PREFIX_PATH}:/opt/ros/humble /usr/bin/cmake --install /home/wang/hello/build/some_launch
