-- Found ament_cmake: 1.3.9 (/opt/ros/humble/share/ament_cmake/cmake)
-- Found ament_cmake_ros: 0.10.0 (/opt/ros/humble/share/ament_cmake_ros/cmake)
-- Found pluginlib: 5.1.0 (/opt/ros/humble/share/pluginlib/cmake)
-- Found polygon_base: 0.0.0 (/home/wang/hello/install/polygon_base/share/polygon_base/cmake)
-- Found ament_lint_auto: 0.12.11 (/opt/ros/humble/share/ament_lint_auto/cmake)
-- Added test 'cppcheck' to perform static code analysis on C / C++ code
-- Configured cppcheck include dirs: $<BUILD_INTERFACE:/home/wang/hello/src/polygon_plugins/include>
-- Configured cppcheck exclude dirs and/or files: 
-- Added test 'lint_cmake' to check CMake code style
-- Added test 'uncrustify' to check C / C++ code style
-- Configured uncrustify additional arguments: 
-- Added test 'xmllint' to check XML markup files
-- Configuring done
-- Generating done
-- Build files have been written to: /home/wang/hello/build/polygon_plugins
[35m[1mConsolidate compiler generated dependencies of target polygon_plugins[0m
[100%] Built target polygon_plugins
-- Install configuration: ""
-- Installing: /home/wang/hello/install/polygon_plugins/share/polygon_plugins/plugins.xml
-- Up-to-date: /home/wang/hello/install/polygon_plugins/include
-- Up-to-date: /home/wang/hello/install/polygon_plugins/include/polygon_plugins
-- Up-to-date: /home/wang/hello/install/polygon_plugins/include/polygon_plugins/visibility_control.h
-- Up-to-date: /home/wang/hello/install/polygon_plugins/include/polygon_plugins/polygon_plugins.hpp
-- Up-to-date: /home/wang/hello/install/polygon_plugins/lib/libpolygon_plugins.so
-- Up-to-date: /home/wang/hello/install/polygon_plugins/share/polygon_plugins/environment/library_path.sh
-- Installing: /home/wang/hello/install/polygon_plugins/share/polygon_plugins/environment/library_path.dsv
-- Up-to-date: /home/wang/hello/install/polygon_plugins/share/ament_index/resource_index/package_run_dependencies/polygon_plugins
-- Installing: /home/wang/hello/install/polygon_plugins/share/ament_index/resource_index/parent_prefix_path/polygon_plugins
-- Up-to-date: /home/wang/hello/install/polygon_plugins/share/polygon_plugins/environment/ament_prefix_path.sh
-- Installing: /home/wang/hello/install/polygon_plugins/share/polygon_plugins/environment/ament_prefix_path.dsv
-- Up-to-date: /home/wang/hello/install/polygon_plugins/share/polygon_plugins/environment/path.sh
-- Installing: /home/wang/hello/install/polygon_plugins/share/polygon_plugins/environment/path.dsv
-- Up-to-date: /home/wang/hello/install/polygon_plugins/share/polygon_plugins/local_setup.bash
-- Up-to-date: /home/wang/hello/install/polygon_plugins/share/polygon_plugins/local_setup.sh
-- Up-to-date: /home/wang/hello/install/polygon_plugins/share/polygon_plugins/local_setup.zsh
-- Installing: /home/wang/hello/install/polygon_plugins/share/polygon_plugins/local_setup.dsv
-- Installing: /home/wang/hello/install/polygon_plugins/share/polygon_plugins/package.dsv
-- Up-to-date: /home/wang/hello/install/polygon_plugins/share/ament_index/resource_index/packages/polygon_plugins
-- Installing: /home/wang/hello/install/polygon_plugins/share/ament_index/resource_index/polygon_base__pluginlib__plugin/polygon_plugins
-- Up-to-date: /home/wang/hello/install/polygon_plugins/share/polygon_plugins/cmake/export_polygon_pluginsExport.cmake
-- Up-to-date: /home/wang/hello/install/polygon_plugins/share/polygon_plugins/cmake/export_polygon_pluginsExport-noconfig.cmake
-- Up-to-date: /home/wang/hello/install/polygon_plugins/share/polygon_plugins/cmake/ament_cmake_export_include_directories-extras.cmake
-- Up-to-date: /home/wang/hello/install/polygon_plugins/share/polygon_plugins/cmake/ament_cmake_export_libraries-extras.cmake
-- Up-to-date: /home/wang/hello/install/polygon_plugins/share/polygon_plugins/cmake/ament_cmake_export_targets-extras.cmake
-- Up-to-date: /home/wang/hello/install/polygon_plugins/share/polygon_plugins/cmake/polygon_pluginsConfig.cmake
-- Up-to-date: /home/wang/hello/install/polygon_plugins/share/polygon_plugins/cmake/polygon_pluginsConfig-version.cmake
-- Up-to-date: /home/wang/hello/install/polygon_plugins/share/polygon_plugins/package.xml
