[0.009s] Invoking command in '/home/wang/hello/build/polygon_plugins': CMAKE_PREFIX_PATH=/home/wang/hello/install/polygon_base:/home/wang/hello/install/topic:/home/wang/hello/install/service:/home/wang/hello/install/polygon_plugins:/home/wang/hello/install/param:/home/wang/hello/install/action:/home/wang/hello/install/base_interfaces_demo:/opt/ros/humble /usr/bin/cmake --build /home/wang/hello/build/polygon_plugins -- -j16 -l16
[0.037s] -- Found ament_cmake: 1.3.9 (/opt/ros/humble/share/ament_cmake/cmake)
[0.152s] -- Found ament_cmake_ros: 0.10.0 (/opt/ros/humble/share/ament_cmake_ros/cmake)
[0.153s] -- Found pluginlib: 5.1.0 (/opt/ros/humble/share/pluginlib/cmake)
[0.171s] -- Found polygon_base: 0.0.0 (/home/wang/hello/install/polygon_base/share/polygon_base/cmake)
[0.172s] -- Found ament_lint_auto: 0.12.11 (/opt/ros/humble/share/ament_lint_auto/cmake)
[0.217s] -- Added test 'cppcheck' to perform static code analysis on C / C++ code
[0.217s] -- Configured cppcheck include dirs: $<BUILD_INTERFACE:/home/wang/hello/src/polygon_plugins/include>
[0.217s] -- Configured cppcheck exclude dirs and/or files: 
[0.217s] -- Added test 'lint_cmake' to check CMake code style
[0.217s] -- Added test 'uncrustify' to check C / C++ code style
[0.217s] -- Configured uncrustify additional arguments: 
[0.217s] -- Added test 'xmllint' to check XML markup files
[0.218s] -- Configuring done
[0.221s] -- Generating done
[0.222s] -- Build files have been written to: /home/wang/hello/build/polygon_plugins
[0.245s] [35m[1mConsolidate compiler generated dependencies of target polygon_plugins[0m
[0.258s] [100%] Built target polygon_plugins
[0.273s] Invoked command in '/home/wang/hello/build/polygon_plugins' returned '0': CMAKE_PREFIX_PATH=/home/wang/hello/install/polygon_base:/home/wang/hello/install/topic:/home/wang/hello/install/service:/home/wang/hello/install/polygon_plugins:/home/wang/hello/install/param:/home/wang/hello/install/action:/home/wang/hello/install/base_interfaces_demo:/opt/ros/humble /usr/bin/cmake --build /home/wang/hello/build/polygon_plugins -- -j16 -l16
[0.301s] Invoking command in '/home/wang/hello/build/polygon_plugins': CMAKE_PREFIX_PATH=/home/wang/hello/install/polygon_base:/home/wang/hello/install/topic:/home/wang/hello/install/service:/home/wang/hello/install/polygon_plugins:/home/wang/hello/install/param:/home/wang/hello/install/action:/home/wang/hello/install/base_interfaces_demo:/opt/ros/humble /usr/bin/cmake --install /home/wang/hello/build/polygon_plugins
[0.309s] -- Install configuration: ""
[0.309s] -- Installing: /home/wang/hello/install/polygon_plugins/share/polygon_plugins/plugins.xml
[0.309s] -- Up-to-date: /home/wang/hello/install/polygon_plugins/include
[0.310s] -- Up-to-date: /home/wang/hello/install/polygon_plugins/include/polygon_plugins
[0.310s] -- Up-to-date: /home/wang/hello/install/polygon_plugins/include/polygon_plugins/visibility_control.h
[0.310s] -- Up-to-date: /home/wang/hello/install/polygon_plugins/include/polygon_plugins/polygon_plugins.hpp
[0.310s] -- Up-to-date: /home/wang/hello/install/polygon_plugins/lib/libpolygon_plugins.so
[0.310s] -- Up-to-date: /home/wang/hello/install/polygon_plugins/share/polygon_plugins/environment/library_path.sh
[0.310s] -- Installing: /home/wang/hello/install/polygon_plugins/share/polygon_plugins/environment/library_path.dsv
[0.310s] -- Up-to-date: /home/wang/hello/install/polygon_plugins/share/ament_index/resource_index/package_run_dependencies/polygon_plugins
[0.310s] -- Installing: /home/wang/hello/install/polygon_plugins/share/ament_index/resource_index/parent_prefix_path/polygon_plugins
[0.310s] -- Up-to-date: /home/wang/hello/install/polygon_plugins/share/polygon_plugins/environment/ament_prefix_path.sh
[0.310s] -- Installing: /home/wang/hello/install/polygon_plugins/share/polygon_plugins/environment/ament_prefix_path.dsv
[0.310s] -- Up-to-date: /home/wang/hello/install/polygon_plugins/share/polygon_plugins/environment/path.sh
[0.310s] -- Installing: /home/wang/hello/install/polygon_plugins/share/polygon_plugins/environment/path.dsv
[0.310s] -- Up-to-date: /home/wang/hello/install/polygon_plugins/share/polygon_plugins/local_setup.bash
[0.311s] -- Up-to-date: /home/wang/hello/install/polygon_plugins/share/polygon_plugins/local_setup.sh
[0.311s] -- Up-to-date: /home/wang/hello/install/polygon_plugins/share/polygon_plugins/local_setup.zsh
[0.311s] -- Installing: /home/wang/hello/install/polygon_plugins/share/polygon_plugins/local_setup.dsv
[0.311s] -- Installing: /home/wang/hello/install/polygon_plugins/share/polygon_plugins/package.dsv
[0.311s] -- Up-to-date: /home/wang/hello/install/polygon_plugins/share/ament_index/resource_index/packages/polygon_plugins
[0.311s] -- Installing: /home/wang/hello/install/polygon_plugins/share/ament_index/resource_index/polygon_base__pluginlib__plugin/polygon_plugins
[0.311s] -- Up-to-date: /home/wang/hello/install/polygon_plugins/share/polygon_plugins/cmake/export_polygon_pluginsExport.cmake
[0.311s] -- Up-to-date: /home/wang/hello/install/polygon_plugins/share/polygon_plugins/cmake/export_polygon_pluginsExport-noconfig.cmake
[0.311s] -- Up-to-date: /home/wang/hello/install/polygon_plugins/share/polygon_plugins/cmake/ament_cmake_export_include_directories-extras.cmake
[0.311s] -- Up-to-date: /home/wang/hello/install/polygon_plugins/share/polygon_plugins/cmake/ament_cmake_export_libraries-extras.cmake
[0.311s] -- Up-to-date: /home/wang/hello/install/polygon_plugins/share/polygon_plugins/cmake/ament_cmake_export_targets-extras.cmake
[0.311s] -- Up-to-date: /home/wang/hello/install/polygon_plugins/share/polygon_plugins/cmake/polygon_pluginsConfig.cmake
[0.311s] -- Up-to-date: /home/wang/hello/install/polygon_plugins/share/polygon_plugins/cmake/polygon_pluginsConfig-version.cmake
[0.311s] -- Up-to-date: /home/wang/hello/install/polygon_plugins/share/polygon_plugins/package.xml
[0.313s] Invoked command in '/home/wang/hello/build/polygon_plugins' returned '0': CMAKE_PREFIX_PATH=/home/wang/hello/install/polygon_base:/home/wang/hello/install/topic:/home/wang/hello/install/service:/home/wang/hello/install/polygon_plugins:/home/wang/hello/install/param:/home/wang/hello/install/action:/home/wang/hello/install/base_interfaces_demo:/opt/ros/humble /usr/bin/cmake --install /home/wang/hello/build/polygon_plugins
