[0.008s] Invoking command in '/home/wang/hello/build/param': CMAKE_PREFIX_PATH=${CMAKE_PREFIX_PATH}:/opt/ros/humble /usr/bin/cmake --build /home/wang/hello/build/param -- -j16 -l16
[0.060s] [35m[1mConsolidate compiler generated dependencies of target demo02_param_client[0m
[0.075s] [ 25%] [32mBuilding CXX object CMakeFiles/demo_param.dir/src/demo_param.cpp.o[0m
[0.081s] [ 50%] [32mBuilding CXX object CMakeFiles/demo02_param_client.dir/src/demo02_param_client.cpp.o[0m
[1.907s] [ 75%] [32m[1mLinking CXX executable demo_param[0m
[1.987s] [ 75%] Built target demo_param
[2.069s] [100%] [32m[1mLinking CXX executable demo02_param_client[0m
[2.150s] [100%] Built target demo02_param_client
[2.158s] Invoked command in '/home/wang/hello/build/param' returned '0': CMAKE_PREFIX_PATH=${CMAKE_PREFIX_PATH}:/opt/ros/humble /usr/bin/cmake --build /home/wang/hello/build/param -- -j16 -l16
[2.197s] Invoking command in '/home/wang/hello/build/param': CMAKE_PREFIX_PATH=${CMAKE_PREFIX_PATH}:/opt/ros/humble /usr/bin/cmake --install /home/wang/hello/build/param
[2.206s] -- Install configuration: ""
[2.206s] -- Installing: /home/wang/hello/install/param/lib/param/demo_param
[2.207s] -- Set runtime path of "/home/wang/hello/install/param/lib/param/demo_param" to ""
[2.207s] -- Installing: /home/wang/hello/install/param/lib/param/demo02_param_client
[2.208s] -- Set runtime path of "/home/wang/hello/install/param/lib/param/demo02_param_client" to ""
[2.208s] -- Up-to-date: /home/wang/hello/install/param/share/ament_index/resource_index/package_run_dependencies/param
[2.208s] -- Up-to-date: /home/wang/hello/install/param/share/ament_index/resource_index/parent_prefix_path/param
[2.208s] -- Up-to-date: /home/wang/hello/install/param/share/param/environment/ament_prefix_path.sh
[2.208s] -- Up-to-date: /home/wang/hello/install/param/share/param/environment/ament_prefix_path.dsv
[2.208s] -- Up-to-date: /home/wang/hello/install/param/share/param/environment/path.sh
[2.208s] -- Up-to-date: /home/wang/hello/install/param/share/param/environment/path.dsv
[2.208s] -- Up-to-date: /home/wang/hello/install/param/share/param/local_setup.bash
[2.208s] -- Up-to-date: /home/wang/hello/install/param/share/param/local_setup.sh
[2.208s] -- Up-to-date: /home/wang/hello/install/param/share/param/local_setup.zsh
[2.208s] -- Up-to-date: /home/wang/hello/install/param/share/param/local_setup.dsv
[2.208s] -- Installing: /home/wang/hello/install/param/share/param/package.dsv
[2.208s] -- Up-to-date: /home/wang/hello/install/param/share/ament_index/resource_index/packages/param
[2.209s] -- Up-to-date: /home/wang/hello/install/param/share/param/cmake/paramConfig.cmake
[2.209s] -- Up-to-date: /home/wang/hello/install/param/share/param/cmake/paramConfig-version.cmake
[2.209s] -- Up-to-date: /home/wang/hello/install/param/share/param/package.xml
[2.210s] Invoked command in '/home/wang/hello/build/param' returned '0': CMAKE_PREFIX_PATH=${CMAKE_PREFIX_PATH}:/opt/ros/humble /usr/bin/cmake --install /home/wang/hello/build/param
