[35m[1mConsolidate compiler generated dependencies of target demo02_client[0m
[35m[1mConsolidate compiler generated dependencies of target demo01_server[0m
[ 25%] [32mBuilding CXX object CMakeFiles/demo02_client.dir/src/demo02_client.cpp.o[0m
[ 50%] [32mBuilding CXX object CMakeFiles/demo01_server.dir/src/demo01_server.cpp.o[0m
[ 75%] [32m[1mLinking CXX executable demo01_server[0m
[100%] [32m[1mLinking CXX executable demo02_client[0m
[100%] Built target demo01_server
[100%] Built target demo02_client
-- Install configuration: ""
-- Installing: /home/wang/hello/install/action/lib/action/demo01_server
-- Set runtime path of "/home/wang/hello/install/action/lib/action/demo01_server" to ""
-- Installing: /home/wang/hello/install/action/lib/action/demo02_client
-- Set runtime path of "/home/wang/hello/install/action/lib/action/demo02_client" to ""
-- Up-to-date: /home/wang/hello/install/action/share/ament_index/resource_index/package_run_dependencies/action
-- Up-to-date: /home/wang/hello/install/action/share/ament_index/resource_index/parent_prefix_path/action
-- Up-to-date: /home/wang/hello/install/action/share/action/environment/ament_prefix_path.sh
-- Up-to-date: /home/wang/hello/install/action/share/action/environment/ament_prefix_path.dsv
-- Up-to-date: /home/wang/hello/install/action/share/action/environment/path.sh
-- Up-to-date: /home/wang/hello/install/action/share/action/environment/path.dsv
-- Up-to-date: /home/wang/hello/install/action/share/action/local_setup.bash
-- Up-to-date: /home/wang/hello/install/action/share/action/local_setup.sh
-- Up-to-date: /home/wang/hello/install/action/share/action/local_setup.zsh
-- Up-to-date: /home/wang/hello/install/action/share/action/local_setup.dsv
-- Installing: /home/wang/hello/install/action/share/action/package.dsv
-- Up-to-date: /home/wang/hello/install/action/share/ament_index/resource_index/packages/action
-- Up-to-date: /home/wang/hello/install/action/share/action/cmake/actionConfig.cmake
-- Up-to-date: /home/wang/hello/install/action/share/action/cmake/actionConfig-version.cmake
-- Up-to-date: /home/wang/hello/install/action/share/action/package.xml
