-- Found ament_cmake: 1.3.9 (/opt/ros/humble/share/ament_cmake/cmake)
-- Found rclcpp: 16.0.9 (/opt/ros/humble/share/rclcpp/cmake)
-- Found rosidl_generator_c: 3.1.5 (/opt/ros/humble/share/rosidl_generator_c/cmake)
-- Found rosidl_adapter: 3.1.5 (/opt/ros/humble/share/rosidl_adapter/cmake)
-- Found rosidl_generator_cpp: 3.1.5 (/opt/ros/humble/share/rosidl_generator_cpp/cmake)
-- Using all available rosidl_typesupport_c: rosidl_typesupport_fastrtps_c;rosidl_typesupport_introspection_c
-- Using all available rosidl_typesupport_cpp: rosidl_typesupport_fastrtps_cpp;rosidl_typesupport_introspection_cpp
-- Found rmw_implementation_cmake: 6.1.2 (/opt/ros/humble/share/rmw_implementation_cmake/cmake)
-- Found rmw_fastrtps_cpp: 6.2.6 (/opt/ros/humble/share/rmw_fastrtps_cpp/cmake)
-- Using RMW implementation 'rmw_fastrtps_cpp' as default
-- Found base_interfaces_demo: 0.0.0 (/home/wang/hello/install/base_interfaces_demo/share/base_interfaces_demo/cmake)
-- Found ament_lint_auto: 0.12.11 (/opt/ros/humble/share/ament_lint_auto/cmake)
-- Added test 'cppcheck' to perform static code analysis on C / C++ code
-- Configured cppcheck include dirs: $<BUILD_INTERFACE:/home/wang/hello/src/service/include>
-- Configured cppcheck exclude dirs and/or files: 
-- Added test 'lint_cmake' to check CMake code style
-- Added test 'uncrustify' to check C / C++ code style
-- Configured uncrustify additional arguments: 
-- Added test 'xmllint' to check XML markup files
-- Configuring done
-- Generating done
-- Build files have been written to: /home/wang/hello/build/service
[35m[1mConsolidate compiler generated dependencies of target demo01_pub[0m
[35m[1mConsolidate compiler generated dependencies of target demo02_client[0m
[ 50%] [32mBuilding CXX object CMakeFiles/demo01_pub.dir/src/demo01_pub.cpp.o[0m
[ 50%] [32mBuilding CXX object CMakeFiles/demo02_client.dir/src/demo02_client.cpp.o[0m
[ 75%] [32m[1mLinking CXX executable demo01_pub[0m
[100%] [32m[1mLinking CXX executable demo02_client[0m
[100%] Built target demo01_pub
[100%] Built target demo02_client
-- Install configuration: ""
-- Installing: /home/wang/hello/install/service/lib/service/demo01_pub
-- Set runtime path of "/home/wang/hello/install/service/lib/service/demo01_pub" to ""
-- Installing: /home/wang/hello/install/service/lib/service/demo02_client
-- Set runtime path of "/home/wang/hello/install/service/lib/service/demo02_client" to ""
-- Up-to-date: /home/wang/hello/install/service/share/ament_index/resource_index/package_run_dependencies/service
-- Installing: /home/wang/hello/install/service/share/ament_index/resource_index/parent_prefix_path/service
-- Up-to-date: /home/wang/hello/install/service/share/service/environment/ament_prefix_path.sh
-- Installing: /home/wang/hello/install/service/share/service/environment/ament_prefix_path.dsv
-- Up-to-date: /home/wang/hello/install/service/share/service/environment/path.sh
-- Installing: /home/wang/hello/install/service/share/service/environment/path.dsv
-- Up-to-date: /home/wang/hello/install/service/share/service/local_setup.bash
-- Up-to-date: /home/wang/hello/install/service/share/service/local_setup.sh
-- Up-to-date: /home/wang/hello/install/service/share/service/local_setup.zsh
-- Installing: /home/wang/hello/install/service/share/service/local_setup.dsv
-- Installing: /home/wang/hello/install/service/share/service/package.dsv
-- Up-to-date: /home/wang/hello/install/service/share/ament_index/resource_index/packages/service
-- Up-to-date: /home/wang/hello/install/service/share/service/cmake/serviceConfig.cmake
-- Up-to-date: /home/wang/hello/install/service/share/service/cmake/serviceConfig-version.cmake
-- Up-to-date: /home/wang/hello/install/service/share/service/package.xml
