[0.009s] Invoking command in '/home/wang/hello/build/service': AMENT_PREFIX_PATH=/home/wang/hello/install/base_interfaces_demo:${AMENT_PREFIX_PATH} CMAKE_PREFIX_PATH=/home/wang/hello/install/base_interfaces_demo:/opt/ros/humble LD_LIBRARY_PATH=/home/wang/hello/install/base_interfaces_demo/lib:${LD_LIBRARY_PATH} PYTHONPATH=/home/wang/hello/install/base_interfaces_demo/local/lib/python3.10/dist-packages:${PYTHONPATH} /usr/bin/cmake --build /home/wang/hello/build/service -- -j16 -l16
[0.029s] -- Found ament_cmake: 1.3.9 (/opt/ros/humble/share/ament_cmake/cmake)
[0.130s] -- Found rclcpp: 16.0.9 (/opt/ros/humble/share/rclcpp/cmake)
[0.158s] -- Found rosidl_generator_c: 3.1.5 (/opt/ros/humble/share/rosidl_generator_c/cmake)
[0.160s] -- Found rosidl_adapter: 3.1.5 (/opt/ros/humble/share/rosidl_adapter/cmake)
[0.165s] -- Found rosidl_generator_cpp: 3.1.5 (/opt/ros/humble/share/rosidl_generator_cpp/cmake)
[0.174s] -- Using all available rosidl_typesupport_c: rosidl_typesupport_fastrtps_c;rosidl_typesupport_introspection_c
[0.185s] -- Using all available rosidl_typesupport_cpp: rosidl_typesupport_fastrtps_cpp;rosidl_typesupport_introspection_cpp
[0.240s] -- Found rmw_implementation_cmake: 6.1.2 (/opt/ros/humble/share/rmw_implementation_cmake/cmake)
[0.243s] -- Found rmw_fastrtps_cpp: 6.2.6 (/opt/ros/humble/share/rmw_fastrtps_cpp/cmake)
[0.333s] -- Using RMW implementation 'rmw_fastrtps_cpp' as default
[0.444s] -- Found base_interfaces_demo: 0.0.0 (/home/wang/hello/install/base_interfaces_demo/share/base_interfaces_demo/cmake)
[0.536s] -- Found ament_lint_auto: 0.12.11 (/opt/ros/humble/share/ament_lint_auto/cmake)
[0.588s] -- Added test 'cppcheck' to perform static code analysis on C / C++ code
[0.588s] -- Configured cppcheck include dirs: $<BUILD_INTERFACE:/home/wang/hello/src/service/include>
[0.588s] -- Configured cppcheck exclude dirs and/or files: 
[0.588s] -- Added test 'lint_cmake' to check CMake code style
[0.589s] -- Added test 'uncrustify' to check C / C++ code style
[0.589s] -- Configured uncrustify additional arguments: 
[0.589s] -- Added test 'xmllint' to check XML markup files
[0.590s] -- Configuring done
[0.602s] -- Generating done
[0.603s] -- Build files have been written to: /home/wang/hello/build/service
[0.621s] [35m[1mConsolidate compiler generated dependencies of target demo01_pub[0m
[0.621s] [35m[1mConsolidate compiler generated dependencies of target demo02_client[0m
[0.632s] [ 50%] [32mBuilding CXX object CMakeFiles/demo01_pub.dir/src/demo01_pub.cpp.o[0m
[0.632s] [ 50%] [32mBuilding CXX object CMakeFiles/demo02_client.dir/src/demo02_client.cpp.o[0m
[2.761s] [ 75%] [32m[1mLinking CXX executable demo01_pub[0m
[2.850s] [100%] [32m[1mLinking CXX executable demo02_client[0m
[2.859s] [100%] Built target demo01_pub
[2.949s] [100%] Built target demo02_client
[2.958s] Invoked command in '/home/wang/hello/build/service' returned '0': AMENT_PREFIX_PATH=/home/wang/hello/install/base_interfaces_demo:${AMENT_PREFIX_PATH} CMAKE_PREFIX_PATH=/home/wang/hello/install/base_interfaces_demo:/opt/ros/humble LD_LIBRARY_PATH=/home/wang/hello/install/base_interfaces_demo/lib:${LD_LIBRARY_PATH} PYTHONPATH=/home/wang/hello/install/base_interfaces_demo/local/lib/python3.10/dist-packages:${PYTHONPATH} /usr/bin/cmake --build /home/wang/hello/build/service -- -j16 -l16
[2.992s] Invoking command in '/home/wang/hello/build/service': AMENT_PREFIX_PATH=/home/wang/hello/install/base_interfaces_demo:${AMENT_PREFIX_PATH} CMAKE_PREFIX_PATH=/home/wang/hello/install/base_interfaces_demo:/opt/ros/humble LD_LIBRARY_PATH=/home/wang/hello/install/base_interfaces_demo/lib:${LD_LIBRARY_PATH} PYTHONPATH=/home/wang/hello/install/base_interfaces_demo/local/lib/python3.10/dist-packages:${PYTHONPATH} /usr/bin/cmake --install /home/wang/hello/build/service
[3.000s] -- Install configuration: ""
[3.001s] -- Installing: /home/wang/hello/install/service/lib/service/demo01_pub
[3.002s] -- Set runtime path of "/home/wang/hello/install/service/lib/service/demo01_pub" to ""
[3.003s] -- Installing: /home/wang/hello/install/service/lib/service/demo02_client
[3.003s] -- Set runtime path of "/home/wang/hello/install/service/lib/service/demo02_client" to ""
[3.003s] -- Up-to-date: /home/wang/hello/install/service/share/ament_index/resource_index/package_run_dependencies/service
[3.004s] -- Installing: /home/wang/hello/install/service/share/ament_index/resource_index/parent_prefix_path/service
[3.004s] -- Up-to-date: /home/wang/hello/install/service/share/service/environment/ament_prefix_path.sh
[3.004s] -- Installing: /home/wang/hello/install/service/share/service/environment/ament_prefix_path.dsv
[3.004s] -- Up-to-date: /home/wang/hello/install/service/share/service/environment/path.sh
[3.004s] -- Installing: /home/wang/hello/install/service/share/service/environment/path.dsv
[3.004s] -- Up-to-date: /home/wang/hello/install/service/share/service/local_setup.bash
[3.004s] -- Up-to-date: /home/wang/hello/install/service/share/service/local_setup.sh
[3.004s] -- Up-to-date: /home/wang/hello/install/service/share/service/local_setup.zsh
[3.005s] -- Installing: /home/wang/hello/install/service/share/service/local_setup.dsv
[3.005s] -- Installing: /home/wang/hello/install/service/share/service/package.dsv
[3.005s] -- Up-to-date: /home/wang/hello/install/service/share/ament_index/resource_index/packages/service
[3.005s] -- Up-to-date: /home/wang/hello/install/service/share/service/cmake/serviceConfig.cmake
[3.005s] -- Up-to-date: /home/wang/hello/install/service/share/service/cmake/serviceConfig-version.cmake
[3.005s] -- Up-to-date: /home/wang/hello/install/service/share/service/package.xml
[3.006s] Invoked command in '/home/wang/hello/build/service' returned '0': AMENT_PREFIX_PATH=/home/wang/hello/install/base_interfaces_demo:${AMENT_PREFIX_PATH} CMAKE_PREFIX_PATH=/home/wang/hello/install/base_interfaces_demo:/opt/ros/humble LD_LIBRARY_PATH=/home/wang/hello/install/base_interfaces_demo/lib:${LD_LIBRARY_PATH} PYTHONPATH=/home/wang/hello/install/base_interfaces_demo/local/lib/python3.10/dist-packages:${PYTHONPATH} /usr/bin/cmake --install /home/wang/hello/build/service
