[0.008s] Invoking command in '/home/wang/hello/build/tf_broadcaster': CMAKE_PREFIX_PATH=/opt/ros/humble /usr/bin/cmake --build /home/wang/hello/build/tf_broadcaster -- -j16 -l16
[0.056s] [35m[1mConsolidate compiler generated dependencies of target demo03_point_tf_broadcaster[0m
[0.065s] [ 33%] Built target demo02_dynamic_tf_broadcaster
[0.066s] [ 66%] Built target demo01_static_tf_broadcaster
[0.074s] [ 83%] [32mBuilding CXX object CMakeFiles/demo03_point_tf_broadcaster.dir/src/demo03_point_tf_broadcaster.cpp.o[0m
[2.810s] [100%] [32m[1mLinking CXX executable demo03_point_tf_broadcaster[0m
[2.955s] [100%] Built target demo03_point_tf_broadcaster
[2.965s] Invoked command in '/home/wang/hello/build/tf_broadcaster' returned '0': CMAKE_PREFIX_PATH=/opt/ros/humble /usr/bin/cmake --build /home/wang/hello/build/tf_broadcaster -- -j16 -l16
[2.975s] Invoking command in '/home/wang/hello/build/tf_broadcaster': CMAKE_PREFIX_PATH=/opt/ros/humble /usr/bin/cmake --install /home/wang/hello/build/tf_broadcaster
[2.980s] -- Install configuration: ""
[2.980s] -- Up-to-date: /home/wang/hello/install/tf_broadcaster/lib/tf_broadcaster/demo01_static_tf_broadcaster
[2.980s] -- Up-to-date: /home/wang/hello/install/tf_broadcaster/lib/tf_broadcaster/demo02_dynamic_tf_broadcaster
[2.980s] -- Installing: /home/wang/hello/install/tf_broadcaster/lib/tf_broadcaster/demo03_point_tf_broadcaster
[2.981s] -- Set runtime path of "/home/wang/hello/install/tf_broadcaster/lib/tf_broadcaster/demo03_point_tf_broadcaster" to ""
[2.981s] -- Up-to-date: /home/wang/hello/install/tf_broadcaster/share/ament_index/resource_index/package_run_dependencies/tf_broadcaster
[2.981s] -- Up-to-date: /home/wang/hello/install/tf_broadcaster/share/ament_index/resource_index/parent_prefix_path/tf_broadcaster
[2.981s] -- Up-to-date: /home/wang/hello/install/tf_broadcaster/share/tf_broadcaster/environment/ament_prefix_path.sh
[2.981s] -- Up-to-date: /home/wang/hello/install/tf_broadcaster/share/tf_broadcaster/environment/ament_prefix_path.dsv
[2.981s] -- Up-to-date: /home/wang/hello/install/tf_broadcaster/share/tf_broadcaster/environment/path.sh
[2.981s] -- Up-to-date: /home/wang/hello/install/tf_broadcaster/share/tf_broadcaster/environment/path.dsv
[2.981s] -- Up-to-date: /home/wang/hello/install/tf_broadcaster/share/tf_broadcaster/local_setup.bash
[2.981s] -- Up-to-date: /home/wang/hello/install/tf_broadcaster/share/tf_broadcaster/local_setup.sh
[2.981s] -- Up-to-date: /home/wang/hello/install/tf_broadcaster/share/tf_broadcaster/local_setup.zsh
[2.981s] -- Up-to-date: /home/wang/hello/install/tf_broadcaster/share/tf_broadcaster/local_setup.dsv
[2.981s] -- Installing: /home/wang/hello/install/tf_broadcaster/share/tf_broadcaster/package.dsv
[2.981s] -- Up-to-date: /home/wang/hello/install/tf_broadcaster/share/ament_index/resource_index/packages/tf_broadcaster
[2.981s] -- Up-to-date: /home/wang/hello/install/tf_broadcaster/share/tf_broadcaster/cmake/tf_broadcasterConfig.cmake
[2.981s] -- Up-to-date: /home/wang/hello/install/tf_broadcaster/share/tf_broadcaster/cmake/tf_broadcasterConfig-version.cmake
[2.981s] -- Up-to-date: /home/wang/hello/install/tf_broadcaster/share/tf_broadcaster/package.xml
[2.982s] Invoked command in '/home/wang/hello/build/tf_broadcaster' returned '0': CMAKE_PREFIX_PATH=/opt/ros/humble /usr/bin/cmake --install /home/wang/hello/build/tf_broadcaster
