[0.011s] Invoking command in '/home/wang/hello/build/topic': AMENT_PREFIX_PATH=/home/wang/hello/install/base_interfaces_demo:${AMENT_PREFIX_PATH} CMAKE_PREFIX_PATH=/home/wang/hello/install/base_interfaces_demo:/opt/ros/humble LD_LIBRARY_PATH=/home/wang/hello/install/base_interfaces_demo/lib:${LD_LIBRARY_PATH} PYTHONPATH=/home/wang/hello/install/base_interfaces_demo/local/lib/python3.10/dist-packages:${PYTHONPATH} /usr/bin/cmake --build /home/wang/hello/build/topic -- -j16 -l16
[0.057s] -- Found ament_cmake: 1.3.9 (/opt/ros/humble/share/ament_cmake/cmake)
[0.173s] -- Found rclcpp: 16.0.9 (/opt/ros/humble/share/rclcpp/cmake)
[0.204s] -- Found rosidl_generator_c: 3.1.5 (/opt/ros/humble/share/rosidl_generator_c/cmake)
[0.207s] -- Found rosidl_adapter: 3.1.5 (/opt/ros/humble/share/rosidl_adapter/cmake)
[0.213s] -- Found rosidl_generator_cpp: 3.1.5 (/opt/ros/humble/share/rosidl_generator_cpp/cmake)
[0.222s] -- Using all available rosidl_typesupport_c: rosidl_typesupport_fastrtps_c;rosidl_typesupport_introspection_c
[0.235s] -- Using all available rosidl_typesupport_cpp: rosidl_typesupport_fastrtps_cpp;rosidl_typesupport_introspection_cpp
[0.282s] -- Found rmw_implementation_cmake: 6.1.2 (/opt/ros/humble/share/rmw_implementation_cmake/cmake)
[0.284s] -- Found rmw_fastrtps_cpp: 6.2.6 (/opt/ros/humble/share/rmw_fastrtps_cpp/cmake)
[0.394s] -- Using RMW implementation 'rmw_fastrtps_cpp' as default
[0.530s] -- Found base_interfaces_demo: 0.0.0 (/home/wang/hello/install/base_interfaces_demo/share/base_interfaces_demo/cmake)
[0.626s] -- Found ament_lint_auto: 0.12.11 (/opt/ros/humble/share/ament_lint_auto/cmake)
[0.676s] -- Added test 'cppcheck' to perform static code analysis on C / C++ code
[0.676s] -- Configured cppcheck include dirs: $<BUILD_INTERFACE:/home/wang/hello/src/topic/include>
[0.676s] -- Configured cppcheck exclude dirs and/or files: 
[0.677s] -- Added test 'lint_cmake' to check CMake code style
[0.677s] -- Added test 'uncrustify' to check C / C++ code style
[0.677s] -- Configured uncrustify additional arguments: 
[0.677s] -- Added test 'xmllint' to check XML markup files
[0.678s] -- Configuring done
[0.691s] -- Generating done
[0.691s] -- Build files have been written to: /home/wang/hello/build/topic
[0.716s] [35m[1mConsolidate compiler generated dependencies of target demo01_pub[0m
[0.717s] [35m[1mConsolidate compiler generated dependencies of target demo02_sub[0m
[0.733s] [ 25%] [32mBuilding CXX object CMakeFiles/demo01_pub.dir/src/demo01_pub.cpp.o[0m
[0.734s] [ 50%] [32mBuilding CXX object CMakeFiles/demo02_sub.dir/src/demo02_sub.cpp.o[0m
[3.472s] [ 75%] [32m[1mLinking CXX executable demo01_pub[0m
[3.630s] [ 75%] Built target demo01_pub
[5.798s] [100%] [32m[1mLinking CXX executable demo02_sub[0m
[6.050s] [100%] Built target demo02_sub
[6.061s] Invoked command in '/home/wang/hello/build/topic' returned '0': AMENT_PREFIX_PATH=/home/wang/hello/install/base_interfaces_demo:${AMENT_PREFIX_PATH} CMAKE_PREFIX_PATH=/home/wang/hello/install/base_interfaces_demo:/opt/ros/humble LD_LIBRARY_PATH=/home/wang/hello/install/base_interfaces_demo/lib:${LD_LIBRARY_PATH} PYTHONPATH=/home/wang/hello/install/base_interfaces_demo/local/lib/python3.10/dist-packages:${PYTHONPATH} /usr/bin/cmake --build /home/wang/hello/build/topic -- -j16 -l16
[6.108s] Invoking command in '/home/wang/hello/build/topic': AMENT_PREFIX_PATH=/home/wang/hello/install/base_interfaces_demo:${AMENT_PREFIX_PATH} CMAKE_PREFIX_PATH=/home/wang/hello/install/base_interfaces_demo:/opt/ros/humble LD_LIBRARY_PATH=/home/wang/hello/install/base_interfaces_demo/lib:${LD_LIBRARY_PATH} PYTHONPATH=/home/wang/hello/install/base_interfaces_demo/local/lib/python3.10/dist-packages:${PYTHONPATH} /usr/bin/cmake --install /home/wang/hello/build/topic
[6.117s] -- Install configuration: ""
[6.118s] -- Installing: /home/wang/hello/install/topic/lib/topic/demo01_pub
[6.119s] -- Set runtime path of "/home/wang/hello/install/topic/lib/topic/demo01_pub" to ""
[6.119s] -- Installing: /home/wang/hello/install/topic/lib/topic/demo02_sub
[6.121s] -- Set runtime path of "/home/wang/hello/install/topic/lib/topic/demo02_sub" to ""
[6.121s] -- Up-to-date: /home/wang/hello/install/topic/share/ament_index/resource_index/package_run_dependencies/topic
[6.121s] -- Installing: /home/wang/hello/install/topic/share/ament_index/resource_index/parent_prefix_path/topic
[6.122s] -- Up-to-date: /home/wang/hello/install/topic/share/topic/environment/ament_prefix_path.sh
[6.122s] -- Installing: /home/wang/hello/install/topic/share/topic/environment/ament_prefix_path.dsv
[6.122s] -- Up-to-date: /home/wang/hello/install/topic/share/topic/environment/path.sh
[6.122s] -- Installing: /home/wang/hello/install/topic/share/topic/environment/path.dsv
[6.122s] -- Up-to-date: /home/wang/hello/install/topic/share/topic/local_setup.bash
[6.122s] -- Up-to-date: /home/wang/hello/install/topic/share/topic/local_setup.sh
[6.122s] -- Up-to-date: /home/wang/hello/install/topic/share/topic/local_setup.zsh
[6.123s] -- Installing: /home/wang/hello/install/topic/share/topic/local_setup.dsv
[6.123s] -- Installing: /home/wang/hello/install/topic/share/topic/package.dsv
[6.123s] -- Up-to-date: /home/wang/hello/install/topic/share/ament_index/resource_index/packages/topic
[6.123s] -- Up-to-date: /home/wang/hello/install/topic/share/topic/cmake/topicConfig.cmake
[6.123s] -- Up-to-date: /home/wang/hello/install/topic/share/topic/cmake/topicConfig-version.cmake
[6.123s] -- Installing: /home/wang/hello/install/topic/share/topic/package.xml
[6.123s] Invoked command in '/home/wang/hello/build/topic' returned '0': AMENT_PREFIX_PATH=/home/wang/hello/install/base_interfaces_demo:${AMENT_PREFIX_PATH} CMAKE_PREFIX_PATH=/home/wang/hello/install/base_interfaces_demo:/opt/ros/humble LD_LIBRARY_PATH=/home/wang/hello/install/base_interfaces_demo/lib:${LD_LIBRARY_PATH} PYTHONPATH=/home/wang/hello/install/base_interfaces_demo/local/lib/python3.10/dist-packages:${PYTHONPATH} /usr/bin/cmake --install /home/wang/hello/build/topic
