In file included from [01m[K/opt/ros/humble/include/rclcpp/rclcpp/logging.hpp:24[m[K,
                 from [01m[K/opt/ros/humble/include/rclcpp/rclcpp/client.hpp:40[m[K,
                 from [01m[K/opt/ros/humble/include/rclcpp/rclcpp/callback_group.hpp:24[m[K,
                 from [01m[K/opt/ros/humble/include/rclcpp/rclcpp/any_executable.hpp:20[m[K,
                 from [01m[K/opt/ros/humble/include/rclcpp/rclcpp/memory_strategy.hpp:25[m[K,
                 from [01m[K/opt/ros/humble/include/rclcpp/rclcpp/memory_strategies.hpp:18[m[K,
                 from [01m[K/opt/ros/humble/include/rclcpp/rclcpp/executor_options.hpp:20[m[K,
                 from [01m[K/opt/ros/humble/include/rclcpp/rclcpp/executor.hpp:37[m[K,
                 from [01m[K/opt/ros/humble/include/rclcpp/rclcpp/executors/multi_threaded_executor.hpp:25[m[K,
                 from [01m[K/opt/ros/humble/include/rclcpp/rclcpp/executors.hpp:21[m[K,
                 from [01m[K/opt/ros/humble/include/rclcpp/rclcpp/rclcpp.hpp:155[m[K,
                 from [01m[K/home/wang/hello/src/action/src/demo01_server.cpp:1[m[K:
[01m[K/home/wang/hello/src/action/src/demo01_server.cpp:[m[K In member function ‘[01m[Kvoid MyActionServer::execute(std::shared_ptr<rclcpp_action::ServerGoalHandle<base_interfaces_demo::action::Process> >)[m[K’:
[01m[K/home/wang/hello/src/action/src/demo01_server.cpp:57:44:[m[K [01;35m[Kwarning: [m[Kformat ‘[01m[K%f[m[K’ expects argument of type ‘[01m[Kdouble[m[K’, but argument 5 has type ‘[01m[Kbase_interfaces_demo::action::Process_Feedback_<std::allocator<void> >::_process_type[m[K’ {aka ‘[01m[Klong int[m[K’} [[01;35m[K]8;;https://gcc.gnu.org/onlinedocs/gcc/Warning-Options.html#index-Wformat=-Wformat=]8;;[m[K]
   57 |             RCLCPP_INFO(this->get_logger(),[01;35m[K"连续反馈中，进度：%.2f"[m[K,[32m[Kfeedback->process[m[K);
      |                                            [01;35m[K^~~~~~~~~~~~~~~~~~~~~~~~[m[K [32m[K~~~~~~~~~~~~~~~~~[m[K
      |                                                                               [32m[K|[m[K
      |                                                                               [32m[Kbase_interfaces_demo::action::Process_Feedback_<std::allocator<void> >::_process_type {aka long int}[m[K
[01m[K/home/wang/hello/src/action/src/demo01_server.cpp:57:66:[m[K [01;36m[Knote: [m[Kformat string is defined here
   57 |             RCLCPP_INFO(this->get_logger(),"连续反馈中，进度：[01;36m[K%.2f[m[K",feedback->process);
      |                                                               [01;36m[K~~~^[m[K
      |                                                                  [01;36m[K|[m[K
      |                                                                  [01;36m[Kdouble[m[K
      |                                                               [32m[K%.2ld[m[K
