-- Found ament_cmake: 1.3.9 (/opt/ros/humble/share/ament_cmake/cmake)
-- Found rclcpp: 16.0.9 (/opt/ros/humble/share/rclcpp/cmake)
-- Found rosidl_generator_c: 3.1.5 (/opt/ros/humble/share/rosidl_generator_c/cmake)
-- Found rosidl_adapter: 3.1.5 (/opt/ros/humble/share/rosidl_adapter/cmake)
-- Found rosidl_generator_cpp: 3.1.5 (/opt/ros/humble/share/rosidl_generator_cpp/cmake)
-- Using all available rosidl_typesupport_c: rosidl_typesupport_fastrtps_c;rosidl_typesupport_introspection_c
-- Using all available rosidl_typesupport_cpp: rosidl_typesupport_fastrtps_cpp;rosidl_typesupport_introspection_cpp
-- Found rmw_implementation_cmake: 6.1.2 (/opt/ros/humble/share/rmw_implementation_cmake/cmake)
-- Found rmw_fastrtps_cpp: 6.2.6 (/opt/ros/humble/share/rmw_fastrtps_cpp/cmake)
-- Using RMW implementation 'rmw_fastrtps_cpp' as default
-- Found rclcpp_action: 16.0.9 (/opt/ros/humble/share/rclcpp_action/cmake)
-- Found base_interfaces_demo: 0.0.0 (/home/wang/hello/install/base_interfaces_demo/share/base_interfaces_demo/cmake)
-- Found ament_lint_auto: 0.12.11 (/opt/ros/humble/share/ament_lint_auto/cmake)
-- Added test 'cppcheck' to perform static code analysis on C / C++ code
-- Configured cppcheck include dirs: $<BUILD_INTERFACE:/home/wang/hello/src/action/include>
-- Configured cppcheck exclude dirs and/or files: 
-- Added test 'lint_cmake' to check CMake code style
-- Added test 'uncrustify' to check C / C++ code style
-- Configured uncrustify additional arguments: 
-- Added test 'xmllint' to check XML markup files
-- Configuring done
-- Generating done
-- Build files have been written to: /home/wang/hello/build/action
[ 50%] [32mBuilding CXX object CMakeFiles/demo01_server.dir/src/demo01_server.cpp.o[0m
In file included from [01m[K/opt/ros/humble/include/rclcpp/rclcpp/logging.hpp:24[m[K,
                 from [01m[K/opt/ros/humble/include/rclcpp/rclcpp/client.hpp:40[m[K,
                 from [01m[K/opt/ros/humble/include/rclcpp/rclcpp/callback_group.hpp:24[m[K,
                 from [01m[K/opt/ros/humble/include/rclcpp/rclcpp/any_executable.hpp:20[m[K,
                 from [01m[K/opt/ros/humble/include/rclcpp/rclcpp/memory_strategy.hpp:25[m[K,
                 from [01m[K/opt/ros/humble/include/rclcpp/rclcpp/memory_strategies.hpp:18[m[K,
                 from [01m[K/opt/ros/humble/include/rclcpp/rclcpp/executor_options.hpp:20[m[K,
                 from [01m[K/opt/ros/humble/include/rclcpp/rclcpp/executor.hpp:37[m[K,
                 from [01m[K/opt/ros/humble/include/rclcpp/rclcpp/executors/multi_threaded_executor.hpp:25[m[K,
                 from [01m[K/opt/ros/humble/include/rclcpp/rclcpp/executors.hpp:21[m[K,
                 from [01m[K/opt/ros/humble/include/rclcpp/rclcpp/rclcpp.hpp:155[m[K,
                 from [01m[K/home/wang/hello/src/action/src/demo01_server.cpp:1[m[K:
[01m[K/home/wang/hello/src/action/src/demo01_server.cpp:[m[K In member function ‘[01m[Kvoid MyActionServer::execute(std::shared_ptr<rclcpp_action::ServerGoalHandle<base_interfaces_demo::action::Process> >)[m[K’:
[01m[K/home/wang/hello/src/action/src/demo01_server.cpp:57:44:[m[K [01;35m[Kwarning: [m[Kformat ‘[01m[K%f[m[K’ expects argument of type ‘[01m[Kdouble[m[K’, but argument 5 has type ‘[01m[Kbase_interfaces_demo::action::Process_Feedback_<std::allocator<void> >::_process_type[m[K’ {aka ‘[01m[Klong int[m[K’} [[01;35m[K]8;;https://gcc.gnu.org/onlinedocs/gcc/Warning-Options.html#index-Wformat=-Wformat=]8;;[m[K]
   57 |             RCLCPP_INFO(this->get_logger(),[01;35m[K"连续反馈中，进度：%.2f"[m[K,[32m[Kfeedback->process[m[K);
      |                                            [01;35m[K^~~~~~~~~~~~~~~~~~~~~~~~[m[K [32m[K~~~~~~~~~~~~~~~~~[m[K
      |                                                                               [32m[K|[m[K
      |                                                                               [32m[Kbase_interfaces_demo::action::Process_Feedback_<std::allocator<void> >::_process_type {aka long int}[m[K
[01m[K/home/wang/hello/src/action/src/demo01_server.cpp:57:66:[m[K [01;36m[Knote: [m[Kformat string is defined here
   57 |             RCLCPP_INFO(this->get_logger(),"连续反馈中，进度：[01;36m[K%.2f[m[K",feedback->process);
      |                                                               [01;36m[K~~~^[m[K
      |                                                                  [01;36m[K|[m[K
      |                                                                  [01;36m[Kdouble[m[K
      |                                                               [32m[K%.2ld[m[K
[100%] [32m[1mLinking CXX executable demo01_server[0m
[100%] Built target demo01_server
-- Install configuration: ""
-- Installing: /home/wang/hello/install/action/lib/action/demo01_server
-- Set runtime path of "/home/wang/hello/install/action/lib/action/demo01_server" to ""
-- Installing: /home/wang/hello/install/action/share/ament_index/resource_index/package_run_dependencies/action
-- Installing: /home/wang/hello/install/action/share/ament_index/resource_index/parent_prefix_path/action
-- Installing: /home/wang/hello/install/action/share/action/environment/ament_prefix_path.sh
-- Installing: /home/wang/hello/install/action/share/action/environment/ament_prefix_path.dsv
-- Installing: /home/wang/hello/install/action/share/action/environment/path.sh
-- Installing: /home/wang/hello/install/action/share/action/environment/path.dsv
-- Installing: /home/wang/hello/install/action/share/action/local_setup.bash
-- Installing: /home/wang/hello/install/action/share/action/local_setup.sh
-- Installing: /home/wang/hello/install/action/share/action/local_setup.zsh
-- Installing: /home/wang/hello/install/action/share/action/local_setup.dsv
-- Installing: /home/wang/hello/install/action/share/action/package.dsv
-- Installing: /home/wang/hello/install/action/share/ament_index/resource_index/packages/action
-- Installing: /home/wang/hello/install/action/share/action/cmake/actionConfig.cmake
-- Installing: /home/wang/hello/install/action/share/action/cmake/actionConfig-version.cmake
-- Installing: /home/wang/hello/install/action/share/action/package.xml
