[0.008s] Invoking command in '/home/wang/hello/build/some_launch': CMAKE_PREFIX_PATH=${CMAKE_PREFIX_PATH}:/opt/ros/humble /usr/bin/cmake --build /home/wang/hello/build/some_launch -- -j16 -l16
[0.029s] -- Found ament_cmake: 1.3.11 (/opt/ros/humble/share/ament_cmake/cmake)
[0.125s] -- Found ament_lint_auto: 0.12.11 (/opt/ros/humble/share/ament_lint_auto/cmake)
[0.176s] -- Added test 'flake8' to check Python code syntax and style conventions
[0.176s] -- Added test 'lint_cmake' to check CMake code style
[0.176s] -- Added test 'pep257' to check Python code against some of the docstring style conventions in PEP 257
[0.177s] -- Added test 'xmllint' to check XML markup files
[0.177s] -- Configuring done
[0.179s] -- Generating done
[0.180s] -- Build files have been written to: /home/wang/hello/build/some_launch
[0.200s] Invoked command in '/home/wang/hello/build/some_launch' returned '0': CMAKE_PREFIX_PATH=${CMAKE_PREFIX_PATH}:/opt/ros/humble /usr/bin/cmake --build /home/wang/hello/build/some_launch -- -j16 -l16
[0.213s] Invoking command in '/home/wang/hello/build/some_launch': CMAKE_PREFIX_PATH=${CMAKE_PREFIX_PATH}:/opt/ros/humble /usr/bin/cmake --install /home/wang/hello/build/some_launch
[0.227s] -- Install configuration: ""
[0.227s] -- Up-to-date: /home/wang/hello/install/some_launch/share/some_launch/launch
[0.227s] -- Installing: /home/wang/hello/install/some_launch/share/some_launch/launch/demo01_node.launch.py
[0.228s] -- Installing: /home/wang/hello/install/some_launch/share/some_launch/config
[0.228s] -- Installing: /home/wang/hello/install/some_launch/share/some_launch/config/t2.yaml
[0.228s] -- Up-to-date: /home/wang/hello/install/some_launch/share/ament_index/resource_index/package_run_dependencies/some_launch
[0.228s] -- Installing: /home/wang/hello/install/some_launch/share/ament_index/resource_index/parent_prefix_path/some_launch
[0.228s] -- Up-to-date: /home/wang/hello/install/some_launch/share/some_launch/environment/ament_prefix_path.sh
[0.228s] -- Installing: /home/wang/hello/install/some_launch/share/some_launch/environment/ament_prefix_path.dsv
[0.229s] -- Up-to-date: /home/wang/hello/install/some_launch/share/some_launch/environment/path.sh
[0.229s] -- Installing: /home/wang/hello/install/some_launch/share/some_launch/environment/path.dsv
[0.229s] -- Up-to-date: /home/wang/hello/install/some_launch/share/some_launch/local_setup.bash
[0.229s] -- Up-to-date: /home/wang/hello/install/some_launch/share/some_launch/local_setup.sh
[0.229s] -- Up-to-date: /home/wang/hello/install/some_launch/share/some_launch/local_setup.zsh
[0.229s] -- Installing: /home/wang/hello/install/some_launch/share/some_launch/local_setup.dsv
[0.229s] -- Installing: /home/wang/hello/install/some_launch/share/some_launch/package.dsv
[0.229s] -- Up-to-date: /home/wang/hello/install/some_launch/share/ament_index/resource_index/packages/some_launch
[0.230s] -- Up-to-date: /home/wang/hello/install/some_launch/share/some_launch/cmake/some_launchConfig.cmake
[0.230s] -- Up-to-date: /home/wang/hello/install/some_launch/share/some_launch/cmake/some_launchConfig-version.cmake
[0.230s] -- Up-to-date: /home/wang/hello/install/some_launch/share/some_launch/package.xml
[0.231s] Invoked command in '/home/wang/hello/build/some_launch' returned '0': CMAKE_PREFIX_PATH=${CMAKE_PREFIX_PATH}:/opt/ros/humble /usr/bin/cmake --install /home/wang/hello/build/some_launch
