[ 25%] [32mBuilding CXX object CMakeFiles/demo02_dynamic_tf_broadcaster.dir/src/demo02_dynamic_tf_broadcaster.cpp.o[0m
[ 75%] Built target demo01_static_tf_broadcaster
[100%] [32m[1mLinking CXX executable demo02_dynamic_tf_broadcaster[0m
[100%] Built target demo02_dynamic_tf_broadcaster
-- Install configuration: ""
-- Installing: /home/wang/hello/install/tf_broadcaster/lib/tf_broadcaster/demo01_static_tf_broadcaster
-- Set runtime path of "/home/wang/hello/install/tf_broadcaster/lib/tf_broadcaster/demo01_static_tf_broadcaster" to ""
-- Installing: /home/wang/hello/install/tf_broadcaster/lib/tf_broadcaster/demo02_dynamic_tf_broadcaster
-- Set runtime path of "/home/wang/hello/install/tf_broadcaster/lib/tf_broadcaster/demo02_dynamic_tf_broadcaster" to ""
-- Installing: /home/wang/hello/install/tf_broadcaster/share/ament_index/resource_index/package_run_dependencies/tf_broadcaster
-- Installing: /home/wang/hello/install/tf_broadcaster/share/ament_index/resource_index/parent_prefix_path/tf_broadcaster
-- Installing: /home/wang/hello/install/tf_broadcaster/share/tf_broadcaster/environment/ament_prefix_path.sh
-- Installing: /home/wang/hello/install/tf_broadcaster/share/tf_broadcaster/environment/ament_prefix_path.dsv
-- Installing: /home/wang/hello/install/tf_broadcaster/share/tf_broadcaster/environment/path.sh
-- Installing: /home/wang/hello/install/tf_broadcaster/share/tf_broadcaster/environment/path.dsv
-- Installing: /home/wang/hello/install/tf_broadcaster/share/tf_broadcaster/local_setup.bash
-- Installing: /home/wang/hello/install/tf_broadcaster/share/tf_broadcaster/local_setup.sh
-- Installing: /home/wang/hello/install/tf_broadcaster/share/tf_broadcaster/local_setup.zsh
-- Installing: /home/wang/hello/install/tf_broadcaster/share/tf_broadcaster/local_setup.dsv
-- Up-to-date: /home/wang/hello/install/tf_broadcaster/share/tf_broadcaster/package.dsv
-- Installing: /home/wang/hello/install/tf_broadcaster/share/ament_index/resource_index/packages/tf_broadcaster
-- Installing: /home/wang/hello/install/tf_broadcaster/share/tf_broadcaster/cmake/tf_broadcasterConfig.cmake
-- Installing: /home/wang/hello/install/tf_broadcaster/share/tf_broadcaster/cmake/tf_broadcasterConfig-version.cmake
-- Installing: /home/wang/hello/install/tf_broadcaster/share/tf_broadcaster/package.xml
