[0.007s] Invoking command in '/home/wang/hello/build/param': CMAKE_PREFIX_PATH=${CMAKE_PREFIX_PATH}:/opt/ros/humble /usr/bin/cmake /home/wang/hello/src/param -DCMAKE_INSTALL_PREFIX=/home/wang/hello/install/param
[0.086s] -- The C compiler identification is GNU 11.4.0
[0.145s] -- The CXX compiler identification is GNU 11.4.0
[0.150s] -- Detecting C compiler ABI info
[0.236s] -- Detecting C compiler ABI info - done
[0.243s] -- Check for working C compiler: /usr/bin/cc - skipped
[0.244s] -- Detecting C compile features
[0.244s] -- Detecting C compile features - done
[0.246s] -- Detecting CXX compiler ABI info
[0.345s] -- Detecting CXX compiler ABI info - done
[0.351s] -- Check for working CXX compiler: /usr/bin/c++ - skipped
[0.351s] -- Detecting CXX compile features
[0.352s] -- Detecting CXX compile features - done
[0.353s] -- Found ament_cmake: 1.3.9 (/opt/ros/humble/share/ament_cmake/cmake)
[0.496s] -- Found Python3: /usr/bin/python3 (found version "3.10.12") found components: Interpreter 
[0.559s] -- Found rclcpp: 16.0.9 (/opt/ros/humble/share/rclcpp/cmake)
[0.585s] -- Found rosidl_generator_c: 3.1.5 (/opt/ros/humble/share/rosidl_generator_c/cmake)
[0.588s] -- Found rosidl_adapter: 3.1.5 (/opt/ros/humble/share/rosidl_adapter/cmake)
[0.593s] -- Found rosidl_generator_cpp: 3.1.5 (/opt/ros/humble/share/rosidl_generator_cpp/cmake)
[0.603s] -- Using all available rosidl_typesupport_c: rosidl_typesupport_fastrtps_c;rosidl_typesupport_introspection_c
[0.616s] -- Using all available rosidl_typesupport_cpp: rosidl_typesupport_fastrtps_cpp;rosidl_typesupport_introspection_cpp
[0.661s] -- Found rmw_implementation_cmake: 6.1.2 (/opt/ros/humble/share/rmw_implementation_cmake/cmake)
[0.663s] -- Found rmw_fastrtps_cpp: 6.2.6 (/opt/ros/humble/share/rmw_fastrtps_cpp/cmake)
[0.741s] -- Found OpenSSL: /usr/lib/x86_64-linux-gnu/libcrypto.so (found version "3.0.2")  
[0.761s] -- Found FastRTPS: /opt/ros/humble/include  
[0.794s] -- Using RMW implementation 'rmw_fastrtps_cpp' as default
[0.800s] -- Looking for pthread.h
[0.879s] -- Looking for pthread.h - found
[0.880s] -- Performing Test CMAKE_HAVE_LIBC_PTHREAD
[0.976s] -- Performing Test CMAKE_HAVE_LIBC_PTHREAD - Success
[0.977s] -- Found Threads: TRUE  
[1.083s] -- Found ament_lint_auto: 0.12.11 (/opt/ros/humble/share/ament_lint_auto/cmake)
[1.142s] -- Added test 'cppcheck' to perform static code analysis on C / C++ code
[1.143s] -- Configured cppcheck include dirs: $<BUILD_INTERFACE:/home/wang/hello/src/param/include>
[1.143s] -- Configured cppcheck exclude dirs and/or files: 
[1.143s] -- Added test 'lint_cmake' to check CMake code style
[1.143s] -- Added test 'uncrustify' to check C / C++ code style
[1.143s] -- Configured uncrustify additional arguments: 
[1.144s] -- Added test 'xmllint' to check XML markup files
[1.144s] -- Configuring done
[1.149s] -- Generating done
[1.150s] -- Build files have been written to: /home/wang/hello/build/param
[1.155s] Invoked command in '/home/wang/hello/build/param' returned '0': CMAKE_PREFIX_PATH=${CMAKE_PREFIX_PATH}:/opt/ros/humble /usr/bin/cmake /home/wang/hello/src/param -DCMAKE_INSTALL_PREFIX=/home/wang/hello/install/param
[1.157s] Invoking command in '/home/wang/hello/build/param': CMAKE_PREFIX_PATH=${CMAKE_PREFIX_PATH}:/opt/ros/humble /usr/bin/cmake --build /home/wang/hello/build/param -- -j16 -l16
[1.199s] [ 50%] [32mBuilding CXX object CMakeFiles/demo_param.dir/src/demo_param.cpp.o[0m
[3.009s] [100%] [32m[1mLinking CXX executable demo_param[0m
[3.109s] [100%] Built target demo_param
[3.118s] Invoked command in '/home/wang/hello/build/param' returned '0': CMAKE_PREFIX_PATH=${CMAKE_PREFIX_PATH}:/opt/ros/humble /usr/bin/cmake --build /home/wang/hello/build/param -- -j16 -l16
[3.160s] Invoking command in '/home/wang/hello/build/param': CMAKE_PREFIX_PATH=${CMAKE_PREFIX_PATH}:/opt/ros/humble /usr/bin/cmake --install /home/wang/hello/build/param
[3.169s] -- Install configuration: ""
[3.169s] -- Installing: /home/wang/hello/install/param/lib/param/demo_param
[3.169s] -- Set runtime path of "/home/wang/hello/install/param/lib/param/demo_param" to ""
[3.169s] -- Installing: /home/wang/hello/install/param/share/ament_index/resource_index/package_run_dependencies/param
[3.169s] -- Installing: /home/wang/hello/install/param/share/ament_index/resource_index/parent_prefix_path/param
[3.170s] -- Installing: /home/wang/hello/install/param/share/param/environment/ament_prefix_path.sh
[3.170s] -- Installing: /home/wang/hello/install/param/share/param/environment/ament_prefix_path.dsv
[3.170s] -- Installing: /home/wang/hello/install/param/share/param/environment/path.sh
[3.170s] -- Installing: /home/wang/hello/install/param/share/param/environment/path.dsv
[3.170s] -- Installing: /home/wang/hello/install/param/share/param/local_setup.bash
[3.170s] -- Installing: /home/wang/hello/install/param/share/param/local_setup.sh
[3.170s] -- Installing: /home/wang/hello/install/param/share/param/local_setup.zsh
[3.171s] -- Installing: /home/wang/hello/install/param/share/param/local_setup.dsv
[3.171s] -- Installing: /home/wang/hello/install/param/share/param/package.dsv
[3.171s] -- Installing: /home/wang/hello/install/param/share/ament_index/resource_index/packages/param
[3.171s] -- Installing: /home/wang/hello/install/param/share/param/cmake/paramConfig.cmake
[3.171s] -- Installing: /home/wang/hello/install/param/share/param/cmake/paramConfig-version.cmake
[3.171s] -- Installing: /home/wang/hello/install/param/share/param/package.xml
[3.173s] Invoked command in '/home/wang/hello/build/param' returned '0': CMAKE_PREFIX_PATH=${CMAKE_PREFIX_PATH}:/opt/ros/humble /usr/bin/cmake --install /home/wang/hello/build/param
