[0.009s] Invoking command in '/home/wang/hello/build/topic': CMAKE_PREFIX_PATH=/home/wang/hello/install/base_interfaces_demo:/home/wang/hello/install/topic:/opt/ros/humble /usr/bin/cmake --build /home/wang/hello/build/topic -- -j16 -l16
[0.034s] [35m[1mConsolidate compiler generated dependencies of target demo02_sub[0m
[0.042s] [ 25%] [32mBuilding CXX object CMakeFiles/demo01_pub.dir/src/demo01_pub.cpp.o[0m
[0.045s] [ 50%] [32mBuilding CXX object CMakeFiles/demo02_sub.dir/src/demo02_sub.cpp.o[0m
[2.821s] [ 75%] [32m[1mLinking CXX executable demo01_pub[0m
[2.942s] [ 75%] Built target demo01_pub
[5.077s] [100%] [32m[1mLinking CXX executable demo02_sub[0m
[5.305s] [100%] Built target demo02_sub
[5.313s] Invoked command in '/home/wang/hello/build/topic' returned '0': CMAKE_PREFIX_PATH=/home/wang/hello/install/base_interfaces_demo:/home/wang/hello/install/topic:/opt/ros/humble /usr/bin/cmake --build /home/wang/hello/build/topic -- -j16 -l16
[5.335s] Invoking command in '/home/wang/hello/build/topic': CMAKE_PREFIX_PATH=/home/wang/hello/install/base_interfaces_demo:/home/wang/hello/install/topic:/opt/ros/humble /usr/bin/cmake --install /home/wang/hello/build/topic
[5.339s] -- Install configuration: ""
[5.339s] -- Installing: /home/wang/hello/install/topic/lib/topic/demo01_pub
[5.340s] -- Set runtime path of "/home/wang/hello/install/topic/lib/topic/demo01_pub" to ""
[5.340s] -- Installing: /home/wang/hello/install/topic/lib/topic/demo02_sub
[5.343s] -- Set runtime path of "/home/wang/hello/install/topic/lib/topic/demo02_sub" to ""
[5.343s] -- Up-to-date: /home/wang/hello/install/topic/share/ament_index/resource_index/package_run_dependencies/topic
[5.343s] -- Up-to-date: /home/wang/hello/install/topic/share/ament_index/resource_index/parent_prefix_path/topic
[5.343s] -- Up-to-date: /home/wang/hello/install/topic/share/topic/environment/ament_prefix_path.sh
[5.343s] -- Up-to-date: /home/wang/hello/install/topic/share/topic/environment/ament_prefix_path.dsv
[5.343s] -- Up-to-date: /home/wang/hello/install/topic/share/topic/environment/path.sh
[5.343s] -- Up-to-date: /home/wang/hello/install/topic/share/topic/environment/path.dsv
[5.343s] -- Up-to-date: /home/wang/hello/install/topic/share/topic/local_setup.bash
[5.344s] -- Up-to-date: /home/wang/hello/install/topic/share/topic/local_setup.sh
[5.344s] -- Up-to-date: /home/wang/hello/install/topic/share/topic/local_setup.zsh
[5.344s] -- Up-to-date: /home/wang/hello/install/topic/share/topic/local_setup.dsv
[5.344s] -- Installing: /home/wang/hello/install/topic/share/topic/package.dsv
[5.344s] -- Up-to-date: /home/wang/hello/install/topic/share/ament_index/resource_index/packages/topic
[5.344s] -- Up-to-date: /home/wang/hello/install/topic/share/topic/cmake/topicConfig.cmake
[5.344s] -- Up-to-date: /home/wang/hello/install/topic/share/topic/cmake/topicConfig-version.cmake
[5.344s] -- Up-to-date: /home/wang/hello/install/topic/share/topic/package.xml
[5.345s] Invoked command in '/home/wang/hello/build/topic' returned '0': CMAKE_PREFIX_PATH=/home/wang/hello/install/base_interfaces_demo:/home/wang/hello/install/topic:/opt/ros/humble /usr/bin/cmake --install /home/wang/hello/build/topic
