[0.009s] Invoking command in '/home/wang/hello/build/topic': CMAKE_PREFIX_PATH=/home/wang/hello/install/base_interfaces_demo:/home/wang/hello/install/topic:/opt/ros/humble /usr/bin/cmake --build /home/wang/hello/build/topic -- -j16 -l16
[0.023s] -- Found ament_cmake: 1.3.9 (/opt/ros/humble/share/ament_cmake/cmake)
[0.111s] -- Found rclcpp: 16.0.9 (/opt/ros/humble/share/rclcpp/cmake)
[0.130s] -- Found rosidl_generator_c: 3.1.5 (/opt/ros/humble/share/rosidl_generator_c/cmake)
[0.131s] -- Found rosidl_adapter: 3.1.5 (/opt/ros/humble/share/rosidl_adapter/cmake)
[0.135s] -- Found rosidl_generator_cpp: 3.1.5 (/opt/ros/humble/share/rosidl_generator_cpp/cmake)
[0.147s] -- Using all available rosidl_typesupport_c: rosidl_typesupport_fastrtps_c;rosidl_typesupport_introspection_c
[0.157s] -- Using all available rosidl_typesupport_cpp: rosidl_typesupport_fastrtps_cpp;rosidl_typesupport_introspection_cpp
[0.194s] -- Found rmw_implementation_cmake: 6.1.2 (/opt/ros/humble/share/rmw_implementation_cmake/cmake)
[0.195s] -- Found rmw_fastrtps_cpp: 6.2.6 (/opt/ros/humble/share/rmw_fastrtps_cpp/cmake)
[0.270s] -- Using RMW implementation 'rmw_fastrtps_cpp' as default
[0.373s] -- Found base_interfaces_demo: 0.0.0 (/home/wang/hello/install/base_interfaces_demo/share/base_interfaces_demo/cmake)
[0.383s] -- Found ament_lint_auto: 0.12.11 (/opt/ros/humble/share/ament_lint_auto/cmake)
[0.428s] -- Added test 'cppcheck' to perform static code analysis on C / C++ code
[0.428s] -- Configured cppcheck include dirs: $<BUILD_INTERFACE:/home/wang/hello/src/topic/include>
[0.428s] -- Configured cppcheck exclude dirs and/or files: 
[0.429s] -- Added test 'lint_cmake' to check CMake code style
[0.429s] -- Added test 'uncrustify' to check C / C++ code style
[0.429s] -- Configured uncrustify additional arguments: 
[0.429s] -- Added test 'xmllint' to check XML markup files
[0.429s] -- Configuring done
[0.437s] -- Generating done
[0.439s] -- Build files have been written to: /home/wang/hello/build/topic
[0.458s] [35m[1mConsolidate compiler generated dependencies of target demo02_sub[0m
[0.458s] [35m[1mConsolidate compiler generated dependencies of target demo01_pub[0m
[0.469s] [ 75%] Built target demo01_pub
[0.469s] [ 75%] [32mBuilding CXX object CMakeFiles/demo02_sub.dir/src/demo02_sub.cpp.o[0m
[5.499s] [100%] [32m[1mLinking CXX executable demo02_sub[0m
[5.726s] [100%] Built target demo02_sub
[5.733s] Invoked command in '/home/wang/hello/build/topic' returned '0': CMAKE_PREFIX_PATH=/home/wang/hello/install/base_interfaces_demo:/home/wang/hello/install/topic:/opt/ros/humble /usr/bin/cmake --build /home/wang/hello/build/topic -- -j16 -l16
[5.763s] Invoking command in '/home/wang/hello/build/topic': CMAKE_PREFIX_PATH=/home/wang/hello/install/base_interfaces_demo:/home/wang/hello/install/topic:/opt/ros/humble /usr/bin/cmake --install /home/wang/hello/build/topic
[5.772s] -- Install configuration: ""
[5.772s] -- Up-to-date: /home/wang/hello/install/topic/lib/topic/demo01_pub
[5.772s] -- Installing: /home/wang/hello/install/topic/lib/topic/demo02_sub
[5.776s] -- Set runtime path of "/home/wang/hello/install/topic/lib/topic/demo02_sub" to ""
[5.776s] -- Up-to-date: /home/wang/hello/install/topic/share/ament_index/resource_index/package_run_dependencies/topic
[5.776s] -- Up-to-date: /home/wang/hello/install/topic/share/ament_index/resource_index/parent_prefix_path/topic
[5.776s] -- Up-to-date: /home/wang/hello/install/topic/share/topic/environment/ament_prefix_path.sh
[5.776s] -- Installing: /home/wang/hello/install/topic/share/topic/environment/ament_prefix_path.dsv
[5.776s] -- Up-to-date: /home/wang/hello/install/topic/share/topic/environment/path.sh
[5.776s] -- Installing: /home/wang/hello/install/topic/share/topic/environment/path.dsv
[5.776s] -- Up-to-date: /home/wang/hello/install/topic/share/topic/local_setup.bash
[5.776s] -- Up-to-date: /home/wang/hello/install/topic/share/topic/local_setup.sh
[5.776s] -- Up-to-date: /home/wang/hello/install/topic/share/topic/local_setup.zsh
[5.776s] -- Installing: /home/wang/hello/install/topic/share/topic/local_setup.dsv
[5.776s] -- Installing: /home/wang/hello/install/topic/share/topic/package.dsv
[5.776s] -- Up-to-date: /home/wang/hello/install/topic/share/ament_index/resource_index/packages/topic
[5.776s] -- Up-to-date: /home/wang/hello/install/topic/share/topic/cmake/topicConfig.cmake
[5.777s] -- Up-to-date: /home/wang/hello/install/topic/share/topic/cmake/topicConfig-version.cmake
[5.777s] -- Up-to-date: /home/wang/hello/install/topic/share/topic/package.xml
[5.778s] Invoked command in '/home/wang/hello/build/topic' returned '0': CMAKE_PREFIX_PATH=/home/wang/hello/install/base_interfaces_demo:/home/wang/hello/install/topic:/opt/ros/humble /usr/bin/cmake --install /home/wang/hello/build/topic
