[0.008s] Invoking command in '/home/wang/hello/build/param': CMAKE_PREFIX_PATH=${CMAKE_PREFIX_PATH}:/opt/ros/humble /usr/bin/cmake --build /home/wang/hello/build/param -- -j16 -l16
[0.034s] -- Found ament_cmake: 1.3.9 (/opt/ros/humble/share/ament_cmake/cmake)
[0.137s] -- Found rclcpp: 16.0.9 (/opt/ros/humble/share/rclcpp/cmake)
[0.155s] -- Found rosidl_generator_c: 3.1.5 (/opt/ros/humble/share/rosidl_generator_c/cmake)
[0.156s] -- Found rosidl_adapter: 3.1.5 (/opt/ros/humble/share/rosidl_adapter/cmake)
[0.160s] -- Found rosidl_generator_cpp: 3.1.5 (/opt/ros/humble/share/rosidl_generator_cpp/cmake)
[0.167s] -- Using all available rosidl_typesupport_c: rosidl_typesupport_fastrtps_c;rosidl_typesupport_introspection_c
[0.177s] -- Using all available rosidl_typesupport_cpp: rosidl_typesupport_fastrtps_cpp;rosidl_typesupport_introspection_cpp
[0.215s] -- Found rmw_implementation_cmake: 6.1.2 (/opt/ros/humble/share/rmw_implementation_cmake/cmake)
[0.216s] -- Found rmw_fastrtps_cpp: 6.2.6 (/opt/ros/humble/share/rmw_fastrtps_cpp/cmake)
[0.293s] -- Using RMW implementation 'rmw_fastrtps_cpp' as default
[0.397s] -- Found ament_lint_auto: 0.12.11 (/opt/ros/humble/share/ament_lint_auto/cmake)
[0.443s] -- Added test 'cppcheck' to perform static code analysis on C / C++ code
[0.443s] -- Configured cppcheck include dirs: $<BUILD_INTERFACE:/home/wang/hello/src/param/include>
[0.443s] -- Configured cppcheck exclude dirs and/or files: 
[0.443s] -- Added test 'lint_cmake' to check CMake code style
[0.443s] -- Added test 'uncrustify' to check C / C++ code style
[0.443s] -- Configured uncrustify additional arguments: 
[0.443s] -- Added test 'xmllint' to check XML markup files
[0.444s] -- Configuring done
[0.450s] -- Generating done
[0.451s] -- Build files have been written to: /home/wang/hello/build/param
[0.474s] [35m[1mConsolidate compiler generated dependencies of target demo_param[0m
[0.488s] [ 25%] [32mBuilding CXX object CMakeFiles/demo02_param_client.dir/src/demo02_param_client.cpp.o[0m
[0.489s] [ 75%] Built target demo_param
[2.162s] [100%] [32m[1mLinking CXX executable demo02_param_client[0m
[2.228s] /usr/bin/ld: /usr/lib/gcc/x86_64-linux-gnu/11/../../../x86_64-linux-gnu/Scrt1.o: in function `_start':
[2.228s] (.text+0x1b): undefined reference to `main'
[2.230s] collect2: error: ld returned 1 exit status
[2.232s] gmake[2]: *** [CMakeFiles/demo02_param_client.dir/build.make:151：demo02_param_client] 错误 1
[2.232s] gmake[1]: *** [CMakeFiles/Makefile2:165：CMakeFiles/demo02_param_client.dir/all] 错误 2
[2.232s] gmake: *** [Makefile:146：all] 错误 2
[2.234s] Invoked command in '/home/wang/hello/build/param' returned '2': CMAKE_PREFIX_PATH=${CMAKE_PREFIX_PATH}:/opt/ros/humble /usr/bin/cmake --build /home/wang/hello/build/param -- -j16 -l16
