[0.006s] Invoking command in '/home/wang/hello/build/base_interfaces_demo': CMAKE_PREFIX_PATH=/opt/ros/humble /usr/bin/cmake /home/wang/hello/src/base_interfaces_demo -DCMAKE_INSTALL_PREFIX=/home/wang/hello/install/base_interfaces_demo
[0.082s] -- The C compiler identification is GNU 11.4.0
[0.163s] -- The CXX compiler identification is GNU 11.4.0
[0.174s] -- Detecting C compiler ABI info
[0.252s] -- Detecting C compiler ABI info - done
[0.257s] -- Check for working C compiler: /usr/bin/cc - skipped
[0.258s] -- Detecting C compile features
[0.258s] -- Detecting C compile features - done
[0.261s] -- Detecting CXX compiler ABI info
[0.324s] -- Detecting CXX compiler ABI info - done
[0.330s] -- Check for working CXX compiler: /usr/bin/c++ - skipped
[0.330s] -- Detecting CXX compile features
[0.330s] -- Detecting CXX compile features - done
[0.333s] -- Found ament_cmake: 1.3.9 (/opt/ros/humble/share/ament_cmake/cmake)
[0.452s] -- Found Python3: /usr/bin/python3 (found version "3.10.12") found components: Interpreter 
[0.515s] -- Found ament_lint_auto: 0.12.11 (/opt/ros/humble/share/ament_lint_auto/cmake)
[0.567s] -- Added test 'lint_cmake' to check CMake code style
[0.568s] -- Added test 'xmllint' to check XML markup files
[0.568s] -- Configuring done
[0.570s] -- Generating done
[0.571s] -- Build files have been written to: /home/wang/hello/build/base_interfaces_demo
[0.575s] Invoked command in '/home/wang/hello/build/base_interfaces_demo' returned '0': CMAKE_PREFIX_PATH=/opt/ros/humble /usr/bin/cmake /home/wang/hello/src/base_interfaces_demo -DCMAKE_INSTALL_PREFIX=/home/wang/hello/install/base_interfaces_demo
[0.575s] Invoking command in '/home/wang/hello/build/base_interfaces_demo': CMAKE_PREFIX_PATH=/opt/ros/humble /usr/bin/cmake --build /home/wang/hello/build/base_interfaces_demo -- -j16 -l16
[0.608s] Invoked command in '/home/wang/hello/build/base_interfaces_demo' returned '0': CMAKE_PREFIX_PATH=/opt/ros/humble /usr/bin/cmake --build /home/wang/hello/build/base_interfaces_demo -- -j16 -l16
[0.636s] Invoking command in '/home/wang/hello/build/base_interfaces_demo': CMAKE_PREFIX_PATH=/opt/ros/humble /usr/bin/cmake --install /home/wang/hello/build/base_interfaces_demo
[0.643s] -- Install configuration: ""
[0.643s] -- Installing: /home/wang/hello/install/base_interfaces_demo/share/ament_index/resource_index/package_run_dependencies/base_interfaces_demo
[0.643s] -- Installing: /home/wang/hello/install/base_interfaces_demo/share/ament_index/resource_index/parent_prefix_path/base_interfaces_demo
[0.643s] -- Installing: /home/wang/hello/install/base_interfaces_demo/share/base_interfaces_demo/environment/ament_prefix_path.sh
[0.643s] -- Installing: /home/wang/hello/install/base_interfaces_demo/share/base_interfaces_demo/environment/ament_prefix_path.dsv
[0.644s] -- Installing: /home/wang/hello/install/base_interfaces_demo/share/base_interfaces_demo/environment/path.sh
[0.644s] -- Installing: /home/wang/hello/install/base_interfaces_demo/share/base_interfaces_demo/environment/path.dsv
[0.644s] -- Installing: /home/wang/hello/install/base_interfaces_demo/share/base_interfaces_demo/local_setup.bash
[0.644s] -- Installing: /home/wang/hello/install/base_interfaces_demo/share/base_interfaces_demo/local_setup.sh
[0.644s] -- Installing: /home/wang/hello/install/base_interfaces_demo/share/base_interfaces_demo/local_setup.zsh
[0.644s] -- Installing: /home/wang/hello/install/base_interfaces_demo/share/base_interfaces_demo/local_setup.dsv
[0.644s] -- Installing: /home/wang/hello/install/base_interfaces_demo/share/base_interfaces_demo/package.dsv
[0.645s] -- Installing: /home/wang/hello/install/base_interfaces_demo/share/ament_index/resource_index/packages/base_interfaces_demo
[0.645s] -- Installing: /home/wang/hello/install/base_interfaces_demo/share/base_interfaces_demo/cmake/base_interfaces_demoConfig.cmake
[0.645s] -- Installing: /home/wang/hello/install/base_interfaces_demo/share/base_interfaces_demo/cmake/base_interfaces_demoConfig-version.cmake
[0.645s] -- Installing: /home/wang/hello/install/base_interfaces_demo/share/base_interfaces_demo/package.xml
[0.646s] Invoked command in '/home/wang/hello/build/base_interfaces_demo' returned '0': CMAKE_PREFIX_PATH=/opt/ros/humble /usr/bin/cmake --install /home/wang/hello/build/base_interfaces_demo
