[0.008s] Invoking command in '/home/wang/hello/build/tf_listener': CMAKE_PREFIX_PATH=${CMAKE_PREFIX_PATH}:/opt/ros/humble /usr/bin/cmake /home/wang/hello/src/tf_listener -DCMAKE_INSTALL_PREFIX=/home/wang/hello/install/tf_listener
[0.091s] -- The C compiler identification is GNU 11.4.0
[0.135s] -- The CXX compiler identification is GNU 11.4.0
[0.142s] -- Detecting C compiler ABI info
[0.236s] -- Detecting C compiler ABI info - done
[0.242s] -- Check for working C compiler: /usr/bin/cc - skipped
[0.250s] -- Detecting C compile features
[0.250s] -- Detecting C compile features - done
[0.254s] -- Detecting CXX compiler ABI info
[0.355s] -- Detecting CXX compiler ABI info - done
[0.360s] -- Check for working CXX compiler: /usr/bin/c++ - skipped
[0.360s] -- Detecting CXX compile features
[0.361s] -- Detecting CXX compile features - done
[0.379s] -- Found ament_cmake: 1.3.11 (/opt/ros/humble/share/ament_cmake/cmake)
[0.524s] -- Found Python3: /usr/bin/python3 (found version "3.10.12") found components: Interpreter 
[0.603s] -- Found rclcpp: 16.0.11 (/opt/ros/humble/share/rclcpp/cmake)
[0.639s] -- Found rosidl_generator_c: 3.1.6 (/opt/ros/humble/share/rosidl_generator_c/cmake)
[0.643s] -- Found rosidl_adapter: 3.1.6 (/opt/ros/humble/share/rosidl_adapter/cmake)
[0.650s] -- Found rosidl_generator_cpp: 3.1.6 (/opt/ros/humble/share/rosidl_generator_cpp/cmake)
[0.660s] -- Using all available rosidl_typesupport_c: rosidl_typesupport_fastrtps_c;rosidl_typesupport_introspection_c
[0.673s] -- Using all available rosidl_typesupport_cpp: rosidl_typesupport_fastrtps_cpp;rosidl_typesupport_introspection_cpp
[0.710s] -- Found rmw_implementation_cmake: 6.1.2 (/opt/ros/humble/share/rmw_implementation_cmake/cmake)
[0.713s] -- Found rmw_fastrtps_cpp: 6.2.7 (/opt/ros/humble/share/rmw_fastrtps_cpp/cmake)
[0.842s] -- Found OpenSSL: /usr/lib/x86_64-linux-gnu/libcrypto.so (found version "3.0.2")  
[0.874s] -- Found FastRTPS: /opt/ros/humble/include  
[0.903s] -- Using RMW implementation 'rmw_fastrtps_cpp' as default
[0.913s] -- Looking for pthread.h
[1.004s] -- Looking for pthread.h - found
[1.005s] -- Performing Test CMAKE_HAVE_LIBC_PTHREAD
[1.105s] -- Performing Test CMAKE_HAVE_LIBC_PTHREAD - Success
[1.106s] -- Found Threads: TRUE  
[1.190s] -- Found tf2: 0.25.12 (/opt/ros/humble/share/tf2/cmake)
[1.209s] -- Found tf2_ros: 0.25.12 (/opt/ros/humble/share/tf2_ros/cmake)
[1.295s] -- Found ament_lint_auto: 0.12.11 (/opt/ros/humble/share/ament_lint_auto/cmake)
[1.352s] -- Added test 'cppcheck' to perform static code analysis on C / C++ code
[1.352s] -- Configured cppcheck include dirs: 
[1.352s] -- Configured cppcheck exclude dirs and/or files: 
[1.353s] -- Added test 'lint_cmake' to check CMake code style
[1.353s] -- Added test 'uncrustify' to check C / C++ code style
[1.353s] -- Configured uncrustify additional arguments: 
[1.354s] -- Added test 'xmllint' to check XML markup files
[1.355s] -- Configuring done
[1.357s] -- Generating done
[1.359s] -- Build files have been written to: /home/wang/hello/build/tf_listener
[1.366s] Invoked command in '/home/wang/hello/build/tf_listener' returned '0': CMAKE_PREFIX_PATH=${CMAKE_PREFIX_PATH}:/opt/ros/humble /usr/bin/cmake /home/wang/hello/src/tf_listener -DCMAKE_INSTALL_PREFIX=/home/wang/hello/install/tf_listener
[1.367s] Invoking command in '/home/wang/hello/build/tf_listener': CMAKE_PREFIX_PATH=${CMAKE_PREFIX_PATH}:/opt/ros/humble /usr/bin/cmake --build /home/wang/hello/build/tf_listener -- -j16 -l16
[1.406s] Invoked command in '/home/wang/hello/build/tf_listener' returned '0': CMAKE_PREFIX_PATH=${CMAKE_PREFIX_PATH}:/opt/ros/humble /usr/bin/cmake --build /home/wang/hello/build/tf_listener -- -j16 -l16
[1.414s] Invoking command in '/home/wang/hello/build/tf_listener': CMAKE_PREFIX_PATH=${CMAKE_PREFIX_PATH}:/opt/ros/humble /usr/bin/cmake --install /home/wang/hello/build/tf_listener
[1.419s] -- Install configuration: ""
[1.419s] -- Installing: /home/wang/hello/install/tf_listener/share/ament_index/resource_index/package_run_dependencies/tf_listener
[1.419s] -- Installing: /home/wang/hello/install/tf_listener/share/ament_index/resource_index/parent_prefix_path/tf_listener
[1.420s] -- Installing: /home/wang/hello/install/tf_listener/share/tf_listener/environment/ament_prefix_path.sh
[1.420s] -- Installing: /home/wang/hello/install/tf_listener/share/tf_listener/environment/ament_prefix_path.dsv
[1.420s] -- Installing: /home/wang/hello/install/tf_listener/share/tf_listener/environment/path.sh
[1.420s] -- Installing: /home/wang/hello/install/tf_listener/share/tf_listener/environment/path.dsv
[1.420s] -- Installing: /home/wang/hello/install/tf_listener/share/tf_listener/local_setup.bash
[1.420s] -- Installing: /home/wang/hello/install/tf_listener/share/tf_listener/local_setup.sh
[1.420s] -- Installing: /home/wang/hello/install/tf_listener/share/tf_listener/local_setup.zsh
[1.420s] -- Installing: /home/wang/hello/install/tf_listener/share/tf_listener/local_setup.dsv
[1.420s] -- Installing: /home/wang/hello/install/tf_listener/share/tf_listener/package.dsv
[1.420s] -- Installing: /home/wang/hello/install/tf_listener/share/ament_index/resource_index/packages/tf_listener
[1.420s] -- Installing: /home/wang/hello/install/tf_listener/share/tf_listener/cmake/tf_listenerConfig.cmake
[1.420s] -- Installing: /home/wang/hello/install/tf_listener/share/tf_listener/cmake/tf_listenerConfig-version.cmake
[1.420s] -- Installing: /home/wang/hello/install/tf_listener/share/tf_listener/package.xml
[1.421s] Invoked command in '/home/wang/hello/build/tf_listener' returned '0': CMAKE_PREFIX_PATH=${CMAKE_PREFIX_PATH}:/opt/ros/humble /usr/bin/cmake --install /home/wang/hello/build/tf_listener
