[0.012s] Invoking command in '/home/wang/hello/build/topic': CMAKE_PREFIX_PATH=/home/wang/hello/install/base_interfaces_demo:/home/wang/hello/install/topic:/opt/ros/humble /usr/bin/cmake --build /home/wang/hello/build/topic -- -j16 -l16
[0.047s] [35m[1mConsolidate compiler generated dependencies of target demo02_sub[0m
[0.056s] [ 50%] Built target demo01_pub
[0.058s] [ 75%] [32mBuilding CXX object CMakeFiles/demo02_sub.dir/src/demo02_sub.cpp.o[0m
[5.091s] [100%] [32m[1mLinking CXX executable demo02_sub[0m
[5.328s] [100%] Built target demo02_sub
[5.338s] Invoked command in '/home/wang/hello/build/topic' returned '0': CMAKE_PREFIX_PATH=/home/wang/hello/install/base_interfaces_demo:/home/wang/hello/install/topic:/opt/ros/humble /usr/bin/cmake --build /home/wang/hello/build/topic -- -j16 -l16
[5.384s] Invoking command in '/home/wang/hello/build/topic': CMAKE_PREFIX_PATH=/home/wang/hello/install/base_interfaces_demo:/home/wang/hello/install/topic:/opt/ros/humble /usr/bin/cmake --install /home/wang/hello/build/topic
[5.391s] -- Install configuration: ""
[5.392s] -- Up-to-date: /home/wang/hello/install/topic/lib/topic/demo01_pub
[5.392s] -- Installing: /home/wang/hello/install/topic/lib/topic/demo02_sub
[5.395s] -- Set runtime path of "/home/wang/hello/install/topic/lib/topic/demo02_sub" to ""
[5.395s] -- Up-to-date: /home/wang/hello/install/topic/share/ament_index/resource_index/package_run_dependencies/topic
[5.395s] -- Up-to-date: /home/wang/hello/install/topic/share/ament_index/resource_index/parent_prefix_path/topic
[5.395s] -- Up-to-date: /home/wang/hello/install/topic/share/topic/environment/ament_prefix_path.sh
[5.396s] -- Up-to-date: /home/wang/hello/install/topic/share/topic/environment/ament_prefix_path.dsv
[5.396s] -- Up-to-date: /home/wang/hello/install/topic/share/topic/environment/path.sh
[5.396s] -- Up-to-date: /home/wang/hello/install/topic/share/topic/environment/path.dsv
[5.396s] -- Up-to-date: /home/wang/hello/install/topic/share/topic/local_setup.bash
[5.396s] -- Up-to-date: /home/wang/hello/install/topic/share/topic/local_setup.sh
[5.396s] -- Up-to-date: /home/wang/hello/install/topic/share/topic/local_setup.zsh
[5.396s] -- Up-to-date: /home/wang/hello/install/topic/share/topic/local_setup.dsv
[5.396s] -- Installing: /home/wang/hello/install/topic/share/topic/package.dsv
[5.396s] -- Up-to-date: /home/wang/hello/install/topic/share/ament_index/resource_index/packages/topic
[5.397s] -- Up-to-date: /home/wang/hello/install/topic/share/topic/cmake/topicConfig.cmake
[5.397s] -- Up-to-date: /home/wang/hello/install/topic/share/topic/cmake/topicConfig-version.cmake
[5.397s] -- Up-to-date: /home/wang/hello/install/topic/share/topic/package.xml
[5.398s] Invoked command in '/home/wang/hello/build/topic' returned '0': CMAKE_PREFIX_PATH=/home/wang/hello/install/base_interfaces_demo:/home/wang/hello/install/topic:/opt/ros/humble /usr/bin/cmake --install /home/wang/hello/build/topic
