[0.007s] Invoking command in '/home/wang/hello/build/base_interfaces_demo': CMAKE_PREFIX_PATH=${CMAKE_PREFIX_PATH}:/opt/ros/humble /usr/bin/cmake --build /home/wang/hello/build/base_interfaces_demo -- -j16 -l16
[0.020s] -- Found ament_cmake: 1.3.9 (/opt/ros/humble/share/ament_cmake/cmake)
[0.103s] -- Found rosidl_default_generators: 1.2.0 (/opt/ros/humble/share/rosidl_default_generators/cmake)
[0.106s] -- Using all available rosidl_typesupport_c: rosidl_typesupport_fastrtps_c;rosidl_typesupport_introspection_c
[0.111s] -- Found rosidl_adapter: 3.1.5 (/opt/ros/humble/share/rosidl_adapter/cmake)
[0.142s] -- Using all available rosidl_typesupport_cpp: rosidl_typesupport_fastrtps_cpp;rosidl_typesupport_introspection_cpp
[0.324s] -- Found ament_cmake_ros: 0.10.0 (/opt/ros/humble/share/ament_cmake_ros/cmake)
[0.443s] -- Using all available rosidl_typesupport_c: rosidl_typesupport_fastrtps_c;rosidl_typesupport_introspection_c
[0.609s] -- Using all available rosidl_typesupport_cpp: rosidl_typesupport_fastrtps_cpp;rosidl_typesupport_introspection_cpp
[0.625s] -- Found PythonInterp: /usr/bin/python3 (found suitable version "3.10.12", minimum required is "3.6") 
[0.626s] -- Found python_cmake_module: 0.10.0 (/opt/ros/humble/share/python_cmake_module/cmake)
[0.647s] -- Found PythonLibs: /usr/lib/x86_64-linux-gnu/libpython3.10.so (found suitable version "3.10.12", minimum required is "3.5") 
[0.647s] -- Using PYTHON_EXECUTABLE: /usr/bin/python3
[0.647s] -- Using PYTHON_INCLUDE_DIRS: /usr/include/python3.10
[0.647s] -- Using PYTHON_LIBRARIES: /usr/lib/x86_64-linux-gnu/libpython3.10.so
[0.660s] -- Found PythonExtra: .so  
[0.682s] -- Found ament_lint_auto: 0.12.11 (/opt/ros/humble/share/ament_lint_auto/cmake)
[0.689s] -- Configuring done
[0.704s] -- Generating done
[0.705s] -- Build files have been written to: /home/wang/hello/build/base_interfaces_demo
[0.719s] [  3%] [34m[1mGenerating C code for ROS interfaces[0m
[0.724s] [  6%] [34m[1mGenerating C++ code for ROS interfaces[0m
[0.729s] [  6%] Built target ament_cmake_python_copy_base_interfaces_demo
[0.863s] running egg_info
[0.863s] creating base_interfaces_demo.egg-info
[0.863s] writing base_interfaces_demo.egg-info/PKG-INFO
[0.864s] writing dependency_links to base_interfaces_demo.egg-info/dependency_links.txt
[0.864s] writing top-level names to base_interfaces_demo.egg-info/top_level.txt
[0.864s] writing manifest file 'base_interfaces_demo.egg-info/SOURCES.txt'
[0.866s] reading manifest file 'base_interfaces_demo.egg-info/SOURCES.txt'
[0.867s] writing manifest file 'base_interfaces_demo.egg-info/SOURCES.txt'
[0.871s] [  6%] Built target base_interfaces_demo__cpp
[0.877s] [  9%] [34m[1mGenerating C++ type support dispatch for ROS interfaces[0m
[0.877s] [ 12%] [34m[1mGenerating C++ type support for eProsima Fast-RTPS[0m
[0.878s] [ 16%] [34m[1mGenerating C++ introspection for ROS interfaces[0m
[0.883s] [ 19%] [32mBuilding C object CMakeFiles/base_interfaces_demo__rosidl_generator_c.dir/rosidl_generator_c/base_interfaces_demo/msg/detail/student__functions.c.o[0m
[0.895s] [ 19%] Built target ament_cmake_python_build_base_interfaces_demo_egg
[0.919s] [ 22%] [32m[1mLinking C shared library libbase_interfaces_demo__rosidl_generator_c.so[0m
[0.941s] [ 22%] Built target base_interfaces_demo__rosidl_generator_c
[0.946s] [ 25%] [34m[1mGenerating C type support for eProsima Fast-RTPS[0m
[0.951s] [ 29%] [34m[1mGenerating C introspection for ROS interfaces[0m
[0.951s] [ 32%] [34m[1mGenerating C type support dispatch for ROS interfaces[0m
[1.009s] [ 35%] [32mBuilding CXX object CMakeFiles/base_interfaces_demo__rosidl_typesupport_cpp.dir/rosidl_typesupport_cpp/base_interfaces_demo/msg/student__type_support.cpp.o[0m
[1.018s] [ 38%] [32mBuilding CXX object CMakeFiles/base_interfaces_demo__rosidl_typesupport_introspection_cpp.dir/rosidl_typesupport_introspection_cpp/base_interfaces_demo/msg/detail/student__type_support.cpp.o[0m
[1.023s] [ 41%] [32mBuilding CXX object CMakeFiles/base_interfaces_demo__rosidl_typesupport_fastrtps_cpp.dir/rosidl_typesupport_fastrtps_cpp/base_interfaces_demo/msg/detail/dds_fastrtps/student__type_support.cpp.o[0m
[1.097s] [ 45%] [32mBuilding C object CMakeFiles/base_interfaces_demo__rosidl_typesupport_introspection_c.dir/rosidl_typesupport_introspection_c/base_interfaces_demo/msg/detail/student__type_support.c.o[0m
[1.116s] [ 48%] [32m[1mLinking C shared library libbase_interfaces_demo__rosidl_typesupport_introspection_c.so[0m
[1.121s] [ 51%] [32mBuilding CXX object CMakeFiles/base_interfaces_demo__rosidl_typesupport_c.dir/rosidl_typesupport_c/base_interfaces_demo/msg/student__type_support.cpp.o[0m
[1.126s] [ 54%] [32mBuilding CXX object CMakeFiles/base_interfaces_demo__rosidl_typesupport_fastrtps_c.dir/rosidl_typesupport_fastrtps_c/base_interfaces_demo/msg/detail/student__type_support_c.cpp.o[0m
[1.135s] [ 54%] Built target base_interfaces_demo__rosidl_typesupport_introspection_c
[1.139s] [ 58%] [32m[1mLinking CXX shared library libbase_interfaces_demo__rosidl_typesupport_c.so[0m
[1.164s] [ 58%] Built target base_interfaces_demo__rosidl_typesupport_c
[1.201s] [ 61%] [32m[1mLinking CXX shared library libbase_interfaces_demo__rosidl_typesupport_cpp.so[0m
[1.226s] [ 61%] Built target base_interfaces_demo__rosidl_typesupport_cpp
[1.286s] [ 64%] [32m[1mLinking CXX shared library libbase_interfaces_demo__rosidl_typesupport_introspection_cpp.so[0m
[1.319s] [ 67%] [32m[1mLinking CXX shared library libbase_interfaces_demo__rosidl_typesupport_fastrtps_c.so[0m
[1.322s] [ 70%] [32m[1mLinking CXX shared library libbase_interfaces_demo__rosidl_typesupport_fastrtps_cpp.so[0m
[1.324s] [ 70%] Built target base_interfaces_demo__rosidl_typesupport_introspection_cpp
[1.366s] [ 70%] Built target base_interfaces_demo__rosidl_typesupport_fastrtps_c
[1.366s] [ 70%] Built target base_interfaces_demo__rosidl_typesupport_fastrtps_cpp
[1.378s] [ 70%] Built target base_interfaces_demo
[1.390s] [ 74%] [34m[1mGenerating Python code for ROS interfaces[0m
[1.568s] [ 74%] Built target base_interfaces_demo__py
[1.580s] [ 77%] [32mBuilding C object CMakeFiles/base_interfaces_demo__rosidl_generator_py.dir/rosidl_generator_py/base_interfaces_demo/msg/_student_s.c.o[0m
[1.656s] [ 80%] [32m[1mLinking C shared library rosidl_generator_py/base_interfaces_demo/libbase_interfaces_demo__rosidl_generator_py.so[0m
[1.691s] [ 80%] Built target base_interfaces_demo__rosidl_generator_py
[1.707s] [ 83%] [32mBuilding C object CMakeFiles/base_interfaces_demo__rosidl_typesupport_fastrtps_c__pyext.dir/rosidl_generator_py/base_interfaces_demo/_base_interfaces_demo_s.ep.rosidl_typesupport_fastrtps_c.c.o[0m
[1.707s] [ 87%] [32mBuilding C object CMakeFiles/base_interfaces_demo__rosidl_typesupport_introspection_c__pyext.dir/rosidl_generator_py/base_interfaces_demo/_base_interfaces_demo_s.ep.rosidl_typesupport_introspection_c.c.o[0m
[1.707s] [ 90%] [32mBuilding C object CMakeFiles/base_interfaces_demo__rosidl_typesupport_c__pyext.dir/rosidl_generator_py/base_interfaces_demo/_base_interfaces_demo_s.ep.rosidl_typesupport_c.c.o[0m
[1.762s] [100%] [32m[1mLinking C shared library rosidl_generator_py/base_interfaces_demo/base_interfaces_demo_s__rosidl_typesupport_introspection_c.cpython-310-x86_64-linux-gnu.so[0m
[1.762s] [100%] [32m[1mLinking C shared library rosidl_generator_py/base_interfaces_demo/base_interfaces_demo_s__rosidl_typesupport_fastrtps_c.cpython-310-x86_64-linux-gnu.so[0m
[1.762s] [100%] [32m[1mLinking C shared library rosidl_generator_py/base_interfaces_demo/base_interfaces_demo_s__rosidl_typesupport_c.cpython-310-x86_64-linux-gnu.so[0m
[1.782s] [100%] Built target base_interfaces_demo__rosidl_typesupport_introspection_c__pyext
[1.782s] [100%] Built target base_interfaces_demo__rosidl_typesupport_fastrtps_c__pyext
[1.782s] [100%] Built target base_interfaces_demo__rosidl_typesupport_c__pyext
[1.789s] Invoked command in '/home/wang/hello/build/base_interfaces_demo' returned '0': CMAKE_PREFIX_PATH=${CMAKE_PREFIX_PATH}:/opt/ros/humble /usr/bin/cmake --build /home/wang/hello/build/base_interfaces_demo -- -j16 -l16
[1.838s] Invoking command in '/home/wang/hello/build/base_interfaces_demo': CMAKE_PREFIX_PATH=${CMAKE_PREFIX_PATH}:/opt/ros/humble /usr/bin/cmake --install /home/wang/hello/build/base_interfaces_demo
[1.845s] -- Install configuration: ""
[1.845s] -- Installing: /home/wang/hello/install/base_interfaces_demo/share/ament_index/resource_index/rosidl_interfaces/base_interfaces_demo
[1.845s] -- Installing: /home/wang/hello/install/base_interfaces_demo/include/base_interfaces_demo/base_interfaces_demo
[1.845s] -- Installing: /home/wang/hello/install/base_interfaces_demo/include/base_interfaces_demo/base_interfaces_demo/msg
[1.846s] -- Installing: /home/wang/hello/install/base_interfaces_demo/include/base_interfaces_demo/base_interfaces_demo/msg/student.h
[1.846s] -- Installing: /home/wang/hello/install/base_interfaces_demo/include/base_interfaces_demo/base_interfaces_demo/msg/detail
[1.846s] -- Installing: /home/wang/hello/install/base_interfaces_demo/include/base_interfaces_demo/base_interfaces_demo/msg/detail/student__functions.h
[1.846s] -- Installing: /home/wang/hello/install/base_interfaces_demo/include/base_interfaces_demo/base_interfaces_demo/msg/detail/student__type_support.h
[1.846s] -- Installing: /home/wang/hello/install/base_interfaces_demo/include/base_interfaces_demo/base_interfaces_demo/msg/detail/student__functions.c
[1.846s] -- Installing: /home/wang/hello/install/base_interfaces_demo/include/base_interfaces_demo/base_interfaces_demo/msg/detail/student__struct.h
[1.846s] -- Installing: /home/wang/hello/install/base_interfaces_demo/include/base_interfaces_demo/base_interfaces_demo/msg/rosidl_generator_c__visibility_control.h
[1.846s] -- Installing: /home/wang/hello/install/base_interfaces_demo/share/base_interfaces_demo/environment/library_path.sh
[1.846s] -- Installing: /home/wang/hello/install/base_interfaces_demo/share/base_interfaces_demo/environment/library_path.dsv
[1.846s] -- Installing: /home/wang/hello/install/base_interfaces_demo/lib/libbase_interfaces_demo__rosidl_generator_c.so
[1.846s] -- Set runtime path of "/home/wang/hello/install/base_interfaces_demo/lib/libbase_interfaces_demo__rosidl_generator_c.so" to ""
[1.846s] -- Up-to-date: /home/wang/hello/install/base_interfaces_demo/include/base_interfaces_demo/base_interfaces_demo
[1.847s] -- Up-to-date: /home/wang/hello/install/base_interfaces_demo/include/base_interfaces_demo/base_interfaces_demo/msg
[1.847s] -- Installing: /home/wang/hello/install/base_interfaces_demo/include/base_interfaces_demo/base_interfaces_demo/msg/rosidl_typesupport_fastrtps_c__visibility_control.h
[1.847s] -- Up-to-date: /home/wang/hello/install/base_interfaces_demo/include/base_interfaces_demo/base_interfaces_demo/msg/detail
[1.847s] -- Installing: /home/wang/hello/install/base_interfaces_demo/include/base_interfaces_demo/base_interfaces_demo/msg/detail/student__rosidl_typesupport_fastrtps_c.h
[1.847s] -- Installing: /home/wang/hello/install/base_interfaces_demo/lib/libbase_interfaces_demo__rosidl_typesupport_fastrtps_c.so
[1.847s] -- Set runtime path of "/home/wang/hello/install/base_interfaces_demo/lib/libbase_interfaces_demo__rosidl_typesupport_fastrtps_c.so" to ""
[1.847s] -- Up-to-date: /home/wang/hello/install/base_interfaces_demo/include/base_interfaces_demo/base_interfaces_demo
[1.847s] -- Up-to-date: /home/wang/hello/install/base_interfaces_demo/include/base_interfaces_demo/base_interfaces_demo/msg
[1.848s] -- Up-to-date: /home/wang/hello/install/base_interfaces_demo/include/base_interfaces_demo/base_interfaces_demo/msg/detail
[1.848s] -- Installing: /home/wang/hello/install/base_interfaces_demo/include/base_interfaces_demo/base_interfaces_demo/msg/detail/student__type_support.c
[1.848s] -- Installing: /home/wang/hello/install/base_interfaces_demo/include/base_interfaces_demo/base_interfaces_demo/msg/detail/student__rosidl_typesupport_introspection_c.h
[1.848s] -- Installing: /home/wang/hello/install/base_interfaces_demo/include/base_interfaces_demo/base_interfaces_demo/msg/rosidl_typesupport_introspection_c__visibility_control.h
[1.848s] -- Installing: /home/wang/hello/install/base_interfaces_demo/lib/libbase_interfaces_demo__rosidl_typesupport_introspection_c.so
[1.848s] -- Set runtime path of "/home/wang/hello/install/base_interfaces_demo/lib/libbase_interfaces_demo__rosidl_typesupport_introspection_c.so" to ""
[1.849s] -- Installing: /home/wang/hello/install/base_interfaces_demo/lib/libbase_interfaces_demo__rosidl_typesupport_c.so
[1.849s] -- Set runtime path of "/home/wang/hello/install/base_interfaces_demo/lib/libbase_interfaces_demo__rosidl_typesupport_c.so" to ""
[1.849s] -- Up-to-date: /home/wang/hello/install/base_interfaces_demo/include/base_interfaces_demo/base_interfaces_demo
[1.849s] -- Up-to-date: /home/wang/hello/install/base_interfaces_demo/include/base_interfaces_demo/base_interfaces_demo/msg
[1.849s] -- Up-to-date: /home/wang/hello/install/base_interfaces_demo/include/base_interfaces_demo/base_interfaces_demo/msg/detail
[1.849s] -- Installing: /home/wang/hello/install/base_interfaces_demo/include/base_interfaces_demo/base_interfaces_demo/msg/detail/student__builder.hpp
[1.849s] -- Installing: /home/wang/hello/install/base_interfaces_demo/include/base_interfaces_demo/base_interfaces_demo/msg/detail/student__struct.hpp
[1.850s] -- Installing: /home/wang/hello/install/base_interfaces_demo/include/base_interfaces_demo/base_interfaces_demo/msg/detail/student__traits.hpp
[1.850s] -- Installing: /home/wang/hello/install/base_interfaces_demo/include/base_interfaces_demo/base_interfaces_demo/msg/student.hpp
[1.850s] -- Up-to-date: /home/wang/hello/install/base_interfaces_demo/include/base_interfaces_demo/base_interfaces_demo
[1.850s] -- Up-to-date: /home/wang/hello/install/base_interfaces_demo/include/base_interfaces_demo/base_interfaces_demo/msg
[1.850s] -- Installing: /home/wang/hello/install/base_interfaces_demo/include/base_interfaces_demo/base_interfaces_demo/msg/rosidl_typesupport_fastrtps_cpp__visibility_control.h
[1.850s] -- Up-to-date: /home/wang/hello/install/base_interfaces_demo/include/base_interfaces_demo/base_interfaces_demo/msg/detail
[1.850s] -- Installing: /home/wang/hello/install/base_interfaces_demo/include/base_interfaces_demo/base_interfaces_demo/msg/detail/dds_fastrtps
[1.851s] -- Installing: /home/wang/hello/install/base_interfaces_demo/include/base_interfaces_demo/base_interfaces_demo/msg/detail/student__rosidl_typesupport_fastrtps_cpp.hpp
[1.851s] -- Installing: /home/wang/hello/install/base_interfaces_demo/lib/libbase_interfaces_demo__rosidl_typesupport_fastrtps_cpp.so
[1.851s] -- Set runtime path of "/home/wang/hello/install/base_interfaces_demo/lib/libbase_interfaces_demo__rosidl_typesupport_fastrtps_cpp.so" to ""
[1.851s] -- Up-to-date: /home/wang/hello/install/base_interfaces_demo/include/base_interfaces_demo/base_interfaces_demo
[1.851s] -- Up-to-date: /home/wang/hello/install/base_interfaces_demo/include/base_interfaces_demo/base_interfaces_demo/msg
[1.851s] -- Up-to-date: /home/wang/hello/install/base_interfaces_demo/include/base_interfaces_demo/base_interfaces_demo/msg/detail
[1.851s] -- Installing: /home/wang/hello/install/base_interfaces_demo/include/base_interfaces_demo/base_interfaces_demo/msg/detail/student__rosidl_typesupport_introspection_cpp.hpp
[1.851s] -- Installing: /home/wang/hello/install/base_interfaces_demo/include/base_interfaces_demo/base_interfaces_demo/msg/detail/student__type_support.cpp
[1.851s] -- Installing: /home/wang/hello/install/base_interfaces_demo/lib/libbase_interfaces_demo__rosidl_typesupport_introspection_cpp.so
[1.851s] -- Set runtime path of "/home/wang/hello/install/base_interfaces_demo/lib/libbase_interfaces_demo__rosidl_typesupport_introspection_cpp.so" to ""
[1.852s] -- Installing: /home/wang/hello/install/base_interfaces_demo/lib/libbase_interfaces_demo__rosidl_typesupport_cpp.so
[1.852s] -- Set runtime path of "/home/wang/hello/install/base_interfaces_demo/lib/libbase_interfaces_demo__rosidl_typesupport_cpp.so" to ""
[1.852s] -- Installing: /home/wang/hello/install/base_interfaces_demo/share/base_interfaces_demo/environment/pythonpath.sh
[1.852s] -- Installing: /home/wang/hello/install/base_interfaces_demo/share/base_interfaces_demo/environment/pythonpath.dsv
[1.852s] -- Installing: /home/wang/hello/install/base_interfaces_demo/local/lib/python3.10/dist-packages/base_interfaces_demo-0.0.0-py3.10.egg-info
[1.852s] -- Installing: /home/wang/hello/install/base_interfaces_demo/local/lib/python3.10/dist-packages/base_interfaces_demo-0.0.0-py3.10.egg-info/dependency_links.txt
[1.852s] -- Installing: /home/wang/hello/install/base_interfaces_demo/local/lib/python3.10/dist-packages/base_interfaces_demo-0.0.0-py3.10.egg-info/PKG-INFO
[1.852s] -- Installing: /home/wang/hello/install/base_interfaces_demo/local/lib/python3.10/dist-packages/base_interfaces_demo-0.0.0-py3.10.egg-info/SOURCES.txt
[1.852s] -- Installing: /home/wang/hello/install/base_interfaces_demo/local/lib/python3.10/dist-packages/base_interfaces_demo-0.0.0-py3.10.egg-info/top_level.txt
[1.852s] -- Installing: /home/wang/hello/install/base_interfaces_demo/local/lib/python3.10/dist-packages/base_interfaces_demo
[1.852s] -- Installing: /home/wang/hello/install/base_interfaces_demo/local/lib/python3.10/dist-packages/base_interfaces_demo/msg
[1.852s] -- Installing: /home/wang/hello/install/base_interfaces_demo/local/lib/python3.10/dist-packages/base_interfaces_demo/msg/_student.py
[1.852s] -- Installing: /home/wang/hello/install/base_interfaces_demo/local/lib/python3.10/dist-packages/base_interfaces_demo/msg/_student_s.c
[1.852s] -- Installing: /home/wang/hello/install/base_interfaces_demo/local/lib/python3.10/dist-packages/base_interfaces_demo/msg/__init__.py
[1.852s] -- Installing: /home/wang/hello/install/base_interfaces_demo/local/lib/python3.10/dist-packages/base_interfaces_demo/_base_interfaces_demo_s.ep.rosidl_typesupport_c.c
[1.852s] -- Installing: /home/wang/hello/install/base_interfaces_demo/local/lib/python3.10/dist-packages/base_interfaces_demo/_base_interfaces_demo_s.ep.rosidl_typesupport_fastrtps_c.c
[1.852s] -- Installing: /home/wang/hello/install/base_interfaces_demo/local/lib/python3.10/dist-packages/base_interfaces_demo/__init__.py
[1.852s] -- Installing: /home/wang/hello/install/base_interfaces_demo/local/lib/python3.10/dist-packages/base_interfaces_demo/base_interfaces_demo_s__rosidl_typesupport_introspection_c.cpython-310-x86_64-linux-gnu.so
[1.852s] -- Installing: /home/wang/hello/install/base_interfaces_demo/local/lib/python3.10/dist-packages/base_interfaces_demo/libbase_interfaces_demo__rosidl_generator_py.so
[1.852s] -- Installing: /home/wang/hello/install/base_interfaces_demo/local/lib/python3.10/dist-packages/base_interfaces_demo/base_interfaces_demo_s__rosidl_typesupport_fastrtps_c.cpython-310-x86_64-linux-gnu.so
[1.852s] -- Installing: /home/wang/hello/install/base_interfaces_demo/local/lib/python3.10/dist-packages/base_interfaces_demo/_base_interfaces_demo_s.ep.rosidl_typesupport_introspection_c.c
[1.852s] -- Installing: /home/wang/hello/install/base_interfaces_demo/local/lib/python3.10/dist-packages/base_interfaces_demo/base_interfaces_demo_s__rosidl_typesupport_c.cpython-310-x86_64-linux-gnu.so
[1.874s] Listing '/home/wang/hello/install/base_interfaces_demo/local/lib/python3.10/dist-packages/base_interfaces_demo'...
[1.874s] Compiling '/home/wang/hello/install/base_interfaces_demo/local/lib/python3.10/dist-packages/base_interfaces_demo/__init__.py'...
[1.874s] Listing '/home/wang/hello/install/base_interfaces_demo/local/lib/python3.10/dist-packages/base_interfaces_demo/msg'...
[1.874s] Compiling '/home/wang/hello/install/base_interfaces_demo/local/lib/python3.10/dist-packages/base_interfaces_demo/msg/__init__.py'...
[1.874s] Compiling '/home/wang/hello/install/base_interfaces_demo/local/lib/python3.10/dist-packages/base_interfaces_demo/msg/_student.py'...
[1.877s] -- Installing: /home/wang/hello/install/base_interfaces_demo/local/lib/python3.10/dist-packages/base_interfaces_demo/base_interfaces_demo_s__rosidl_typesupport_fastrtps_c.cpython-310-x86_64-linux-gnu.so
[1.877s] -- Set runtime path of "/home/wang/hello/install/base_interfaces_demo/local/lib/python3.10/dist-packages/base_interfaces_demo/base_interfaces_demo_s__rosidl_typesupport_fastrtps_c.cpython-310-x86_64-linux-gnu.so" to ""
[1.877s] -- Installing: /home/wang/hello/install/base_interfaces_demo/local/lib/python3.10/dist-packages/base_interfaces_demo/base_interfaces_demo_s__rosidl_typesupport_introspection_c.cpython-310-x86_64-linux-gnu.so
[1.877s] -- Set runtime path of "/home/wang/hello/install/base_interfaces_demo/local/lib/python3.10/dist-packages/base_interfaces_demo/base_interfaces_demo_s__rosidl_typesupport_introspection_c.cpython-310-x86_64-linux-gnu.so" to ""
[1.877s] -- Installing: /home/wang/hello/install/base_interfaces_demo/local/lib/python3.10/dist-packages/base_interfaces_demo/base_interfaces_demo_s__rosidl_typesupport_c.cpython-310-x86_64-linux-gnu.so
[1.878s] -- Set runtime path of "/home/wang/hello/install/base_interfaces_demo/local/lib/python3.10/dist-packages/base_interfaces_demo/base_interfaces_demo_s__rosidl_typesupport_c.cpython-310-x86_64-linux-gnu.so" to ""
[1.878s] -- Installing: /home/wang/hello/install/base_interfaces_demo/lib/libbase_interfaces_demo__rosidl_generator_py.so
[1.878s] -- Set runtime path of "/home/wang/hello/install/base_interfaces_demo/lib/libbase_interfaces_demo__rosidl_generator_py.so" to ""
[1.878s] -- Installing: /home/wang/hello/install/base_interfaces_demo/share/base_interfaces_demo/msg/Student.idl
[1.878s] -- Installing: /home/wang/hello/install/base_interfaces_demo/share/base_interfaces_demo/msg/Student.msg
[1.878s] -- Installing: /home/wang/hello/install/base_interfaces_demo/share/ament_index/resource_index/package_run_dependencies/base_interfaces_demo
[1.878s] -- Installing: /home/wang/hello/install/base_interfaces_demo/share/ament_index/resource_index/parent_prefix_path/base_interfaces_demo
[1.878s] -- Up-to-date: /home/wang/hello/install/base_interfaces_demo/share/base_interfaces_demo/environment/ament_prefix_path.sh
[1.878s] -- Installing: /home/wang/hello/install/base_interfaces_demo/share/base_interfaces_demo/environment/ament_prefix_path.dsv
[1.879s] -- Up-to-date: /home/wang/hello/install/base_interfaces_demo/share/base_interfaces_demo/environment/path.sh
[1.879s] -- Installing: /home/wang/hello/install/base_interfaces_demo/share/base_interfaces_demo/environment/path.dsv
[1.879s] -- Up-to-date: /home/wang/hello/install/base_interfaces_demo/share/base_interfaces_demo/local_setup.bash
[1.879s] -- Installing: /home/wang/hello/install/base_interfaces_demo/share/base_interfaces_demo/local_setup.sh
[1.879s] -- Up-to-date: /home/wang/hello/install/base_interfaces_demo/share/base_interfaces_demo/local_setup.zsh
[1.879s] -- Installing: /home/wang/hello/install/base_interfaces_demo/share/base_interfaces_demo/local_setup.dsv
[1.879s] -- Installing: /home/wang/hello/install/base_interfaces_demo/share/base_interfaces_demo/package.dsv
[1.879s] -- Up-to-date: /home/wang/hello/install/base_interfaces_demo/share/ament_index/resource_index/packages/base_interfaces_demo
[1.879s] -- Installing: /home/wang/hello/install/base_interfaces_demo/share/base_interfaces_demo/cmake/export_base_interfaces_demo__rosidl_generator_cExport.cmake
[1.880s] -- Installing: /home/wang/hello/install/base_interfaces_demo/share/base_interfaces_demo/cmake/export_base_interfaces_demo__rosidl_generator_cExport-noconfig.cmake
[1.880s] -- Installing: /home/wang/hello/install/base_interfaces_demo/share/base_interfaces_demo/cmake/export_base_interfaces_demo__rosidl_typesupport_fastrtps_cExport.cmake
[1.880s] -- Installing: /home/wang/hello/install/base_interfaces_demo/share/base_interfaces_demo/cmake/export_base_interfaces_demo__rosidl_typesupport_fastrtps_cExport-noconfig.cmake
[1.880s] -- Installing: /home/wang/hello/install/base_interfaces_demo/share/base_interfaces_demo/cmake/base_interfaces_demo__rosidl_typesupport_introspection_cExport.cmake
[1.880s] -- Installing: /home/wang/hello/install/base_interfaces_demo/share/base_interfaces_demo/cmake/base_interfaces_demo__rosidl_typesupport_introspection_cExport-noconfig.cmake
[1.880s] -- Installing: /home/wang/hello/install/base_interfaces_demo/share/base_interfaces_demo/cmake/base_interfaces_demo__rosidl_typesupport_cExport.cmake
[1.880s] -- Installing: /home/wang/hello/install/base_interfaces_demo/share/base_interfaces_demo/cmake/base_interfaces_demo__rosidl_typesupport_cExport-noconfig.cmake
[1.880s] -- Installing: /home/wang/hello/install/base_interfaces_demo/share/base_interfaces_demo/cmake/export_base_interfaces_demo__rosidl_generator_cppExport.cmake
[1.880s] -- Installing: /home/wang/hello/install/base_interfaces_demo/share/base_interfaces_demo/cmake/export_base_interfaces_demo__rosidl_typesupport_fastrtps_cppExport.cmake
[1.880s] -- Installing: /home/wang/hello/install/base_interfaces_demo/share/base_interfaces_demo/cmake/export_base_interfaces_demo__rosidl_typesupport_fastrtps_cppExport-noconfig.cmake
[1.880s] -- Installing: /home/wang/hello/install/base_interfaces_demo/share/base_interfaces_demo/cmake/base_interfaces_demo__rosidl_typesupport_introspection_cppExport.cmake
[1.880s] -- Installing: /home/wang/hello/install/base_interfaces_demo/share/base_interfaces_demo/cmake/base_interfaces_demo__rosidl_typesupport_introspection_cppExport-noconfig.cmake
[1.880s] -- Installing: /home/wang/hello/install/base_interfaces_demo/share/base_interfaces_demo/cmake/base_interfaces_demo__rosidl_typesupport_cppExport.cmake
[1.880s] -- Installing: /home/wang/hello/install/base_interfaces_demo/share/base_interfaces_demo/cmake/base_interfaces_demo__rosidl_typesupport_cppExport-noconfig.cmake
[1.880s] -- Installing: /home/wang/hello/install/base_interfaces_demo/share/base_interfaces_demo/cmake/export_base_interfaces_demo__rosidl_generator_pyExport.cmake
[1.880s] -- Installing: /home/wang/hello/install/base_interfaces_demo/share/base_interfaces_demo/cmake/export_base_interfaces_demo__rosidl_generator_pyExport-noconfig.cmake
[1.880s] -- Installing: /home/wang/hello/install/base_interfaces_demo/share/base_interfaces_demo/cmake/rosidl_cmake-extras.cmake
[1.880s] -- Installing: /home/wang/hello/install/base_interfaces_demo/share/base_interfaces_demo/cmake/ament_cmake_export_include_directories-extras.cmake
[1.880s] -- Installing: /home/wang/hello/install/base_interfaces_demo/share/base_interfaces_demo/cmake/ament_cmake_export_libraries-extras.cmake
[1.880s] -- Installing: /home/wang/hello/install/base_interfaces_demo/share/base_interfaces_demo/cmake/ament_cmake_export_targets-extras.cmake
[1.880s] -- Installing: /home/wang/hello/install/base_interfaces_demo/share/base_interfaces_demo/cmake/rosidl_cmake_export_typesupport_targets-extras.cmake
[1.880s] -- Installing: /home/wang/hello/install/base_interfaces_demo/share/base_interfaces_demo/cmake/ament_cmake_export_dependencies-extras.cmake
[1.880s] -- Installing: /home/wang/hello/install/base_interfaces_demo/share/base_interfaces_demo/cmake/rosidl_cmake_export_typesupport_libraries-extras.cmake
[1.880s] -- Installing: /home/wang/hello/install/base_interfaces_demo/share/base_interfaces_demo/cmake/base_interfaces_demoConfig.cmake
[1.881s] -- Up-to-date: /home/wang/hello/install/base_interfaces_demo/share/base_interfaces_demo/cmake/base_interfaces_demoConfig-version.cmake
[1.881s] -- Installing: /home/wang/hello/install/base_interfaces_demo/share/base_interfaces_demo/package.xml
[1.881s] Invoked command in '/home/wang/hello/build/base_interfaces_demo' returned '0': CMAKE_PREFIX_PATH=${CMAKE_PREFIX_PATH}:/opt/ros/humble /usr/bin/cmake --install /home/wang/hello/build/base_interfaces_demo
