[0.008s] Invoking command in '/home/wang/hello/build/tf_listener': CMAKE_PREFIX_PATH=${CMAKE_PREFIX_PATH}:/opt/ros/humble /usr/bin/cmake --build /home/wang/hello/build/tf_listener -- -j16 -l16
[0.031s] -- Found ament_cmake: 1.3.11 (/opt/ros/humble/share/ament_cmake/cmake)
[0.131s] -- Found rclcpp: 16.0.11 (/opt/ros/humble/share/rclcpp/cmake)
[0.149s] -- Found rosidl_generator_c: 3.1.6 (/opt/ros/humble/share/rosidl_generator_c/cmake)
[0.151s] -- Found rosidl_adapter: 3.1.6 (/opt/ros/humble/share/rosidl_adapter/cmake)
[0.154s] -- Found rosidl_generator_cpp: 3.1.6 (/opt/ros/humble/share/rosidl_generator_cpp/cmake)
[0.161s] -- Using all available rosidl_typesupport_c: rosidl_typesupport_fastrtps_c;rosidl_typesupport_introspection_c
[0.169s] -- Using all available rosidl_typesupport_cpp: rosidl_typesupport_fastrtps_cpp;rosidl_typesupport_introspection_cpp
[0.189s] -- Found rmw_implementation_cmake: 6.1.2 (/opt/ros/humble/share/rmw_implementation_cmake/cmake)
[0.190s] -- Found rmw_fastrtps_cpp: 6.2.7 (/opt/ros/humble/share/rmw_fastrtps_cpp/cmake)
[0.274s] -- Using RMW implementation 'rmw_fastrtps_cpp' as default
[0.305s] -- Found tf2: 0.25.12 (/opt/ros/humble/share/tf2/cmake)
[0.315s] -- Found tf2_ros: 0.25.12 (/opt/ros/humble/share/tf2_ros/cmake)
[0.371s] -- Found tf2_geometry_msgs: 0.25.12 (/opt/ros/humble/share/tf2_geometry_msgs/cmake)
[0.381s] -- Found eigen3_cmake_module: 0.1.1 (/opt/ros/humble/share/eigen3_cmake_module/cmake)
[0.382s] -- Found Eigen3: TRUE (found version "3.4.0") 
[0.382s] -- Ensuring Eigen3 include directory is part of orocos-kdl CMake target
[0.386s] -- Found ament_lint_auto: 0.12.11 (/opt/ros/humble/share/ament_lint_auto/cmake)
[0.438s] -- Added test 'cppcheck' to perform static code analysis on C / C++ code
[0.438s] -- Configured cppcheck include dirs: $<BUILD_INTERFACE:/home/wang/hello/src/tf_listener/include>
[0.438s] -- Configured cppcheck exclude dirs and/or files: 
[0.438s] -- Added test 'lint_cmake' to check CMake code style
[0.439s] -- Added test 'uncrustify' to check C / C++ code style
[0.439s] -- Configured uncrustify additional arguments: 
[0.439s] -- Added test 'xmllint' to check XML markup files
[0.439s] -- Configuring done
[0.448s] -- Generating done
[0.452s] -- Build files have been written to: /home/wang/hello/build/tf_listener
[0.480s] [35m[1mConsolidate compiler generated dependencies of target demo01_tf_listener[0m
[0.493s] [ 25%] [32mBuilding CXX object CMakeFiles/demo02_tf_msg_listener.dir/src/demo02_tf_msg_listener.cpp.o[0m
[0.500s] [ 50%] [32mBuilding CXX object CMakeFiles/demo01_tf_listener.dir/src/demo01_tf_listener.cpp.o[0m
[5.991s] [ 75%] [32m[1mLinking CXX executable demo01_tf_listener[0m
[6.273s] [ 75%] Built target demo01_tf_listener
[6.484s] [100%] [32m[1mLinking CXX executable demo02_tf_msg_listener[0m
[6.800s] [100%] Built target demo02_tf_msg_listener
[6.811s] Invoked command in '/home/wang/hello/build/tf_listener' returned '0': CMAKE_PREFIX_PATH=${CMAKE_PREFIX_PATH}:/opt/ros/humble /usr/bin/cmake --build /home/wang/hello/build/tf_listener -- -j16 -l16
[6.825s] Invoking command in '/home/wang/hello/build/tf_listener': CMAKE_PREFIX_PATH=${CMAKE_PREFIX_PATH}:/opt/ros/humble /usr/bin/cmake --install /home/wang/hello/build/tf_listener
[6.841s] -- Install configuration: ""
[6.841s] -- Installing: /home/wang/hello/install/tf_listener/lib/tf_listener/demo01_tf_listener
[6.847s] -- Set runtime path of "/home/wang/hello/install/tf_listener/lib/tf_listener/demo01_tf_listener" to ""
[6.847s] -- Installing: /home/wang/hello/install/tf_listener/lib/tf_listener/demo02_tf_msg_listener
[6.853s] -- Set runtime path of "/home/wang/hello/install/tf_listener/lib/tf_listener/demo02_tf_msg_listener" to ""
[6.853s] -- Installing: /home/wang/hello/install/tf_listener/share/ament_index/resource_index/package_run_dependencies/tf_listener
[6.853s] -- Up-to-date: /home/wang/hello/install/tf_listener/share/ament_index/resource_index/parent_prefix_path/tf_listener
[6.853s] -- Up-to-date: /home/wang/hello/install/tf_listener/share/tf_listener/environment/ament_prefix_path.sh
[6.853s] -- Installing: /home/wang/hello/install/tf_listener/share/tf_listener/environment/ament_prefix_path.dsv
[6.853s] -- Up-to-date: /home/wang/hello/install/tf_listener/share/tf_listener/environment/path.sh
[6.853s] -- Installing: /home/wang/hello/install/tf_listener/share/tf_listener/environment/path.dsv
[6.853s] -- Up-to-date: /home/wang/hello/install/tf_listener/share/tf_listener/local_setup.bash
[6.853s] -- Up-to-date: /home/wang/hello/install/tf_listener/share/tf_listener/local_setup.sh
[6.853s] -- Up-to-date: /home/wang/hello/install/tf_listener/share/tf_listener/local_setup.zsh
[6.854s] -- Installing: /home/wang/hello/install/tf_listener/share/tf_listener/local_setup.dsv
[6.854s] -- Installing: /home/wang/hello/install/tf_listener/share/tf_listener/package.dsv
[6.854s] -- Up-to-date: /home/wang/hello/install/tf_listener/share/ament_index/resource_index/packages/tf_listener
[6.854s] -- Up-to-date: /home/wang/hello/install/tf_listener/share/tf_listener/cmake/tf_listenerConfig.cmake
[6.854s] -- Up-to-date: /home/wang/hello/install/tf_listener/share/tf_listener/cmake/tf_listenerConfig-version.cmake
[6.854s] -- Installing: /home/wang/hello/install/tf_listener/share/tf_listener/package.xml
[6.856s] Invoked command in '/home/wang/hello/build/tf_listener' returned '0': CMAKE_PREFIX_PATH=${CMAKE_PREFIX_PATH}:/opt/ros/humble /usr/bin/cmake --install /home/wang/hello/build/tf_listener
