[0.006s] Invoking command in '/home/wang/hello/build/base_interfaces_demo': CMAKE_PREFIX_PATH=${CMAKE_PREFIX_PATH}:/opt/ros/humble /usr/bin/cmake --build /home/wang/hello/build/base_interfaces_demo -- -j16 -l16
[0.032s] [35m[1mConsolidate compiler generated dependencies of target base_interfaces_demo__rosidl_generator_c[0m
[0.039s] [  2%] Built target base_interfaces_demo__cpp
[0.039s] [ 12%] Built target base_interfaces_demo__rosidl_generator_c
[0.046s] [ 12%] Built target ament_cmake_python_copy_base_interfaces_demo
[0.047s] [35m[1mConsolidate compiler generated dependencies of target base_interfaces_demo__rosidl_typesupport_introspection_cpp[0m
[0.048s] [35m[1mConsolidate compiler generated dependencies of target base_interfaces_demo__rosidl_typesupport_cpp[0m
[0.049s] [35m[1mConsolidate compiler generated dependencies of target base_interfaces_demo__rosidl_typesupport_fastrtps_cpp[0m
[0.052s] [35m[1mConsolidate compiler generated dependencies of target base_interfaces_demo__rosidl_typesupport_c[0m
[0.052s] [35m[1mConsolidate compiler generated dependencies of target base_interfaces_demo__rosidl_typesupport_introspection_c[0m
[0.052s] [35m[1mConsolidate compiler generated dependencies of target base_interfaces_demo__rosidl_typesupport_fastrtps_c[0m
[0.055s] [ 23%] Built target base_interfaces_demo__rosidl_typesupport_introspection_cpp
[0.055s] [ 33%] Built target base_interfaces_demo__rosidl_typesupport_cpp
[0.058s] [ 43%] Built target base_interfaces_demo__rosidl_typesupport_c
[0.058s] [ 53%] Built target base_interfaces_demo__rosidl_typesupport_fastrtps_cpp
[0.062s] [ 64%] Built target base_interfaces_demo__rosidl_typesupport_fastrtps_c
[0.062s] [ 74%] Built target base_interfaces_demo__rosidl_typesupport_introspection_c
[0.075s] [ 74%] Built target base_interfaces_demo
[0.088s] [ 76%] Built target base_interfaces_demo__py
[0.095s] [35m[1mConsolidate compiler generated dependencies of target base_interfaces_demo__rosidl_generator_py[0m
[0.103s] [ 84%] Built target base_interfaces_demo__rosidl_generator_py
[0.110s] [35m[1mConsolidate compiler generated dependencies of target base_interfaces_demo__rosidl_typesupport_fastrtps_c__pyext[0m
[0.110s] [35m[1mConsolidate compiler generated dependencies of target base_interfaces_demo__rosidl_typesupport_introspection_c__pyext[0m
[0.116s] [35m[1mConsolidate compiler generated dependencies of target base_interfaces_demo__rosidl_typesupport_c__pyext[0m
[0.118s] [ 94%] Built target base_interfaces_demo__rosidl_typesupport_introspection_c__pyext
[0.118s] [ 94%] Built target base_interfaces_demo__rosidl_typesupport_fastrtps_c__pyext
[0.125s] [100%] Built target base_interfaces_demo__rosidl_typesupport_c__pyext
[0.185s] running egg_info
[0.185s] writing base_interfaces_demo.egg-info/PKG-INFO
[0.185s] writing dependency_links to base_interfaces_demo.egg-info/dependency_links.txt
[0.185s] writing top-level names to base_interfaces_demo.egg-info/top_level.txt
[0.187s] reading manifest file 'base_interfaces_demo.egg-info/SOURCES.txt'
[0.187s] writing manifest file 'base_interfaces_demo.egg-info/SOURCES.txt'
[0.203s] [100%] Built target ament_cmake_python_build_base_interfaces_demo_egg
[0.210s] Invoked command in '/home/wang/hello/build/base_interfaces_demo' returned '0': CMAKE_PREFIX_PATH=${CMAKE_PREFIX_PATH}:/opt/ros/humble /usr/bin/cmake --build /home/wang/hello/build/base_interfaces_demo -- -j16 -l16
[0.259s] Invoking command in '/home/wang/hello/build/base_interfaces_demo': CMAKE_PREFIX_PATH=${CMAKE_PREFIX_PATH}:/opt/ros/humble /usr/bin/cmake --install /home/wang/hello/build/base_interfaces_demo
[0.264s] -- Install configuration: ""
[0.264s] -- Up-to-date: /home/wang/hello/install/base_interfaces_demo/share/ament_index/resource_index/rosidl_interfaces/base_interfaces_demo
[0.264s] -- Up-to-date: /home/wang/hello/install/base_interfaces_demo/include/base_interfaces_demo/base_interfaces_demo
[0.264s] -- Up-to-date: /home/wang/hello/install/base_interfaces_demo/include/base_interfaces_demo/base_interfaces_demo/msg
[0.264s] -- Up-to-date: /home/wang/hello/install/base_interfaces_demo/include/base_interfaces_demo/base_interfaces_demo/msg/student.h
[0.264s] -- Up-to-date: /home/wang/hello/install/base_interfaces_demo/include/base_interfaces_demo/base_interfaces_demo/msg/detail
[0.264s] -- Up-to-date: /home/wang/hello/install/base_interfaces_demo/include/base_interfaces_demo/base_interfaces_demo/msg/detail/student__functions.h
[0.264s] -- Up-to-date: /home/wang/hello/install/base_interfaces_demo/include/base_interfaces_demo/base_interfaces_demo/msg/detail/student__type_support.h
[0.264s] -- Up-to-date: /home/wang/hello/install/base_interfaces_demo/include/base_interfaces_demo/base_interfaces_demo/msg/detail/student__functions.c
[0.264s] -- Up-to-date: /home/wang/hello/install/base_interfaces_demo/include/base_interfaces_demo/base_interfaces_demo/msg/detail/student__struct.h
[0.264s] -- Up-to-date: /home/wang/hello/install/base_interfaces_demo/include/base_interfaces_demo/base_interfaces_demo/msg/rosidl_generator_c__visibility_control.h
[0.264s] -- Up-to-date: /home/wang/hello/install/base_interfaces_demo/include/base_interfaces_demo/base_interfaces_demo/srv
[0.264s] -- Up-to-date: /home/wang/hello/install/base_interfaces_demo/include/base_interfaces_demo/base_interfaces_demo/srv/detail
[0.264s] -- Up-to-date: /home/wang/hello/install/base_interfaces_demo/include/base_interfaces_demo/base_interfaces_demo/srv/detail/addint__functions.h
[0.265s] -- Up-to-date: /home/wang/hello/install/base_interfaces_demo/include/base_interfaces_demo/base_interfaces_demo/srv/detail/addint__functions.c
[0.265s] -- Up-to-date: /home/wang/hello/install/base_interfaces_demo/include/base_interfaces_demo/base_interfaces_demo/srv/detail/addint__type_support.h
[0.265s] -- Up-to-date: /home/wang/hello/install/base_interfaces_demo/include/base_interfaces_demo/base_interfaces_demo/srv/detail/addint__struct.h
[0.265s] -- Up-to-date: /home/wang/hello/install/base_interfaces_demo/include/base_interfaces_demo/base_interfaces_demo/srv/addint.h
[0.265s] -- Up-to-date: /home/wang/hello/install/base_interfaces_demo/share/base_interfaces_demo/environment/library_path.sh
[0.265s] -- Up-to-date: /home/wang/hello/install/base_interfaces_demo/share/base_interfaces_demo/environment/library_path.dsv
[0.265s] -- Up-to-date: /home/wang/hello/install/base_interfaces_demo/lib/libbase_interfaces_demo__rosidl_generator_c.so
[0.265s] -- Up-to-date: /home/wang/hello/install/base_interfaces_demo/include/base_interfaces_demo/base_interfaces_demo
[0.265s] -- Up-to-date: /home/wang/hello/install/base_interfaces_demo/include/base_interfaces_demo/base_interfaces_demo/msg
[0.265s] -- Up-to-date: /home/wang/hello/install/base_interfaces_demo/include/base_interfaces_demo/base_interfaces_demo/msg/rosidl_typesupport_fastrtps_c__visibility_control.h
[0.265s] -- Up-to-date: /home/wang/hello/install/base_interfaces_demo/include/base_interfaces_demo/base_interfaces_demo/msg/detail
[0.265s] -- Up-to-date: /home/wang/hello/install/base_interfaces_demo/include/base_interfaces_demo/base_interfaces_demo/msg/detail/student__rosidl_typesupport_fastrtps_c.h
[0.265s] -- Up-to-date: /home/wang/hello/install/base_interfaces_demo/include/base_interfaces_demo/base_interfaces_demo/srv
[0.265s] -- Up-to-date: /home/wang/hello/install/base_interfaces_demo/include/base_interfaces_demo/base_interfaces_demo/srv/detail
[0.265s] -- Up-to-date: /home/wang/hello/install/base_interfaces_demo/include/base_interfaces_demo/base_interfaces_demo/srv/detail/addint__rosidl_typesupport_fastrtps_c.h
[0.265s] -- Up-to-date: /home/wang/hello/install/base_interfaces_demo/lib/libbase_interfaces_demo__rosidl_typesupport_fastrtps_c.so
[0.265s] -- Up-to-date: /home/wang/hello/install/base_interfaces_demo/include/base_interfaces_demo/base_interfaces_demo
[0.265s] -- Up-to-date: /home/wang/hello/install/base_interfaces_demo/include/base_interfaces_demo/base_interfaces_demo/msg
[0.266s] -- Up-to-date: /home/wang/hello/install/base_interfaces_demo/include/base_interfaces_demo/base_interfaces_demo/msg/detail
[0.266s] -- Up-to-date: /home/wang/hello/install/base_interfaces_demo/include/base_interfaces_demo/base_interfaces_demo/msg/detail/student__type_support.c
[0.266s] -- Up-to-date: /home/wang/hello/install/base_interfaces_demo/include/base_interfaces_demo/base_interfaces_demo/msg/detail/student__rosidl_typesupport_introspection_c.h
[0.266s] -- Up-to-date: /home/wang/hello/install/base_interfaces_demo/include/base_interfaces_demo/base_interfaces_demo/msg/rosidl_typesupport_introspection_c__visibility_control.h
[0.266s] -- Up-to-date: /home/wang/hello/install/base_interfaces_demo/include/base_interfaces_demo/base_interfaces_demo/srv
[0.266s] -- Up-to-date: /home/wang/hello/install/base_interfaces_demo/include/base_interfaces_demo/base_interfaces_demo/srv/detail
[0.266s] -- Up-to-date: /home/wang/hello/install/base_interfaces_demo/include/base_interfaces_demo/base_interfaces_demo/srv/detail/addint__rosidl_typesupport_introspection_c.h
[0.266s] -- Up-to-date: /home/wang/hello/install/base_interfaces_demo/include/base_interfaces_demo/base_interfaces_demo/srv/detail/addint__type_support.c
[0.266s] -- Up-to-date: /home/wang/hello/install/base_interfaces_demo/lib/libbase_interfaces_demo__rosidl_typesupport_introspection_c.so
[0.266s] -- Up-to-date: /home/wang/hello/install/base_interfaces_demo/lib/libbase_interfaces_demo__rosidl_typesupport_c.so
[0.266s] -- Up-to-date: /home/wang/hello/install/base_interfaces_demo/include/base_interfaces_demo/base_interfaces_demo
[0.266s] -- Up-to-date: /home/wang/hello/install/base_interfaces_demo/include/base_interfaces_demo/base_interfaces_demo/msg
[0.266s] -- Up-to-date: /home/wang/hello/install/base_interfaces_demo/include/base_interfaces_demo/base_interfaces_demo/msg/detail
[0.267s] -- Up-to-date: /home/wang/hello/install/base_interfaces_demo/include/base_interfaces_demo/base_interfaces_demo/msg/detail/student__builder.hpp
[0.267s] -- Up-to-date: /home/wang/hello/install/base_interfaces_demo/include/base_interfaces_demo/base_interfaces_demo/msg/detail/student__struct.hpp
[0.267s] -- Up-to-date: /home/wang/hello/install/base_interfaces_demo/include/base_interfaces_demo/base_interfaces_demo/msg/detail/student__traits.hpp
[0.267s] -- Up-to-date: /home/wang/hello/install/base_interfaces_demo/include/base_interfaces_demo/base_interfaces_demo/msg/student.hpp
[0.267s] -- Up-to-date: /home/wang/hello/install/base_interfaces_demo/include/base_interfaces_demo/base_interfaces_demo/srv
[0.267s] -- Up-to-date: /home/wang/hello/install/base_interfaces_demo/include/base_interfaces_demo/base_interfaces_demo/srv/addint.hpp
[0.267s] -- Up-to-date: /home/wang/hello/install/base_interfaces_demo/include/base_interfaces_demo/base_interfaces_demo/srv/detail
[0.267s] -- Up-to-date: /home/wang/hello/install/base_interfaces_demo/include/base_interfaces_demo/base_interfaces_demo/srv/detail/addint__builder.hpp
[0.267s] -- Up-to-date: /home/wang/hello/install/base_interfaces_demo/include/base_interfaces_demo/base_interfaces_demo/srv/detail/addint__struct.hpp
[0.267s] -- Up-to-date: /home/wang/hello/install/base_interfaces_demo/include/base_interfaces_demo/base_interfaces_demo/srv/detail/addint__traits.hpp
[0.267s] -- Up-to-date: /home/wang/hello/install/base_interfaces_demo/include/base_interfaces_demo/base_interfaces_demo
[0.267s] -- Up-to-date: /home/wang/hello/install/base_interfaces_demo/include/base_interfaces_demo/base_interfaces_demo/msg
[0.267s] -- Up-to-date: /home/wang/hello/install/base_interfaces_demo/include/base_interfaces_demo/base_interfaces_demo/msg/rosidl_typesupport_fastrtps_cpp__visibility_control.h
[0.267s] -- Up-to-date: /home/wang/hello/install/base_interfaces_demo/include/base_interfaces_demo/base_interfaces_demo/msg/detail
[0.267s] -- Up-to-date: /home/wang/hello/install/base_interfaces_demo/include/base_interfaces_demo/base_interfaces_demo/msg/detail/dds_fastrtps
[0.267s] -- Up-to-date: /home/wang/hello/install/base_interfaces_demo/include/base_interfaces_demo/base_interfaces_demo/msg/detail/student__rosidl_typesupport_fastrtps_cpp.hpp
[0.267s] -- Up-to-date: /home/wang/hello/install/base_interfaces_demo/include/base_interfaces_demo/base_interfaces_demo/srv
[0.267s] -- Up-to-date: /home/wang/hello/install/base_interfaces_demo/include/base_interfaces_demo/base_interfaces_demo/srv/detail
[0.268s] -- Up-to-date: /home/wang/hello/install/base_interfaces_demo/include/base_interfaces_demo/base_interfaces_demo/srv/detail/addint__rosidl_typesupport_fastrtps_cpp.hpp
[0.268s] -- Up-to-date: /home/wang/hello/install/base_interfaces_demo/include/base_interfaces_demo/base_interfaces_demo/srv/detail/dds_fastrtps
[0.268s] -- Up-to-date: /home/wang/hello/install/base_interfaces_demo/lib/libbase_interfaces_demo__rosidl_typesupport_fastrtps_cpp.so
[0.268s] -- Up-to-date: /home/wang/hello/install/base_interfaces_demo/include/base_interfaces_demo/base_interfaces_demo
[0.268s] -- Up-to-date: /home/wang/hello/install/base_interfaces_demo/include/base_interfaces_demo/base_interfaces_demo/msg
[0.268s] -- Up-to-date: /home/wang/hello/install/base_interfaces_demo/include/base_interfaces_demo/base_interfaces_demo/msg/detail
[0.268s] -- Up-to-date: /home/wang/hello/install/base_interfaces_demo/include/base_interfaces_demo/base_interfaces_demo/msg/detail/student__rosidl_typesupport_introspection_cpp.hpp
[0.268s] -- Up-to-date: /home/wang/hello/install/base_interfaces_demo/include/base_interfaces_demo/base_interfaces_demo/msg/detail/student__type_support.cpp
[0.268s] -- Up-to-date: /home/wang/hello/install/base_interfaces_demo/include/base_interfaces_demo/base_interfaces_demo/srv
[0.268s] -- Up-to-date: /home/wang/hello/install/base_interfaces_demo/include/base_interfaces_demo/base_interfaces_demo/srv/detail
[0.268s] -- Up-to-date: /home/wang/hello/install/base_interfaces_demo/include/base_interfaces_demo/base_interfaces_demo/srv/detail/addint__type_support.cpp
[0.268s] -- Up-to-date: /home/wang/hello/install/base_interfaces_demo/include/base_interfaces_demo/base_interfaces_demo/srv/detail/addint__rosidl_typesupport_introspection_cpp.hpp
[0.268s] -- Up-to-date: /home/wang/hello/install/base_interfaces_demo/lib/libbase_interfaces_demo__rosidl_typesupport_introspection_cpp.so
[0.268s] -- Up-to-date: /home/wang/hello/install/base_interfaces_demo/lib/libbase_interfaces_demo__rosidl_typesupport_cpp.so
[0.268s] -- Up-to-date: /home/wang/hello/install/base_interfaces_demo/share/base_interfaces_demo/environment/pythonpath.sh
[0.268s] -- Up-to-date: /home/wang/hello/install/base_interfaces_demo/share/base_interfaces_demo/environment/pythonpath.dsv
[0.268s] -- Up-to-date: /home/wang/hello/install/base_interfaces_demo/local/lib/python3.10/dist-packages/base_interfaces_demo-0.0.0-py3.10.egg-info
[0.268s] -- Installing: /home/wang/hello/install/base_interfaces_demo/local/lib/python3.10/dist-packages/base_interfaces_demo-0.0.0-py3.10.egg-info/dependency_links.txt
[0.268s] -- Installing: /home/wang/hello/install/base_interfaces_demo/local/lib/python3.10/dist-packages/base_interfaces_demo-0.0.0-py3.10.egg-info/PKG-INFO
[0.268s] -- Installing: /home/wang/hello/install/base_interfaces_demo/local/lib/python3.10/dist-packages/base_interfaces_demo-0.0.0-py3.10.egg-info/SOURCES.txt
[0.268s] -- Installing: /home/wang/hello/install/base_interfaces_demo/local/lib/python3.10/dist-packages/base_interfaces_demo-0.0.0-py3.10.egg-info/top_level.txt
[0.268s] -- Up-to-date: /home/wang/hello/install/base_interfaces_demo/local/lib/python3.10/dist-packages/base_interfaces_demo
[0.268s] -- Up-to-date: /home/wang/hello/install/base_interfaces_demo/local/lib/python3.10/dist-packages/base_interfaces_demo/msg
[0.268s] -- Up-to-date: /home/wang/hello/install/base_interfaces_demo/local/lib/python3.10/dist-packages/base_interfaces_demo/msg/_student.py
[0.268s] -- Up-to-date: /home/wang/hello/install/base_interfaces_demo/local/lib/python3.10/dist-packages/base_interfaces_demo/msg/_student_s.c
[0.268s] -- Up-to-date: /home/wang/hello/install/base_interfaces_demo/local/lib/python3.10/dist-packages/base_interfaces_demo/msg/__init__.py
[0.268s] -- Up-to-date: /home/wang/hello/install/base_interfaces_demo/local/lib/python3.10/dist-packages/base_interfaces_demo/_base_interfaces_demo_s.ep.rosidl_typesupport_c.c
[0.268s] -- Up-to-date: /home/wang/hello/install/base_interfaces_demo/local/lib/python3.10/dist-packages/base_interfaces_demo/_base_interfaces_demo_s.ep.rosidl_typesupport_fastrtps_c.c
[0.268s] -- Up-to-date: /home/wang/hello/install/base_interfaces_demo/local/lib/python3.10/dist-packages/base_interfaces_demo/srv
[0.268s] -- Up-to-date: /home/wang/hello/install/base_interfaces_demo/local/lib/python3.10/dist-packages/base_interfaces_demo/srv/__init__.py
[0.269s] -- Up-to-date: /home/wang/hello/install/base_interfaces_demo/local/lib/python3.10/dist-packages/base_interfaces_demo/srv/_addint.py
[0.269s] -- Up-to-date: /home/wang/hello/install/base_interfaces_demo/local/lib/python3.10/dist-packages/base_interfaces_demo/srv/_addint_s.c
[0.269s] -- Up-to-date: /home/wang/hello/install/base_interfaces_demo/local/lib/python3.10/dist-packages/base_interfaces_demo/__init__.py
[0.269s] -- Up-to-date: /home/wang/hello/install/base_interfaces_demo/local/lib/python3.10/dist-packages/base_interfaces_demo/base_interfaces_demo_s__rosidl_typesupport_introspection_c.cpython-310-x86_64-linux-gnu.so
[0.269s] -- Up-to-date: /home/wang/hello/install/base_interfaces_demo/local/lib/python3.10/dist-packages/base_interfaces_demo/libbase_interfaces_demo__rosidl_generator_py.so
[0.269s] -- Up-to-date: /home/wang/hello/install/base_interfaces_demo/local/lib/python3.10/dist-packages/base_interfaces_demo/base_interfaces_demo_s__rosidl_typesupport_fastrtps_c.cpython-310-x86_64-linux-gnu.so
[0.269s] -- Up-to-date: /home/wang/hello/install/base_interfaces_demo/local/lib/python3.10/dist-packages/base_interfaces_demo/_base_interfaces_demo_s.ep.rosidl_typesupport_introspection_c.c
[0.269s] -- Up-to-date: /home/wang/hello/install/base_interfaces_demo/local/lib/python3.10/dist-packages/base_interfaces_demo/base_interfaces_demo_s__rosidl_typesupport_c.cpython-310-x86_64-linux-gnu.so
[0.288s] Listing '/home/wang/hello/install/base_interfaces_demo/local/lib/python3.10/dist-packages/base_interfaces_demo'...
[0.288s] Listing '/home/wang/hello/install/base_interfaces_demo/local/lib/python3.10/dist-packages/base_interfaces_demo/msg'...
[0.288s] Listing '/home/wang/hello/install/base_interfaces_demo/local/lib/python3.10/dist-packages/base_interfaces_demo/srv'...
[0.290s] -- Up-to-date: /home/wang/hello/install/base_interfaces_demo/local/lib/python3.10/dist-packages/base_interfaces_demo/base_interfaces_demo_s__rosidl_typesupport_fastrtps_c.cpython-310-x86_64-linux-gnu.so
[0.291s] -- Up-to-date: /home/wang/hello/install/base_interfaces_demo/local/lib/python3.10/dist-packages/base_interfaces_demo/base_interfaces_demo_s__rosidl_typesupport_introspection_c.cpython-310-x86_64-linux-gnu.so
[0.291s] -- Up-to-date: /home/wang/hello/install/base_interfaces_demo/local/lib/python3.10/dist-packages/base_interfaces_demo/base_interfaces_demo_s__rosidl_typesupport_c.cpython-310-x86_64-linux-gnu.so
[0.291s] -- Up-to-date: /home/wang/hello/install/base_interfaces_demo/lib/libbase_interfaces_demo__rosidl_generator_py.so
[0.291s] -- Up-to-date: /home/wang/hello/install/base_interfaces_demo/share/base_interfaces_demo/msg/Student.idl
[0.291s] -- Up-to-date: /home/wang/hello/install/base_interfaces_demo/share/base_interfaces_demo/srv/Addint.idl
[0.291s] -- Up-to-date: /home/wang/hello/install/base_interfaces_demo/share/base_interfaces_demo/msg/Student.msg
[0.291s] -- Up-to-date: /home/wang/hello/install/base_interfaces_demo/share/base_interfaces_demo/srv/Addint.srv
[0.291s] -- Up-to-date: /home/wang/hello/install/base_interfaces_demo/share/base_interfaces_demo/srv/Addint_Request.msg
[0.291s] -- Up-to-date: /home/wang/hello/install/base_interfaces_demo/share/base_interfaces_demo/srv/Addint_Response.msg
[0.291s] -- Up-to-date: /home/wang/hello/install/base_interfaces_demo/share/ament_index/resource_index/package_run_dependencies/base_interfaces_demo
[0.291s] -- Up-to-date: /home/wang/hello/install/base_interfaces_demo/share/ament_index/resource_index/parent_prefix_path/base_interfaces_demo
[0.291s] -- Up-to-date: /home/wang/hello/install/base_interfaces_demo/share/base_interfaces_demo/environment/ament_prefix_path.sh
[0.291s] -- Up-to-date: /home/wang/hello/install/base_interfaces_demo/share/base_interfaces_demo/environment/ament_prefix_path.dsv
[0.292s] -- Up-to-date: /home/wang/hello/install/base_interfaces_demo/share/base_interfaces_demo/environment/path.sh
[0.292s] -- Up-to-date: /home/wang/hello/install/base_interfaces_demo/share/base_interfaces_demo/environment/path.dsv
[0.292s] -- Up-to-date: /home/wang/hello/install/base_interfaces_demo/share/base_interfaces_demo/local_setup.bash
[0.292s] -- Up-to-date: /home/wang/hello/install/base_interfaces_demo/share/base_interfaces_demo/local_setup.sh
[0.292s] -- Up-to-date: /home/wang/hello/install/base_interfaces_demo/share/base_interfaces_demo/local_setup.zsh
[0.292s] -- Up-to-date: /home/wang/hello/install/base_interfaces_demo/share/base_interfaces_demo/local_setup.dsv
[0.292s] -- Installing: /home/wang/hello/install/base_interfaces_demo/share/base_interfaces_demo/package.dsv
[0.292s] -- Up-to-date: /home/wang/hello/install/base_interfaces_demo/share/ament_index/resource_index/packages/base_interfaces_demo
[0.292s] -- Up-to-date: /home/wang/hello/install/base_interfaces_demo/share/base_interfaces_demo/cmake/export_base_interfaces_demo__rosidl_generator_cExport.cmake
[0.292s] -- Up-to-date: /home/wang/hello/install/base_interfaces_demo/share/base_interfaces_demo/cmake/export_base_interfaces_demo__rosidl_generator_cExport-noconfig.cmake
[0.292s] -- Up-to-date: /home/wang/hello/install/base_interfaces_demo/share/base_interfaces_demo/cmake/export_base_interfaces_demo__rosidl_typesupport_fastrtps_cExport.cmake
[0.292s] -- Up-to-date: /home/wang/hello/install/base_interfaces_demo/share/base_interfaces_demo/cmake/export_base_interfaces_demo__rosidl_typesupport_fastrtps_cExport-noconfig.cmake
[0.292s] -- Up-to-date: /home/wang/hello/install/base_interfaces_demo/share/base_interfaces_demo/cmake/base_interfaces_demo__rosidl_typesupport_introspection_cExport.cmake
[0.292s] -- Up-to-date: /home/wang/hello/install/base_interfaces_demo/share/base_interfaces_demo/cmake/base_interfaces_demo__rosidl_typesupport_introspection_cExport-noconfig.cmake
[0.293s] -- Up-to-date: /home/wang/hello/install/base_interfaces_demo/share/base_interfaces_demo/cmake/base_interfaces_demo__rosidl_typesupport_cExport.cmake
[0.293s] -- Up-to-date: /home/wang/hello/install/base_interfaces_demo/share/base_interfaces_demo/cmake/base_interfaces_demo__rosidl_typesupport_cExport-noconfig.cmake
[0.293s] -- Up-to-date: /home/wang/hello/install/base_interfaces_demo/share/base_interfaces_demo/cmake/export_base_interfaces_demo__rosidl_generator_cppExport.cmake
[0.293s] -- Up-to-date: /home/wang/hello/install/base_interfaces_demo/share/base_interfaces_demo/cmake/export_base_interfaces_demo__rosidl_typesupport_fastrtps_cppExport.cmake
[0.293s] -- Up-to-date: /home/wang/hello/install/base_interfaces_demo/share/base_interfaces_demo/cmake/export_base_interfaces_demo__rosidl_typesupport_fastrtps_cppExport-noconfig.cmake
[0.293s] -- Up-to-date: /home/wang/hello/install/base_interfaces_demo/share/base_interfaces_demo/cmake/base_interfaces_demo__rosidl_typesupport_introspection_cppExport.cmake
[0.293s] -- Up-to-date: /home/wang/hello/install/base_interfaces_demo/share/base_interfaces_demo/cmake/base_interfaces_demo__rosidl_typesupport_introspection_cppExport-noconfig.cmake
[0.293s] -- Up-to-date: /home/wang/hello/install/base_interfaces_demo/share/base_interfaces_demo/cmake/base_interfaces_demo__rosidl_typesupport_cppExport.cmake
[0.293s] -- Up-to-date: /home/wang/hello/install/base_interfaces_demo/share/base_interfaces_demo/cmake/base_interfaces_demo__rosidl_typesupport_cppExport-noconfig.cmake
[0.293s] -- Up-to-date: /home/wang/hello/install/base_interfaces_demo/share/base_interfaces_demo/cmake/export_base_interfaces_demo__rosidl_generator_pyExport.cmake
[0.293s] -- Up-to-date: /home/wang/hello/install/base_interfaces_demo/share/base_interfaces_demo/cmake/export_base_interfaces_demo__rosidl_generator_pyExport-noconfig.cmake
[0.293s] -- Up-to-date: /home/wang/hello/install/base_interfaces_demo/share/base_interfaces_demo/cmake/rosidl_cmake-extras.cmake
[0.293s] -- Up-to-date: /home/wang/hello/install/base_interfaces_demo/share/base_interfaces_demo/cmake/ament_cmake_export_include_directories-extras.cmake
[0.293s] -- Up-to-date: /home/wang/hello/install/base_interfaces_demo/share/base_interfaces_demo/cmake/ament_cmake_export_libraries-extras.cmake
[0.293s] -- Up-to-date: /home/wang/hello/install/base_interfaces_demo/share/base_interfaces_demo/cmake/ament_cmake_export_targets-extras.cmake
[0.293s] -- Up-to-date: /home/wang/hello/install/base_interfaces_demo/share/base_interfaces_demo/cmake/rosidl_cmake_export_typesupport_targets-extras.cmake
[0.293s] -- Up-to-date: /home/wang/hello/install/base_interfaces_demo/share/base_interfaces_demo/cmake/ament_cmake_export_dependencies-extras.cmake
[0.294s] -- Up-to-date: /home/wang/hello/install/base_interfaces_demo/share/base_interfaces_demo/cmake/rosidl_cmake_export_typesupport_libraries-extras.cmake
[0.294s] -- Up-to-date: /home/wang/hello/install/base_interfaces_demo/share/base_interfaces_demo/cmake/base_interfaces_demoConfig.cmake
[0.294s] -- Up-to-date: /home/wang/hello/install/base_interfaces_demo/share/base_interfaces_demo/cmake/base_interfaces_demoConfig-version.cmake
[0.294s] -- Up-to-date: /home/wang/hello/install/base_interfaces_demo/share/base_interfaces_demo/package.xml
[0.295s] Invoked command in '/home/wang/hello/build/base_interfaces_demo' returned '0': CMAKE_PREFIX_PATH=${CMAKE_PREFIX_PATH}:/opt/ros/humble /usr/bin/cmake --install /home/wang/hello/build/base_interfaces_demo
