[0.000000] (-) TimerEvent: {}
[0.000186] (-) JobUnselected: {'identifier': 'action'}
[0.000225] (-) JobUnselected: {'identifier': 'base_interfaces_demo'}
[0.000255] (-) JobUnselected: {'identifier': 'param'}
[0.000282] (-) JobUnselected: {'identifier': 'polygon_base'}
[0.000321] (-) JobUnselected: {'identifier': 'polygon_plugins'}
[0.000381] (-) JobUnselected: {'identifier': 'service'}
[0.000410] (-) JobUnselected: {'identifier': 'topic'}
[0.000467] (my_urdf) JobQueued: {'identifier': 'my_urdf', 'dependencies': OrderedDict()}
[0.000531] (my_urdf) JobStarted: {'identifier': 'my_urdf'}
[0.005718] (my_urdf) JobProgress: {'identifier': 'my_urdf', 'progress': 'cmake'}
[0.006003] (my_urdf) JobProgress: {'identifier': 'my_urdf', 'progress': 'build'}
[0.006467] (my_urdf) Command: {'cmd': ['/usr/bin/cmake', '--build', '/home/wang/hello/build/my_urdf', '--', '-j16', '-l16'], 'cwd': '/home/wang/hello/build/my_urdf', 'env': OrderedDict([('GJS_DEBUG_TOPICS', 'JS ERROR;JS LOG'), ('LESSOPEN', '| /usr/bin/lesspipe %s'), ('LANGUAGE', 'zh_CN:zh'), ('USER', 'wang'), ('XDG_SESSION_TYPE', 'wayland'), ('GIT_ASKPASS', '/usr/share/code/resources/app/extensions/git/dist/askpass.sh'), ('SHLVL', '1'), ('LD_LIBRARY_PATH', '/opt/ros/humble/opt/rviz_ogre_vendor/lib:/opt/ros/humble/lib/x86_64-linux-gnu:/opt/ros/humble/lib'), ('HOME', '/home/wang'), ('CHROME_DESKTOP', 'code-url-handler.desktop'), ('TERM_PROGRAM_VERSION', '1.91.1'), ('DESKTOP_SESSION', 'ubuntu'), ('GIO_LAUNCHED_DESKTOP_FILE', '/usr/share/applications/code.desktop'), ('ROS_PYTHON_VERSION', '3'), ('GNOME_SHELL_SESSION_MODE', 'ubuntu'), ('GTK_MODULES', 'gail:atk-bridge'), ('VSCODE_GIT_ASKPASS_MAIN', '/usr/share/code/resources/app/extensions/git/dist/askpass-main.js'), ('VSCODE_GIT_ASKPASS_NODE', '/usr/share/code/code'), ('MANAGERPID', '1152'), ('SYSTEMD_EXEC_PID', '1314'), ('IM_CONFIG_CHECK_ENV', '1'), ('DBUS_SESSION_BUS_ADDRESS', 'unix:path=/run/user/1000/bus'), ('COLORTERM', 'truecolor'), ('GIO_LAUNCHED_DESKTOP_FILE_PID', '5400'), ('IM_CONFIG_PHASE', '1'), ('WAYLAND_DISPLAY', 'wayland-0'), ('ROS_DISTRO', 'humble'), ('LOGNAME', 'wang'), ('JOURNAL_STREAM', '8:5588'), ('_', '/usr/bin/colcon'), ('ROS_VERSION', '2'), ('XDG_SESSION_CLASS', 'user'), ('USERNAME', 'wang'), ('TERM', 'xterm-256color'), ('GNOME_DESKTOP_SESSION_ID', 'this-is-deprecated'), ('ROS_LOCALHOST_ONLY', '0'), ('PATH', '/opt/ros/humble/bin:/usr/local/sbin:/usr/local/bin:/usr/sbin:/usr/bin:/sbin:/bin:/usr/games:/usr/local/games:/snap/bin:/snap/bin'), ('SESSION_MANAGER', 'local/wang-Legion-Y7000P-IRH8:@/tmp/.ICE-unix/1285,unix/wang-Legion-Y7000P-IRH8:/tmp/.ICE-unix/1285'), ('INVOCATION_ID', '37e3d768d54f4520862a77285a4d3381'), ('XDG_MENU_PREFIX', 'gnome-'), ('GNOME_SETUP_DISPLAY', ':1'), ('XDG_RUNTIME_DIR', '/run/user/1000'), ('GDK_BACKEND', 'x11'), ('DISPLAY', ':0'), ('VSCODE_INJECTION', '1'), ('LANG', 'zh_CN.UTF-8'), ('XDG_CURRENT_DESKTOP', 'Unity'), ('XMODIFIERS', '@im=ibus'), ('XDG_SESSION_DESKTOP', 'ubuntu'), ('XAUTHORITY', '/run/user/1000/.mutter-Xwaylandauth.QSEF22'), ('LS_COLORS', ''), ('VSCODE_GIT_IPC_HANDLE', '/run/user/1000/vscode-git-b08e3e5545.sock'), ('TERM_PROGRAM', 'vscode'), ('SSH_AGENT_LAUNCHER', 'gnome-keyring'), ('SSH_AUTH_SOCK', '/run/user/1000/keyring/ssh'), ('AMENT_PREFIX_PATH', '/opt/ros/humble'), ('VSCODE_STABLE', '1'), ('ORIGINAL_XDG_CURRENT_DESKTOP', 'ubuntu:GNOME'), ('SHELL', '/bin/bash'), ('QT_ACCESSIBILITY', '1'), ('GDMSESSION', 'ubuntu'), ('LESSCLOSE', '/usr/bin/lesspipe %s %s'), ('GJS_DEBUG_OUTPUT', 'stderr'), ('VSCODE_GIT_ASKPASS_EXTRA_ARGS', ''), ('VSCODE_NONCE', '610b3bd3-0839-493d-bcf9-78e8144701d9'), ('QT_IM_MODULE', 'ibus'), ('PWD', '/home/wang/hello/build/my_urdf'), ('XDG_CONFIG_DIRS', '/etc/xdg/xdg-ubuntu:/etc/xdg'), ('XDG_DATA_DIRS', '/usr/share/ubuntu:/usr/local/share/:/usr/share/:/var/lib/snapd/desktop'), ('PYTHONPATH', '/opt/ros/humble/lib/python3.10/site-packages:/opt/ros/humble/local/lib/python3.10/dist-packages'), ('COLCON', '1'), ('CMAKE_PREFIX_PATH', '/opt/ros/humble')]), 'shell': False}
[0.049651] (my_urdf) CommandEnded: {'returncode': 0}
[0.074315] (my_urdf) JobProgress: {'identifier': 'my_urdf', 'progress': 'install'}
[0.083002] (my_urdf) Command: {'cmd': ['/usr/bin/cmake', '--install', '/home/wang/hello/build/my_urdf'], 'cwd': '/home/wang/hello/build/my_urdf', 'env': OrderedDict([('GJS_DEBUG_TOPICS', 'JS ERROR;JS LOG'), ('LESSOPEN', '| /usr/bin/lesspipe %s'), ('LANGUAGE', 'zh_CN:zh'), ('USER', 'wang'), ('XDG_SESSION_TYPE', 'wayland'), ('GIT_ASKPASS', '/usr/share/code/resources/app/extensions/git/dist/askpass.sh'), ('SHLVL', '1'), ('LD_LIBRARY_PATH', '/opt/ros/humble/opt/rviz_ogre_vendor/lib:/opt/ros/humble/lib/x86_64-linux-gnu:/opt/ros/humble/lib'), ('HOME', '/home/wang'), ('CHROME_DESKTOP', 'code-url-handler.desktop'), ('TERM_PROGRAM_VERSION', '1.91.1'), ('DESKTOP_SESSION', 'ubuntu'), ('GIO_LAUNCHED_DESKTOP_FILE', '/usr/share/applications/code.desktop'), ('ROS_PYTHON_VERSION', '3'), ('GNOME_SHELL_SESSION_MODE', 'ubuntu'), ('GTK_MODULES', 'gail:atk-bridge'), ('VSCODE_GIT_ASKPASS_MAIN', '/usr/share/code/resources/app/extensions/git/dist/askpass-main.js'), ('VSCODE_GIT_ASKPASS_NODE', '/usr/share/code/code'), ('MANAGERPID', '1152'), ('SYSTEMD_EXEC_PID', '1314'), ('IM_CONFIG_CHECK_ENV', '1'), ('DBUS_SESSION_BUS_ADDRESS', 'unix:path=/run/user/1000/bus'), ('COLORTERM', 'truecolor'), ('GIO_LAUNCHED_DESKTOP_FILE_PID', '5400'), ('IM_CONFIG_PHASE', '1'), ('WAYLAND_DISPLAY', 'wayland-0'), ('ROS_DISTRO', 'humble'), ('LOGNAME', 'wang'), ('JOURNAL_STREAM', '8:5588'), ('_', '/usr/bin/colcon'), ('ROS_VERSION', '2'), ('XDG_SESSION_CLASS', 'user'), ('USERNAME', 'wang'), ('TERM', 'xterm-256color'), ('GNOME_DESKTOP_SESSION_ID', 'this-is-deprecated'), ('ROS_LOCALHOST_ONLY', '0'), ('PATH', '/opt/ros/humble/bin:/usr/local/sbin:/usr/local/bin:/usr/sbin:/usr/bin:/sbin:/bin:/usr/games:/usr/local/games:/snap/bin:/snap/bin'), ('SESSION_MANAGER', 'local/wang-Legion-Y7000P-IRH8:@/tmp/.ICE-unix/1285,unix/wang-Legion-Y7000P-IRH8:/tmp/.ICE-unix/1285'), ('INVOCATION_ID', '37e3d768d54f4520862a77285a4d3381'), ('XDG_MENU_PREFIX', 'gnome-'), ('GNOME_SETUP_DISPLAY', ':1'), ('XDG_RUNTIME_DIR', '/run/user/1000'), ('GDK_BACKEND', 'x11'), ('DISPLAY', ':0'), ('VSCODE_INJECTION', '1'), ('LANG', 'zh_CN.UTF-8'), ('XDG_CURRENT_DESKTOP', 'Unity'), ('XMODIFIERS', '@im=ibus'), ('XDG_SESSION_DESKTOP', 'ubuntu'), ('XAUTHORITY', '/run/user/1000/.mutter-Xwaylandauth.QSEF22'), ('LS_COLORS', ''), ('VSCODE_GIT_IPC_HANDLE', '/run/user/1000/vscode-git-b08e3e5545.sock'), ('TERM_PROGRAM', 'vscode'), ('SSH_AGENT_LAUNCHER', 'gnome-keyring'), ('SSH_AUTH_SOCK', '/run/user/1000/keyring/ssh'), ('AMENT_PREFIX_PATH', '/opt/ros/humble'), ('VSCODE_STABLE', '1'), ('ORIGINAL_XDG_CURRENT_DESKTOP', 'ubuntu:GNOME'), ('SHELL', '/bin/bash'), ('QT_ACCESSIBILITY', '1'), ('GDMSESSION', 'ubuntu'), ('LESSCLOSE', '/usr/bin/lesspipe %s %s'), ('GJS_DEBUG_OUTPUT', 'stderr'), ('VSCODE_GIT_ASKPASS_EXTRA_ARGS', ''), ('VSCODE_NONCE', '610b3bd3-0839-493d-bcf9-78e8144701d9'), ('QT_IM_MODULE', 'ibus'), ('PWD', '/home/wang/hello/build/my_urdf'), ('XDG_CONFIG_DIRS', '/etc/xdg/xdg-ubuntu:/etc/xdg'), ('XDG_DATA_DIRS', '/usr/share/ubuntu:/usr/local/share/:/usr/share/:/var/lib/snapd/desktop'), ('PYTHONPATH', '/opt/ros/humble/lib/python3.10/site-packages:/opt/ros/humble/local/lib/python3.10/dist-packages'), ('COLCON', '1'), ('CMAKE_PREFIX_PATH', '/opt/ros/humble')]), 'shell': False}
[0.090034] (my_urdf) StdoutLine: {'line': b'-- Install configuration: ""\n'}
[0.090256] (my_urdf) StdoutLine: {'line': b'-- Up-to-date: /home/wang/hello/install/my_urdf/share/my_urdf/launch\n'}
[0.090327] (my_urdf) StdoutLine: {'line': b'-- Up-to-date: /home/wang/hello/install/my_urdf/share/my_urdf/launch/display.launch.py\n'}
[0.090387] (my_urdf) StdoutLine: {'line': b'-- Up-to-date: /home/wang/hello/install/my_urdf/share/my_urdf/urdf\n'}
[0.090443] (my_urdf) StdoutLine: {'line': b'-- Up-to-date: /home/wang/hello/install/my_urdf/share/my_urdf/urdf/xacro\n'}
[0.090511] (my_urdf) StdoutLine: {'line': b'-- Up-to-date: /home/wang/hello/install/my_urdf/share/my_urdf/urdf/urdf\n'}
[0.090572] (my_urdf) StdoutLine: {'line': b'-- Up-to-date: /home/wang/hello/install/my_urdf/share/my_urdf/urdf/urdf/helloworld.urdf\n'}
[0.090627] (my_urdf) StdoutLine: {'line': b'-- Up-to-date: /home/wang/hello/install/my_urdf/share/my_urdf/rviz\n'}
[0.090870] (my_urdf) StdoutLine: {'line': b'-- Up-to-date: /home/wang/hello/install/my_urdf/share/my_urdf/rviz/urdf.rviz\n'}
[0.090946] (my_urdf) StdoutLine: {'line': b'-- Up-to-date: /home/wang/hello/install/my_urdf/share/my_urdf/meshes\n'}
[0.091005] (my_urdf) StdoutLine: {'line': b'-- Up-to-date: /home/wang/hello/install/my_urdf/share/ament_index/resource_index/package_run_dependencies/my_urdf\n'}
[0.091064] (my_urdf) StdoutLine: {'line': b'-- Up-to-date: /home/wang/hello/install/my_urdf/share/ament_index/resource_index/parent_prefix_path/my_urdf\n'}
[0.091118] (my_urdf) StdoutLine: {'line': b'-- Up-to-date: /home/wang/hello/install/my_urdf/share/my_urdf/environment/ament_prefix_path.sh\n'}
[0.091171] (my_urdf) StdoutLine: {'line': b'-- Up-to-date: /home/wang/hello/install/my_urdf/share/my_urdf/environment/ament_prefix_path.dsv\n'}
[0.091224] (my_urdf) StdoutLine: {'line': b'-- Up-to-date: /home/wang/hello/install/my_urdf/share/my_urdf/environment/path.sh\n'}
[0.091277] (my_urdf) StdoutLine: {'line': b'-- Up-to-date: /home/wang/hello/install/my_urdf/share/my_urdf/environment/path.dsv\n'}
[0.091335] (my_urdf) StdoutLine: {'line': b'-- Up-to-date: /home/wang/hello/install/my_urdf/share/my_urdf/local_setup.bash\n'}
[0.091389] (my_urdf) StdoutLine: {'line': b'-- Up-to-date: /home/wang/hello/install/my_urdf/share/my_urdf/local_setup.sh\n'}
[0.091441] (my_urdf) StdoutLine: {'line': b'-- Up-to-date: /home/wang/hello/install/my_urdf/share/my_urdf/local_setup.zsh\n'}
[0.091492] (my_urdf) StdoutLine: {'line': b'-- Up-to-date: /home/wang/hello/install/my_urdf/share/my_urdf/local_setup.dsv\n'}
[0.091588] (my_urdf) StdoutLine: {'line': b'-- Installing: /home/wang/hello/install/my_urdf/share/my_urdf/package.dsv\n'}
[0.091639] (my_urdf) StdoutLine: {'line': b'-- Up-to-date: /home/wang/hello/install/my_urdf/share/ament_index/resource_index/packages/my_urdf\n'}
[0.091688] (my_urdf) StdoutLine: {'line': b'-- Up-to-date: /home/wang/hello/install/my_urdf/share/my_urdf/cmake/my_urdfConfig.cmake\n'}
[0.091737] (my_urdf) StdoutLine: {'line': b'-- Up-to-date: /home/wang/hello/install/my_urdf/share/my_urdf/cmake/my_urdfConfig-version.cmake\n'}
[0.091783] (my_urdf) StdoutLine: {'line': b'-- Up-to-date: /home/wang/hello/install/my_urdf/share/my_urdf/package.xml\n'}
[0.092602] (my_urdf) CommandEnded: {'returncode': 0}
[0.099429] (-) TimerEvent: {}
[0.145227] (my_urdf) JobEnded: {'identifier': 'my_urdf', 'rc': 0}
[0.146123] (-) EventReactorShutdown: {}
