[0.007s] Invoking command in '/home/wang/hello/build/base_interfaces_demo': CMAKE_PREFIX_PATH=${CMAKE_PREFIX_PATH}:/opt/ros/humble /usr/bin/cmake --build /home/wang/hello/build/base_interfaces_demo -- -j16 -l16
[0.024s] -- Found ament_cmake: 1.3.9 (/opt/ros/humble/share/ament_cmake/cmake)
[0.114s] -- Found rosidl_default_generators: 1.2.0 (/opt/ros/humble/share/rosidl_default_generators/cmake)
[0.115s] -- Using all available rosidl_typesupport_c: rosidl_typesupport_fastrtps_c;rosidl_typesupport_introspection_c
[0.116s] -- Found rosidl_adapter: 3.1.5 (/opt/ros/humble/share/rosidl_adapter/cmake)
[0.138s] -- Using all available rosidl_typesupport_cpp: rosidl_typesupport_fastrtps_cpp;rosidl_typesupport_introspection_cpp
[0.374s] -- Found ament_cmake_ros: 0.10.0 (/opt/ros/humble/share/ament_cmake_ros/cmake)
[0.508s] -- Using all available rosidl_typesupport_c: rosidl_typesupport_fastrtps_c;rosidl_typesupport_introspection_c
[0.693s] -- Using all available rosidl_typesupport_cpp: rosidl_typesupport_fastrtps_cpp;rosidl_typesupport_introspection_cpp
[0.708s] -- Found python_cmake_module: 0.10.0 (/opt/ros/humble/share/python_cmake_module/cmake)
[0.725s] -- Using PYTHON_EXECUTABLE: /usr/bin/python3
[0.725s] -- Using PYTHON_INCLUDE_DIRS: /usr/include/python3.10
[0.725s] -- Using PYTHON_LIBRARIES: /usr/lib/x86_64-linux-gnu/libpython3.10.so
[0.738s] -- Found ament_lint_auto: 0.12.11 (/opt/ros/humble/share/ament_lint_auto/cmake)
[0.741s] -- Configuring done
[0.761s] -- Generating done
[0.762s] -- Build files have been written to: /home/wang/hello/build/base_interfaces_demo
[0.778s] [35m[1mConsolidate compiler generated dependencies of target base_interfaces_demo__rosidl_generator_c[0m
[0.783s] [  2%] Built target base_interfaces_demo__cpp
[0.784s] [ 12%] Built target base_interfaces_demo__rosidl_generator_c
[0.789s] [ 12%] Built target ament_cmake_python_copy_base_interfaces_demo
[0.789s] [35m[1mConsolidate compiler generated dependencies of target base_interfaces_demo__rosidl_typesupport_cpp[0m
[0.789s] [35m[1mConsolidate compiler generated dependencies of target base_interfaces_demo__rosidl_typesupport_introspection_cpp[0m
[0.794s] [35m[1mConsolidate compiler generated dependencies of target base_interfaces_demo__rosidl_typesupport_fastrtps_cpp[0m
[0.794s] [35m[1mConsolidate compiler generated dependencies of target base_interfaces_demo__rosidl_typesupport_c[0m
[0.794s] [35m[1mConsolidate compiler generated dependencies of target base_interfaces_demo__rosidl_typesupport_introspection_c[0m
[0.795s] [35m[1mConsolidate compiler generated dependencies of target base_interfaces_demo__rosidl_typesupport_fastrtps_c[0m
[0.798s] [ 23%] Built target base_interfaces_demo__rosidl_typesupport_cpp
[0.798s] [ 34%] Built target base_interfaces_demo__rosidl_typesupport_introspection_cpp
[0.803s] [ 44%] Built target base_interfaces_demo__rosidl_typesupport_c
[0.803s] [ 55%] Built target base_interfaces_demo__rosidl_typesupport_introspection_c
[0.807s] [ 65%] Built target base_interfaces_demo__rosidl_typesupport_fastrtps_c
[0.811s] [ 76%] Built target base_interfaces_demo__rosidl_typesupport_fastrtps_cpp
[0.823s] [ 76%] Built target base_interfaces_demo
[0.837s] [ 78%] Built target base_interfaces_demo__py
[0.843s] [35m[1mConsolidate compiler generated dependencies of target base_interfaces_demo__rosidl_generator_py[0m
[0.852s] [ 87%] Built target base_interfaces_demo__rosidl_generator_py
[0.858s] [35m[1mConsolidate compiler generated dependencies of target base_interfaces_demo__rosidl_typesupport_fastrtps_c__pyext[0m
[0.858s] [35m[1mConsolidate compiler generated dependencies of target base_interfaces_demo__rosidl_typesupport_introspection_c__pyext[0m
[0.864s] [35m[1mConsolidate compiler generated dependencies of target base_interfaces_demo__rosidl_typesupport_c__pyext[0m
[0.866s] [ 91%] Built target base_interfaces_demo__rosidl_typesupport_fastrtps_c__pyext
[0.866s] [ 95%] Built target base_interfaces_demo__rosidl_typesupport_introspection_c__pyext
[0.873s] [100%] Built target base_interfaces_demo__rosidl_typesupport_c__pyext
[0.937s] running egg_info
[0.937s] writing base_interfaces_demo.egg-info/PKG-INFO
[0.938s] writing dependency_links to base_interfaces_demo.egg-info/dependency_links.txt
[0.938s] writing top-level names to base_interfaces_demo.egg-info/top_level.txt
[0.939s] reading manifest file 'base_interfaces_demo.egg-info/SOURCES.txt'
[0.939s] writing manifest file 'base_interfaces_demo.egg-info/SOURCES.txt'
[0.956s] [100%] Built target ament_cmake_python_build_base_interfaces_demo_egg
[0.963s] Invoked command in '/home/wang/hello/build/base_interfaces_demo' returned '0': CMAKE_PREFIX_PATH=${CMAKE_PREFIX_PATH}:/opt/ros/humble /usr/bin/cmake --build /home/wang/hello/build/base_interfaces_demo -- -j16 -l16
[1.019s] Invoking command in '/home/wang/hello/build/base_interfaces_demo': CMAKE_PREFIX_PATH=${CMAKE_PREFIX_PATH}:/opt/ros/humble /usr/bin/cmake --install /home/wang/hello/build/base_interfaces_demo
[1.025s] -- Install configuration: ""
[1.025s] -- Up-to-date: /home/wang/hello/install/base_interfaces_demo/share/ament_index/resource_index/rosidl_interfaces/base_interfaces_demo
[1.025s] -- Up-to-date: /home/wang/hello/install/base_interfaces_demo/include/base_interfaces_demo/base_interfaces_demo
[1.025s] -- Up-to-date: /home/wang/hello/install/base_interfaces_demo/include/base_interfaces_demo/base_interfaces_demo/msg
[1.025s] -- Up-to-date: /home/wang/hello/install/base_interfaces_demo/include/base_interfaces_demo/base_interfaces_demo/msg/student.h
[1.025s] -- Up-to-date: /home/wang/hello/install/base_interfaces_demo/include/base_interfaces_demo/base_interfaces_demo/msg/detail
[1.025s] -- Up-to-date: /home/wang/hello/install/base_interfaces_demo/include/base_interfaces_demo/base_interfaces_demo/msg/detail/student__functions.h
[1.025s] -- Up-to-date: /home/wang/hello/install/base_interfaces_demo/include/base_interfaces_demo/base_interfaces_demo/msg/detail/student__type_support.h
[1.025s] -- Up-to-date: /home/wang/hello/install/base_interfaces_demo/include/base_interfaces_demo/base_interfaces_demo/msg/detail/student__functions.c
[1.025s] -- Up-to-date: /home/wang/hello/install/base_interfaces_demo/include/base_interfaces_demo/base_interfaces_demo/msg/detail/student__struct.h
[1.025s] -- Up-to-date: /home/wang/hello/install/base_interfaces_demo/include/base_interfaces_demo/base_interfaces_demo/msg/rosidl_generator_c__visibility_control.h
[1.025s] -- Up-to-date: /home/wang/hello/install/base_interfaces_demo/include/base_interfaces_demo/base_interfaces_demo/action
[1.025s] -- Up-to-date: /home/wang/hello/install/base_interfaces_demo/include/base_interfaces_demo/base_interfaces_demo/action/process.h
[1.025s] -- Up-to-date: /home/wang/hello/install/base_interfaces_demo/include/base_interfaces_demo/base_interfaces_demo/action/detail
[1.025s] -- Up-to-date: /home/wang/hello/install/base_interfaces_demo/include/base_interfaces_demo/base_interfaces_demo/action/detail/process__functions.c
[1.025s] -- Up-to-date: /home/wang/hello/install/base_interfaces_demo/include/base_interfaces_demo/base_interfaces_demo/action/detail/process__type_support.h
[1.025s] -- Up-to-date: /home/wang/hello/install/base_interfaces_demo/include/base_interfaces_demo/base_interfaces_demo/action/detail/process__struct.h
[1.025s] -- Up-to-date: /home/wang/hello/install/base_interfaces_demo/include/base_interfaces_demo/base_interfaces_demo/action/detail/process__functions.h
[1.025s] -- Up-to-date: /home/wang/hello/install/base_interfaces_demo/include/base_interfaces_demo/base_interfaces_demo/srv
[1.025s] -- Up-to-date: /home/wang/hello/install/base_interfaces_demo/include/base_interfaces_demo/base_interfaces_demo/srv/detail
[1.026s] -- Up-to-date: /home/wang/hello/install/base_interfaces_demo/include/base_interfaces_demo/base_interfaces_demo/srv/detail/addint__functions.h
[1.026s] -- Up-to-date: /home/wang/hello/install/base_interfaces_demo/include/base_interfaces_demo/base_interfaces_demo/srv/detail/addint__functions.c
[1.026s] -- Up-to-date: /home/wang/hello/install/base_interfaces_demo/include/base_interfaces_demo/base_interfaces_demo/srv/detail/addint__type_support.h
[1.026s] -- Up-to-date: /home/wang/hello/install/base_interfaces_demo/include/base_interfaces_demo/base_interfaces_demo/srv/detail/addint__struct.h
[1.026s] -- Up-to-date: /home/wang/hello/install/base_interfaces_demo/include/base_interfaces_demo/base_interfaces_demo/srv/addint.h
[1.026s] -- Up-to-date: /home/wang/hello/install/base_interfaces_demo/share/base_interfaces_demo/environment/library_path.sh
[1.026s] -- Installing: /home/wang/hello/install/base_interfaces_demo/share/base_interfaces_demo/environment/library_path.dsv
[1.026s] -- Up-to-date: /home/wang/hello/install/base_interfaces_demo/lib/libbase_interfaces_demo__rosidl_generator_c.so
[1.026s] -- Up-to-date: /home/wang/hello/install/base_interfaces_demo/include/base_interfaces_demo/base_interfaces_demo
[1.026s] -- Up-to-date: /home/wang/hello/install/base_interfaces_demo/include/base_interfaces_demo/base_interfaces_demo/msg
[1.026s] -- Up-to-date: /home/wang/hello/install/base_interfaces_demo/include/base_interfaces_demo/base_interfaces_demo/msg/rosidl_typesupport_fastrtps_c__visibility_control.h
[1.026s] -- Up-to-date: /home/wang/hello/install/base_interfaces_demo/include/base_interfaces_demo/base_interfaces_demo/msg/detail
[1.026s] -- Up-to-date: /home/wang/hello/install/base_interfaces_demo/include/base_interfaces_demo/base_interfaces_demo/msg/detail/student__rosidl_typesupport_fastrtps_c.h
[1.026s] -- Up-to-date: /home/wang/hello/install/base_interfaces_demo/include/base_interfaces_demo/base_interfaces_demo/action
[1.026s] -- Up-to-date: /home/wang/hello/install/base_interfaces_demo/include/base_interfaces_demo/base_interfaces_demo/action/detail
[1.026s] -- Up-to-date: /home/wang/hello/install/base_interfaces_demo/include/base_interfaces_demo/base_interfaces_demo/action/detail/process__rosidl_typesupport_fastrtps_c.h
[1.026s] -- Up-to-date: /home/wang/hello/install/base_interfaces_demo/include/base_interfaces_demo/base_interfaces_demo/srv
[1.026s] -- Up-to-date: /home/wang/hello/install/base_interfaces_demo/include/base_interfaces_demo/base_interfaces_demo/srv/detail
[1.026s] -- Up-to-date: /home/wang/hello/install/base_interfaces_demo/include/base_interfaces_demo/base_interfaces_demo/srv/detail/addint__rosidl_typesupport_fastrtps_c.h
[1.026s] -- Up-to-date: /home/wang/hello/install/base_interfaces_demo/lib/libbase_interfaces_demo__rosidl_typesupport_fastrtps_c.so
[1.026s] -- Up-to-date: /home/wang/hello/install/base_interfaces_demo/include/base_interfaces_demo/base_interfaces_demo
[1.026s] -- Up-to-date: /home/wang/hello/install/base_interfaces_demo/include/base_interfaces_demo/base_interfaces_demo/msg
[1.026s] -- Up-to-date: /home/wang/hello/install/base_interfaces_demo/include/base_interfaces_demo/base_interfaces_demo/msg/detail
[1.026s] -- Up-to-date: /home/wang/hello/install/base_interfaces_demo/include/base_interfaces_demo/base_interfaces_demo/msg/detail/student__type_support.c
[1.026s] -- Up-to-date: /home/wang/hello/install/base_interfaces_demo/include/base_interfaces_demo/base_interfaces_demo/msg/detail/student__rosidl_typesupport_introspection_c.h
[1.027s] -- Up-to-date: /home/wang/hello/install/base_interfaces_demo/include/base_interfaces_demo/base_interfaces_demo/msg/rosidl_typesupport_introspection_c__visibility_control.h
[1.027s] -- Up-to-date: /home/wang/hello/install/base_interfaces_demo/include/base_interfaces_demo/base_interfaces_demo/action
[1.027s] -- Up-to-date: /home/wang/hello/install/base_interfaces_demo/include/base_interfaces_demo/base_interfaces_demo/action/detail
[1.027s] -- Up-to-date: /home/wang/hello/install/base_interfaces_demo/include/base_interfaces_demo/base_interfaces_demo/action/detail/process__type_support.c
[1.027s] -- Up-to-date: /home/wang/hello/install/base_interfaces_demo/include/base_interfaces_demo/base_interfaces_demo/action/detail/process__rosidl_typesupport_introspection_c.h
[1.027s] -- Up-to-date: /home/wang/hello/install/base_interfaces_demo/include/base_interfaces_demo/base_interfaces_demo/srv
[1.027s] -- Up-to-date: /home/wang/hello/install/base_interfaces_demo/include/base_interfaces_demo/base_interfaces_demo/srv/detail
[1.027s] -- Up-to-date: /home/wang/hello/install/base_interfaces_demo/include/base_interfaces_demo/base_interfaces_demo/srv/detail/addint__rosidl_typesupport_introspection_c.h
[1.027s] -- Up-to-date: /home/wang/hello/install/base_interfaces_demo/include/base_interfaces_demo/base_interfaces_demo/srv/detail/addint__type_support.c
[1.027s] -- Up-to-date: /home/wang/hello/install/base_interfaces_demo/lib/libbase_interfaces_demo__rosidl_typesupport_introspection_c.so
[1.027s] -- Up-to-date: /home/wang/hello/install/base_interfaces_demo/lib/libbase_interfaces_demo__rosidl_typesupport_c.so
[1.027s] -- Up-to-date: /home/wang/hello/install/base_interfaces_demo/include/base_interfaces_demo/base_interfaces_demo
[1.027s] -- Up-to-date: /home/wang/hello/install/base_interfaces_demo/include/base_interfaces_demo/base_interfaces_demo/msg
[1.027s] -- Up-to-date: /home/wang/hello/install/base_interfaces_demo/include/base_interfaces_demo/base_interfaces_demo/msg/detail
[1.027s] -- Up-to-date: /home/wang/hello/install/base_interfaces_demo/include/base_interfaces_demo/base_interfaces_demo/msg/detail/student__builder.hpp
[1.027s] -- Up-to-date: /home/wang/hello/install/base_interfaces_demo/include/base_interfaces_demo/base_interfaces_demo/msg/detail/student__struct.hpp
[1.027s] -- Up-to-date: /home/wang/hello/install/base_interfaces_demo/include/base_interfaces_demo/base_interfaces_demo/msg/detail/student__traits.hpp
[1.027s] -- Up-to-date: /home/wang/hello/install/base_interfaces_demo/include/base_interfaces_demo/base_interfaces_demo/msg/student.hpp
[1.027s] -- Up-to-date: /home/wang/hello/install/base_interfaces_demo/include/base_interfaces_demo/base_interfaces_demo/action
[1.028s] -- Up-to-date: /home/wang/hello/install/base_interfaces_demo/include/base_interfaces_demo/base_interfaces_demo/action/detail
[1.028s] -- Up-to-date: /home/wang/hello/install/base_interfaces_demo/include/base_interfaces_demo/base_interfaces_demo/action/detail/process__traits.hpp
[1.028s] -- Up-to-date: /home/wang/hello/install/base_interfaces_demo/include/base_interfaces_demo/base_interfaces_demo/action/detail/process__builder.hpp
[1.028s] -- Up-to-date: /home/wang/hello/install/base_interfaces_demo/include/base_interfaces_demo/base_interfaces_demo/action/detail/process__struct.hpp
[1.028s] -- Up-to-date: /home/wang/hello/install/base_interfaces_demo/include/base_interfaces_demo/base_interfaces_demo/action/process.hpp
[1.028s] -- Up-to-date: /home/wang/hello/install/base_interfaces_demo/include/base_interfaces_demo/base_interfaces_demo/srv
[1.028s] -- Up-to-date: /home/wang/hello/install/base_interfaces_demo/include/base_interfaces_demo/base_interfaces_demo/srv/addint.hpp
[1.028s] -- Up-to-date: /home/wang/hello/install/base_interfaces_demo/include/base_interfaces_demo/base_interfaces_demo/srv/detail
[1.028s] -- Up-to-date: /home/wang/hello/install/base_interfaces_demo/include/base_interfaces_demo/base_interfaces_demo/srv/detail/addint__builder.hpp
[1.028s] -- Up-to-date: /home/wang/hello/install/base_interfaces_demo/include/base_interfaces_demo/base_interfaces_demo/srv/detail/addint__struct.hpp
[1.028s] -- Up-to-date: /home/wang/hello/install/base_interfaces_demo/include/base_interfaces_demo/base_interfaces_demo/srv/detail/addint__traits.hpp
[1.028s] -- Up-to-date: /home/wang/hello/install/base_interfaces_demo/include/base_interfaces_demo/base_interfaces_demo
[1.028s] -- Up-to-date: /home/wang/hello/install/base_interfaces_demo/include/base_interfaces_demo/base_interfaces_demo/msg
[1.028s] -- Up-to-date: /home/wang/hello/install/base_interfaces_demo/include/base_interfaces_demo/base_interfaces_demo/msg/rosidl_typesupport_fastrtps_cpp__visibility_control.h
[1.028s] -- Up-to-date: /home/wang/hello/install/base_interfaces_demo/include/base_interfaces_demo/base_interfaces_demo/msg/detail
[1.028s] -- Up-to-date: /home/wang/hello/install/base_interfaces_demo/include/base_interfaces_demo/base_interfaces_demo/msg/detail/dds_fastrtps
[1.028s] -- Up-to-date: /home/wang/hello/install/base_interfaces_demo/include/base_interfaces_demo/base_interfaces_demo/msg/detail/student__rosidl_typesupport_fastrtps_cpp.hpp
[1.028s] -- Up-to-date: /home/wang/hello/install/base_interfaces_demo/include/base_interfaces_demo/base_interfaces_demo/action
[1.028s] -- Up-to-date: /home/wang/hello/install/base_interfaces_demo/include/base_interfaces_demo/base_interfaces_demo/action/detail
[1.028s] -- Up-to-date: /home/wang/hello/install/base_interfaces_demo/include/base_interfaces_demo/base_interfaces_demo/action/detail/process__rosidl_typesupport_fastrtps_cpp.hpp
[1.028s] -- Up-to-date: /home/wang/hello/install/base_interfaces_demo/include/base_interfaces_demo/base_interfaces_demo/action/detail/dds_fastrtps
[1.028s] -- Up-to-date: /home/wang/hello/install/base_interfaces_demo/include/base_interfaces_demo/base_interfaces_demo/srv
[1.028s] -- Up-to-date: /home/wang/hello/install/base_interfaces_demo/include/base_interfaces_demo/base_interfaces_demo/srv/detail
[1.028s] -- Up-to-date: /home/wang/hello/install/base_interfaces_demo/include/base_interfaces_demo/base_interfaces_demo/srv/detail/addint__rosidl_typesupport_fastrtps_cpp.hpp
[1.028s] -- Up-to-date: /home/wang/hello/install/base_interfaces_demo/include/base_interfaces_demo/base_interfaces_demo/srv/detail/dds_fastrtps
[1.028s] -- Up-to-date: /home/wang/hello/install/base_interfaces_demo/lib/libbase_interfaces_demo__rosidl_typesupport_fastrtps_cpp.so
[1.028s] -- Up-to-date: /home/wang/hello/install/base_interfaces_demo/include/base_interfaces_demo/base_interfaces_demo
[1.028s] -- Up-to-date: /home/wang/hello/install/base_interfaces_demo/include/base_interfaces_demo/base_interfaces_demo/msg
[1.028s] -- Up-to-date: /home/wang/hello/install/base_interfaces_demo/include/base_interfaces_demo/base_interfaces_demo/msg/detail
[1.028s] -- Up-to-date: /home/wang/hello/install/base_interfaces_demo/include/base_interfaces_demo/base_interfaces_demo/msg/detail/student__rosidl_typesupport_introspection_cpp.hpp
[1.029s] -- Up-to-date: /home/wang/hello/install/base_interfaces_demo/include/base_interfaces_demo/base_interfaces_demo/msg/detail/student__type_support.cpp
[1.029s] -- Up-to-date: /home/wang/hello/install/base_interfaces_demo/include/base_interfaces_demo/base_interfaces_demo/action
[1.029s] -- Up-to-date: /home/wang/hello/install/base_interfaces_demo/include/base_interfaces_demo/base_interfaces_demo/action/detail
[1.029s] -- Up-to-date: /home/wang/hello/install/base_interfaces_demo/include/base_interfaces_demo/base_interfaces_demo/action/detail/process__rosidl_typesupport_introspection_cpp.hpp
[1.029s] -- Up-to-date: /home/wang/hello/install/base_interfaces_demo/include/base_interfaces_demo/base_interfaces_demo/action/detail/process__type_support.cpp
[1.029s] -- Up-to-date: /home/wang/hello/install/base_interfaces_demo/include/base_interfaces_demo/base_interfaces_demo/srv
[1.029s] -- Up-to-date: /home/wang/hello/install/base_interfaces_demo/include/base_interfaces_demo/base_interfaces_demo/srv/detail
[1.029s] -- Up-to-date: /home/wang/hello/install/base_interfaces_demo/include/base_interfaces_demo/base_interfaces_demo/srv/detail/addint__type_support.cpp
[1.029s] -- Up-to-date: /home/wang/hello/install/base_interfaces_demo/include/base_interfaces_demo/base_interfaces_demo/srv/detail/addint__rosidl_typesupport_introspection_cpp.hpp
[1.029s] -- Up-to-date: /home/wang/hello/install/base_interfaces_demo/lib/libbase_interfaces_demo__rosidl_typesupport_introspection_cpp.so
[1.029s] -- Up-to-date: /home/wang/hello/install/base_interfaces_demo/lib/libbase_interfaces_demo__rosidl_typesupport_cpp.so
[1.029s] -- Up-to-date: /home/wang/hello/install/base_interfaces_demo/share/base_interfaces_demo/environment/pythonpath.sh
[1.029s] -- Installing: /home/wang/hello/install/base_interfaces_demo/share/base_interfaces_demo/environment/pythonpath.dsv
[1.029s] -- Up-to-date: /home/wang/hello/install/base_interfaces_demo/local/lib/python3.10/dist-packages/base_interfaces_demo-0.0.0-py3.10.egg-info
[1.029s] -- Installing: /home/wang/hello/install/base_interfaces_demo/local/lib/python3.10/dist-packages/base_interfaces_demo-0.0.0-py3.10.egg-info/dependency_links.txt
[1.029s] -- Installing: /home/wang/hello/install/base_interfaces_demo/local/lib/python3.10/dist-packages/base_interfaces_demo-0.0.0-py3.10.egg-info/PKG-INFO
[1.029s] -- Installing: /home/wang/hello/install/base_interfaces_demo/local/lib/python3.10/dist-packages/base_interfaces_demo-0.0.0-py3.10.egg-info/SOURCES.txt
[1.029s] -- Installing: /home/wang/hello/install/base_interfaces_demo/local/lib/python3.10/dist-packages/base_interfaces_demo-0.0.0-py3.10.egg-info/top_level.txt
[1.029s] -- Up-to-date: /home/wang/hello/install/base_interfaces_demo/local/lib/python3.10/dist-packages/base_interfaces_demo
[1.029s] -- Up-to-date: /home/wang/hello/install/base_interfaces_demo/local/lib/python3.10/dist-packages/base_interfaces_demo/msg
[1.029s] -- Up-to-date: /home/wang/hello/install/base_interfaces_demo/local/lib/python3.10/dist-packages/base_interfaces_demo/msg/_student.py
[1.029s] -- Up-to-date: /home/wang/hello/install/base_interfaces_demo/local/lib/python3.10/dist-packages/base_interfaces_demo/msg/_student_s.c
[1.029s] -- Up-to-date: /home/wang/hello/install/base_interfaces_demo/local/lib/python3.10/dist-packages/base_interfaces_demo/msg/__init__.py
[1.029s] -- Up-to-date: /home/wang/hello/install/base_interfaces_demo/local/lib/python3.10/dist-packages/base_interfaces_demo/action
[1.029s] -- Up-to-date: /home/wang/hello/install/base_interfaces_demo/local/lib/python3.10/dist-packages/base_interfaces_demo/action/__init__.py
[1.029s] -- Up-to-date: /home/wang/hello/install/base_interfaces_demo/local/lib/python3.10/dist-packages/base_interfaces_demo/action/_process_s.c
[1.029s] -- Up-to-date: /home/wang/hello/install/base_interfaces_demo/local/lib/python3.10/dist-packages/base_interfaces_demo/action/_process.py
[1.029s] -- Up-to-date: /home/wang/hello/install/base_interfaces_demo/local/lib/python3.10/dist-packages/base_interfaces_demo/_base_interfaces_demo_s.ep.rosidl_typesupport_c.c
[1.029s] -- Up-to-date: /home/wang/hello/install/base_interfaces_demo/local/lib/python3.10/dist-packages/base_interfaces_demo/_base_interfaces_demo_s.ep.rosidl_typesupport_fastrtps_c.c
[1.029s] -- Up-to-date: /home/wang/hello/install/base_interfaces_demo/local/lib/python3.10/dist-packages/base_interfaces_demo/srv
[1.029s] -- Up-to-date: /home/wang/hello/install/base_interfaces_demo/local/lib/python3.10/dist-packages/base_interfaces_demo/srv/__init__.py
[1.029s] -- Up-to-date: /home/wang/hello/install/base_interfaces_demo/local/lib/python3.10/dist-packages/base_interfaces_demo/srv/_addint.py
[1.029s] -- Up-to-date: /home/wang/hello/install/base_interfaces_demo/local/lib/python3.10/dist-packages/base_interfaces_demo/srv/_addint_s.c
[1.030s] -- Installing: /home/wang/hello/install/base_interfaces_demo/local/lib/python3.10/dist-packages/base_interfaces_demo/__init__.py
[1.030s] -- Up-to-date: /home/wang/hello/install/base_interfaces_demo/local/lib/python3.10/dist-packages/base_interfaces_demo/base_interfaces_demo_s__rosidl_typesupport_introspection_c.cpython-310-x86_64-linux-gnu.so
[1.030s] -- Up-to-date: /home/wang/hello/install/base_interfaces_demo/local/lib/python3.10/dist-packages/base_interfaces_demo/libbase_interfaces_demo__rosidl_generator_py.so
[1.030s] -- Up-to-date: /home/wang/hello/install/base_interfaces_demo/local/lib/python3.10/dist-packages/base_interfaces_demo/base_interfaces_demo_s__rosidl_typesupport_fastrtps_c.cpython-310-x86_64-linux-gnu.so
[1.030s] -- Up-to-date: /home/wang/hello/install/base_interfaces_demo/local/lib/python3.10/dist-packages/base_interfaces_demo/_base_interfaces_demo_s.ep.rosidl_typesupport_introspection_c.c
[1.030s] -- Up-to-date: /home/wang/hello/install/base_interfaces_demo/local/lib/python3.10/dist-packages/base_interfaces_demo/base_interfaces_demo_s__rosidl_typesupport_c.cpython-310-x86_64-linux-gnu.so
[1.048s] Listing '/home/wang/hello/install/base_interfaces_demo/local/lib/python3.10/dist-packages/base_interfaces_demo'...
[1.048s] Compiling '/home/wang/hello/install/base_interfaces_demo/local/lib/python3.10/dist-packages/base_interfaces_demo/__init__.py'...
[1.049s] Listing '/home/wang/hello/install/base_interfaces_demo/local/lib/python3.10/dist-packages/base_interfaces_demo/action'...
[1.049s] Listing '/home/wang/hello/install/base_interfaces_demo/local/lib/python3.10/dist-packages/base_interfaces_demo/msg'...
[1.049s] Listing '/home/wang/hello/install/base_interfaces_demo/local/lib/python3.10/dist-packages/base_interfaces_demo/srv'...
[1.051s] -- Up-to-date: /home/wang/hello/install/base_interfaces_demo/local/lib/python3.10/dist-packages/base_interfaces_demo/base_interfaces_demo_s__rosidl_typesupport_fastrtps_c.cpython-310-x86_64-linux-gnu.so
[1.051s] -- Up-to-date: /home/wang/hello/install/base_interfaces_demo/local/lib/python3.10/dist-packages/base_interfaces_demo/base_interfaces_demo_s__rosidl_typesupport_introspection_c.cpython-310-x86_64-linux-gnu.so
[1.051s] -- Up-to-date: /home/wang/hello/install/base_interfaces_demo/local/lib/python3.10/dist-packages/base_interfaces_demo/base_interfaces_demo_s__rosidl_typesupport_c.cpython-310-x86_64-linux-gnu.so
[1.052s] -- Up-to-date: /home/wang/hello/install/base_interfaces_demo/lib/libbase_interfaces_demo__rosidl_generator_py.so
[1.052s] -- Up-to-date: /home/wang/hello/install/base_interfaces_demo/share/base_interfaces_demo/msg/Student.idl
[1.052s] -- Up-to-date: /home/wang/hello/install/base_interfaces_demo/share/base_interfaces_demo/srv/Addint.idl
[1.052s] -- Up-to-date: /home/wang/hello/install/base_interfaces_demo/share/base_interfaces_demo/action/Process.idl
[1.052s] -- Up-to-date: /home/wang/hello/install/base_interfaces_demo/share/base_interfaces_demo/msg/Student.msg
[1.052s] -- Up-to-date: /home/wang/hello/install/base_interfaces_demo/share/base_interfaces_demo/srv/Addint.srv
[1.052s] -- Up-to-date: /home/wang/hello/install/base_interfaces_demo/share/base_interfaces_demo/srv/Addint_Request.msg
[1.052s] -- Up-to-date: /home/wang/hello/install/base_interfaces_demo/share/base_interfaces_demo/srv/Addint_Response.msg
[1.052s] -- Up-to-date: /home/wang/hello/install/base_interfaces_demo/share/base_interfaces_demo/action/Process.action
[1.052s] -- Up-to-date: /home/wang/hello/install/base_interfaces_demo/share/ament_index/resource_index/package_run_dependencies/base_interfaces_demo
[1.052s] -- Installing: /home/wang/hello/install/base_interfaces_demo/share/ament_index/resource_index/parent_prefix_path/base_interfaces_demo
[1.052s] -- Up-to-date: /home/wang/hello/install/base_interfaces_demo/share/base_interfaces_demo/environment/ament_prefix_path.sh
[1.052s] -- Installing: /home/wang/hello/install/base_interfaces_demo/share/base_interfaces_demo/environment/ament_prefix_path.dsv
[1.052s] -- Up-to-date: /home/wang/hello/install/base_interfaces_demo/share/base_interfaces_demo/environment/path.sh
[1.052s] -- Installing: /home/wang/hello/install/base_interfaces_demo/share/base_interfaces_demo/environment/path.dsv
[1.052s] -- Up-to-date: /home/wang/hello/install/base_interfaces_demo/share/base_interfaces_demo/local_setup.bash
[1.052s] -- Up-to-date: /home/wang/hello/install/base_interfaces_demo/share/base_interfaces_demo/local_setup.sh
[1.052s] -- Up-to-date: /home/wang/hello/install/base_interfaces_demo/share/base_interfaces_demo/local_setup.zsh
[1.053s] -- Installing: /home/wang/hello/install/base_interfaces_demo/share/base_interfaces_demo/local_setup.dsv
[1.053s] -- Installing: /home/wang/hello/install/base_interfaces_demo/share/base_interfaces_demo/package.dsv
[1.053s] -- Up-to-date: /home/wang/hello/install/base_interfaces_demo/share/ament_index/resource_index/packages/base_interfaces_demo
[1.053s] -- Up-to-date: /home/wang/hello/install/base_interfaces_demo/share/base_interfaces_demo/cmake/export_base_interfaces_demo__rosidl_generator_cExport.cmake
[1.053s] -- Up-to-date: /home/wang/hello/install/base_interfaces_demo/share/base_interfaces_demo/cmake/export_base_interfaces_demo__rosidl_generator_cExport-noconfig.cmake
[1.053s] -- Up-to-date: /home/wang/hello/install/base_interfaces_demo/share/base_interfaces_demo/cmake/export_base_interfaces_demo__rosidl_typesupport_fastrtps_cExport.cmake
[1.053s] -- Up-to-date: /home/wang/hello/install/base_interfaces_demo/share/base_interfaces_demo/cmake/export_base_interfaces_demo__rosidl_typesupport_fastrtps_cExport-noconfig.cmake
[1.053s] -- Up-to-date: /home/wang/hello/install/base_interfaces_demo/share/base_interfaces_demo/cmake/base_interfaces_demo__rosidl_typesupport_introspection_cExport.cmake
[1.053s] -- Up-to-date: /home/wang/hello/install/base_interfaces_demo/share/base_interfaces_demo/cmake/base_interfaces_demo__rosidl_typesupport_introspection_cExport-noconfig.cmake
[1.053s] -- Up-to-date: /home/wang/hello/install/base_interfaces_demo/share/base_interfaces_demo/cmake/base_interfaces_demo__rosidl_typesupport_cExport.cmake
[1.053s] -- Up-to-date: /home/wang/hello/install/base_interfaces_demo/share/base_interfaces_demo/cmake/base_interfaces_demo__rosidl_typesupport_cExport-noconfig.cmake
[1.053s] -- Up-to-date: /home/wang/hello/install/base_interfaces_demo/share/base_interfaces_demo/cmake/export_base_interfaces_demo__rosidl_generator_cppExport.cmake
[1.053s] -- Up-to-date: /home/wang/hello/install/base_interfaces_demo/share/base_interfaces_demo/cmake/export_base_interfaces_demo__rosidl_typesupport_fastrtps_cppExport.cmake
[1.053s] -- Up-to-date: /home/wang/hello/install/base_interfaces_demo/share/base_interfaces_demo/cmake/export_base_interfaces_demo__rosidl_typesupport_fastrtps_cppExport-noconfig.cmake
[1.053s] -- Up-to-date: /home/wang/hello/install/base_interfaces_demo/share/base_interfaces_demo/cmake/base_interfaces_demo__rosidl_typesupport_introspection_cppExport.cmake
[1.053s] -- Up-to-date: /home/wang/hello/install/base_interfaces_demo/share/base_interfaces_demo/cmake/base_interfaces_demo__rosidl_typesupport_introspection_cppExport-noconfig.cmake
[1.053s] -- Up-to-date: /home/wang/hello/install/base_interfaces_demo/share/base_interfaces_demo/cmake/base_interfaces_demo__rosidl_typesupport_cppExport.cmake
[1.053s] -- Up-to-date: /home/wang/hello/install/base_interfaces_demo/share/base_interfaces_demo/cmake/base_interfaces_demo__rosidl_typesupport_cppExport-noconfig.cmake
[1.053s] -- Up-to-date: /home/wang/hello/install/base_interfaces_demo/share/base_interfaces_demo/cmake/export_base_interfaces_demo__rosidl_generator_pyExport.cmake
[1.053s] -- Up-to-date: /home/wang/hello/install/base_interfaces_demo/share/base_interfaces_demo/cmake/export_base_interfaces_demo__rosidl_generator_pyExport-noconfig.cmake
[1.053s] -- Up-to-date: /home/wang/hello/install/base_interfaces_demo/share/base_interfaces_demo/cmake/rosidl_cmake-extras.cmake
[1.053s] -- Up-to-date: /home/wang/hello/install/base_interfaces_demo/share/base_interfaces_demo/cmake/ament_cmake_export_dependencies-extras.cmake
[1.053s] -- Up-to-date: /home/wang/hello/install/base_interfaces_demo/share/base_interfaces_demo/cmake/ament_cmake_export_include_directories-extras.cmake
[1.053s] -- Up-to-date: /home/wang/hello/install/base_interfaces_demo/share/base_interfaces_demo/cmake/ament_cmake_export_libraries-extras.cmake
[1.053s] -- Up-to-date: /home/wang/hello/install/base_interfaces_demo/share/base_interfaces_demo/cmake/ament_cmake_export_targets-extras.cmake
[1.054s] -- Up-to-date: /home/wang/hello/install/base_interfaces_demo/share/base_interfaces_demo/cmake/rosidl_cmake_export_typesupport_targets-extras.cmake
[1.054s] -- Up-to-date: /home/wang/hello/install/base_interfaces_demo/share/base_interfaces_demo/cmake/rosidl_cmake_export_typesupport_libraries-extras.cmake
[1.054s] -- Up-to-date: /home/wang/hello/install/base_interfaces_demo/share/base_interfaces_demo/cmake/base_interfaces_demoConfig.cmake
[1.054s] -- Up-to-date: /home/wang/hello/install/base_interfaces_demo/share/base_interfaces_demo/cmake/base_interfaces_demoConfig-version.cmake
[1.054s] -- Installing: /home/wang/hello/install/base_interfaces_demo/share/base_interfaces_demo/package.xml
[1.055s] Invoked command in '/home/wang/hello/build/base_interfaces_demo' returned '0': CMAKE_PREFIX_PATH=${CMAKE_PREFIX_PATH}:/opt/ros/humble /usr/bin/cmake --install /home/wang/hello/build/base_interfaces_demo
