[0.007s] Invoking command in '/home/wang/hello/build/base_interfaces_demo': CMAKE_PREFIX_PATH=${CMAKE_PREFIX_PATH}:/opt/ros/humble /usr/bin/cmake --build /home/wang/hello/build/base_interfaces_demo -- -j16 -l16
[0.022s] -- Found ament_cmake: 1.3.9 (/opt/ros/humble/share/ament_cmake/cmake)
[0.110s] -- Found rosidl_default_generators: 1.2.0 (/opt/ros/humble/share/rosidl_default_generators/cmake)
[0.111s] -- Using all available rosidl_typesupport_c: rosidl_typesupport_fastrtps_c;rosidl_typesupport_introspection_c
[0.113s] -- Found rosidl_adapter: 3.1.5 (/opt/ros/humble/share/rosidl_adapter/cmake)
[0.132s] -- Using all available rosidl_typesupport_cpp: rosidl_typesupport_fastrtps_cpp;rosidl_typesupport_introspection_cpp
[0.321s] -- Found ament_cmake_ros: 0.10.0 (/opt/ros/humble/share/ament_cmake_ros/cmake)
[0.462s] -- Using all available rosidl_typesupport_c: rosidl_typesupport_fastrtps_c;rosidl_typesupport_introspection_c
[0.622s] -- Using all available rosidl_typesupport_cpp: rosidl_typesupport_fastrtps_cpp;rosidl_typesupport_introspection_cpp
[0.637s] -- Found python_cmake_module: 0.10.0 (/opt/ros/humble/share/python_cmake_module/cmake)
[0.651s] -- Using PYTHON_EXECUTABLE: /usr/bin/python3
[0.651s] -- Using PYTHON_INCLUDE_DIRS: /usr/include/python3.10
[0.651s] -- Using PYTHON_LIBRARIES: /usr/lib/x86_64-linux-gnu/libpython3.10.so
[0.658s] -- Found ament_lint_auto: 0.12.11 (/opt/ros/humble/share/ament_lint_auto/cmake)
[0.661s] -- Configuring done
[0.676s] -- Generating done
[0.677s] -- Build files have been written to: /home/wang/hello/build/base_interfaces_demo
[0.691s] [35m[1mConsolidate compiler generated dependencies of target base_interfaces_demo__rosidl_generator_c[0m
[0.697s] [  2%] Built target base_interfaces_demo__cpp
[0.697s] [ 12%] Built target base_interfaces_demo__rosidl_generator_c
[0.702s] [ 12%] Built target ament_cmake_python_copy_base_interfaces_demo
[0.702s] [35m[1mConsolidate compiler generated dependencies of target base_interfaces_demo__rosidl_typesupport_cpp[0m
[0.703s] [35m[1mConsolidate compiler generated dependencies of target base_interfaces_demo__rosidl_typesupport_introspection_cpp[0m
[0.707s] [35m[1mConsolidate compiler generated dependencies of target base_interfaces_demo__rosidl_typesupport_c[0m
[0.707s] [35m[1mConsolidate compiler generated dependencies of target base_interfaces_demo__rosidl_typesupport_introspection_c[0m
[0.707s] [35m[1mConsolidate compiler generated dependencies of target base_interfaces_demo__rosidl_typesupport_fastrtps_cpp[0m
[0.707s] [35m[1mConsolidate compiler generated dependencies of target base_interfaces_demo__rosidl_typesupport_fastrtps_c[0m
[0.711s] [ 25%] Built target base_interfaces_demo__rosidl_typesupport_cpp
[0.711s] [ 33%] Built target base_interfaces_demo__rosidl_typesupport_introspection_cpp
[0.716s] [ 43%] Built target base_interfaces_demo__rosidl_typesupport_introspection_c
[0.717s] [ 61%] Built target base_interfaces_demo__rosidl_typesupport_fastrtps_cpp
[0.718s] [ 64%] Built target base_interfaces_demo__rosidl_typesupport_c
[0.721s] [ 74%] Built target base_interfaces_demo__rosidl_typesupport_fastrtps_c
[0.734s] [ 74%] Built target base_interfaces_demo
[0.746s] [ 76%] Built target base_interfaces_demo__py
[0.753s] [35m[1mConsolidate compiler generated dependencies of target base_interfaces_demo__rosidl_generator_py[0m
[0.761s] [ 84%] Built target base_interfaces_demo__rosidl_generator_py
[0.767s] [35m[1mConsolidate compiler generated dependencies of target base_interfaces_demo__rosidl_typesupport_c__pyext[0m
[0.768s] [35m[1mConsolidate compiler generated dependencies of target base_interfaces_demo__rosidl_typesupport_fastrtps_c__pyext[0m
[0.771s] [35m[1mConsolidate compiler generated dependencies of target base_interfaces_demo__rosidl_typesupport_introspection_c__pyext[0m
[0.775s] [ 94%] Built target base_interfaces_demo__rosidl_typesupport_c__pyext
[0.775s] [ 94%] Built target base_interfaces_demo__rosidl_typesupport_fastrtps_c__pyext
[0.781s] [100%] Built target base_interfaces_demo__rosidl_typesupport_introspection_c__pyext
[0.853s] running egg_info
[0.853s] writing base_interfaces_demo.egg-info/PKG-INFO
[0.854s] writing dependency_links to base_interfaces_demo.egg-info/dependency_links.txt
[0.854s] writing top-level names to base_interfaces_demo.egg-info/top_level.txt
[0.855s] reading manifest file 'base_interfaces_demo.egg-info/SOURCES.txt'
[0.855s] writing manifest file 'base_interfaces_demo.egg-info/SOURCES.txt'
[0.872s] [100%] Built target ament_cmake_python_build_base_interfaces_demo_egg
[0.879s] Invoked command in '/home/wang/hello/build/base_interfaces_demo' returned '0': CMAKE_PREFIX_PATH=${CMAKE_PREFIX_PATH}:/opt/ros/humble /usr/bin/cmake --build /home/wang/hello/build/base_interfaces_demo -- -j16 -l16
[0.928s] Invoking command in '/home/wang/hello/build/base_interfaces_demo': CMAKE_PREFIX_PATH=${CMAKE_PREFIX_PATH}:/opt/ros/humble /usr/bin/cmake --install /home/wang/hello/build/base_interfaces_demo
[0.933s] -- Install configuration: ""
[0.933s] -- Up-to-date: /home/wang/hello/install/base_interfaces_demo/share/ament_index/resource_index/rosidl_interfaces/base_interfaces_demo
[0.933s] -- Up-to-date: /home/wang/hello/install/base_interfaces_demo/include/base_interfaces_demo/base_interfaces_demo
[0.933s] -- Up-to-date: /home/wang/hello/install/base_interfaces_demo/include/base_interfaces_demo/base_interfaces_demo/msg
[0.933s] -- Up-to-date: /home/wang/hello/install/base_interfaces_demo/include/base_interfaces_demo/base_interfaces_demo/msg/student.h
[0.934s] -- Up-to-date: /home/wang/hello/install/base_interfaces_demo/include/base_interfaces_demo/base_interfaces_demo/msg/detail
[0.934s] -- Up-to-date: /home/wang/hello/install/base_interfaces_demo/include/base_interfaces_demo/base_interfaces_demo/msg/detail/student__functions.h
[0.934s] -- Up-to-date: /home/wang/hello/install/base_interfaces_demo/include/base_interfaces_demo/base_interfaces_demo/msg/detail/student__type_support.h
[0.934s] -- Up-to-date: /home/wang/hello/install/base_interfaces_demo/include/base_interfaces_demo/base_interfaces_demo/msg/detail/student__functions.c
[0.934s] -- Up-to-date: /home/wang/hello/install/base_interfaces_demo/include/base_interfaces_demo/base_interfaces_demo/msg/detail/student__struct.h
[0.934s] -- Up-to-date: /home/wang/hello/install/base_interfaces_demo/include/base_interfaces_demo/base_interfaces_demo/msg/rosidl_generator_c__visibility_control.h
[0.934s] -- Up-to-date: /home/wang/hello/install/base_interfaces_demo/include/base_interfaces_demo/base_interfaces_demo/srv
[0.935s] -- Up-to-date: /home/wang/hello/install/base_interfaces_demo/include/base_interfaces_demo/base_interfaces_demo/srv/detail
[0.935s] -- Up-to-date: /home/wang/hello/install/base_interfaces_demo/include/base_interfaces_demo/base_interfaces_demo/srv/detail/addint__functions.h
[0.935s] -- Up-to-date: /home/wang/hello/install/base_interfaces_demo/include/base_interfaces_demo/base_interfaces_demo/srv/detail/addint__functions.c
[0.935s] -- Up-to-date: /home/wang/hello/install/base_interfaces_demo/include/base_interfaces_demo/base_interfaces_demo/srv/detail/addint__type_support.h
[0.935s] -- Up-to-date: /home/wang/hello/install/base_interfaces_demo/include/base_interfaces_demo/base_interfaces_demo/srv/detail/addint__struct.h
[0.935s] -- Up-to-date: /home/wang/hello/install/base_interfaces_demo/include/base_interfaces_demo/base_interfaces_demo/srv/addint.h
[0.935s] -- Up-to-date: /home/wang/hello/install/base_interfaces_demo/share/base_interfaces_demo/environment/library_path.sh
[0.935s] -- Installing: /home/wang/hello/install/base_interfaces_demo/share/base_interfaces_demo/environment/library_path.dsv
[0.935s] -- Up-to-date: /home/wang/hello/install/base_interfaces_demo/lib/libbase_interfaces_demo__rosidl_generator_c.so
[0.935s] -- Up-to-date: /home/wang/hello/install/base_interfaces_demo/include/base_interfaces_demo/base_interfaces_demo
[0.936s] -- Up-to-date: /home/wang/hello/install/base_interfaces_demo/include/base_interfaces_demo/base_interfaces_demo/msg
[0.936s] -- Up-to-date: /home/wang/hello/install/base_interfaces_demo/include/base_interfaces_demo/base_interfaces_demo/msg/rosidl_typesupport_fastrtps_c__visibility_control.h
[0.936s] -- Up-to-date: /home/wang/hello/install/base_interfaces_demo/include/base_interfaces_demo/base_interfaces_demo/msg/detail
[0.936s] -- Up-to-date: /home/wang/hello/install/base_interfaces_demo/include/base_interfaces_demo/base_interfaces_demo/msg/detail/student__rosidl_typesupport_fastrtps_c.h
[0.936s] -- Up-to-date: /home/wang/hello/install/base_interfaces_demo/include/base_interfaces_demo/base_interfaces_demo/srv
[0.936s] -- Up-to-date: /home/wang/hello/install/base_interfaces_demo/include/base_interfaces_demo/base_interfaces_demo/srv/detail
[0.936s] -- Up-to-date: /home/wang/hello/install/base_interfaces_demo/include/base_interfaces_demo/base_interfaces_demo/srv/detail/addint__rosidl_typesupport_fastrtps_c.h
[0.936s] -- Up-to-date: /home/wang/hello/install/base_interfaces_demo/lib/libbase_interfaces_demo__rosidl_typesupport_fastrtps_c.so
[0.936s] -- Up-to-date: /home/wang/hello/install/base_interfaces_demo/include/base_interfaces_demo/base_interfaces_demo
[0.936s] -- Up-to-date: /home/wang/hello/install/base_interfaces_demo/include/base_interfaces_demo/base_interfaces_demo/msg
[0.936s] -- Up-to-date: /home/wang/hello/install/base_interfaces_demo/include/base_interfaces_demo/base_interfaces_demo/msg/detail
[0.936s] -- Up-to-date: /home/wang/hello/install/base_interfaces_demo/include/base_interfaces_demo/base_interfaces_demo/msg/detail/student__type_support.c
[0.937s] -- Up-to-date: /home/wang/hello/install/base_interfaces_demo/include/base_interfaces_demo/base_interfaces_demo/msg/detail/student__rosidl_typesupport_introspection_c.h
[0.937s] -- Up-to-date: /home/wang/hello/install/base_interfaces_demo/include/base_interfaces_demo/base_interfaces_demo/msg/rosidl_typesupport_introspection_c__visibility_control.h
[0.937s] -- Up-to-date: /home/wang/hello/install/base_interfaces_demo/include/base_interfaces_demo/base_interfaces_demo/srv
[0.937s] -- Up-to-date: /home/wang/hello/install/base_interfaces_demo/include/base_interfaces_demo/base_interfaces_demo/srv/detail
[0.937s] -- Up-to-date: /home/wang/hello/install/base_interfaces_demo/include/base_interfaces_demo/base_interfaces_demo/srv/detail/addint__rosidl_typesupport_introspection_c.h
[0.937s] -- Up-to-date: /home/wang/hello/install/base_interfaces_demo/include/base_interfaces_demo/base_interfaces_demo/srv/detail/addint__type_support.c
[0.937s] -- Up-to-date: /home/wang/hello/install/base_interfaces_demo/lib/libbase_interfaces_demo__rosidl_typesupport_introspection_c.so
[0.937s] -- Up-to-date: /home/wang/hello/install/base_interfaces_demo/lib/libbase_interfaces_demo__rosidl_typesupport_c.so
[0.937s] -- Up-to-date: /home/wang/hello/install/base_interfaces_demo/include/base_interfaces_demo/base_interfaces_demo
[0.937s] -- Up-to-date: /home/wang/hello/install/base_interfaces_demo/include/base_interfaces_demo/base_interfaces_demo/msg
[0.937s] -- Up-to-date: /home/wang/hello/install/base_interfaces_demo/include/base_interfaces_demo/base_interfaces_demo/msg/detail
[0.937s] -- Up-to-date: /home/wang/hello/install/base_interfaces_demo/include/base_interfaces_demo/base_interfaces_demo/msg/detail/student__builder.hpp
[0.937s] -- Up-to-date: /home/wang/hello/install/base_interfaces_demo/include/base_interfaces_demo/base_interfaces_demo/msg/detail/student__struct.hpp
[0.938s] -- Up-to-date: /home/wang/hello/install/base_interfaces_demo/include/base_interfaces_demo/base_interfaces_demo/msg/detail/student__traits.hpp
[0.938s] -- Up-to-date: /home/wang/hello/install/base_interfaces_demo/include/base_interfaces_demo/base_interfaces_demo/msg/student.hpp
[0.938s] -- Up-to-date: /home/wang/hello/install/base_interfaces_demo/include/base_interfaces_demo/base_interfaces_demo/srv
[0.938s] -- Up-to-date: /home/wang/hello/install/base_interfaces_demo/include/base_interfaces_demo/base_interfaces_demo/srv/addint.hpp
[0.938s] -- Up-to-date: /home/wang/hello/install/base_interfaces_demo/include/base_interfaces_demo/base_interfaces_demo/srv/detail
[0.938s] -- Up-to-date: /home/wang/hello/install/base_interfaces_demo/include/base_interfaces_demo/base_interfaces_demo/srv/detail/addint__builder.hpp
[0.938s] -- Up-to-date: /home/wang/hello/install/base_interfaces_demo/include/base_interfaces_demo/base_interfaces_demo/srv/detail/addint__struct.hpp
[0.938s] -- Up-to-date: /home/wang/hello/install/base_interfaces_demo/include/base_interfaces_demo/base_interfaces_demo/srv/detail/addint__traits.hpp
[0.938s] -- Up-to-date: /home/wang/hello/install/base_interfaces_demo/include/base_interfaces_demo/base_interfaces_demo
[0.938s] -- Up-to-date: /home/wang/hello/install/base_interfaces_demo/include/base_interfaces_demo/base_interfaces_demo/msg
[0.938s] -- Up-to-date: /home/wang/hello/install/base_interfaces_demo/include/base_interfaces_demo/base_interfaces_demo/msg/rosidl_typesupport_fastrtps_cpp__visibility_control.h
[0.938s] -- Up-to-date: /home/wang/hello/install/base_interfaces_demo/include/base_interfaces_demo/base_interfaces_demo/msg/detail
[0.938s] -- Up-to-date: /home/wang/hello/install/base_interfaces_demo/include/base_interfaces_demo/base_interfaces_demo/msg/detail/dds_fastrtps
[0.939s] -- Up-to-date: /home/wang/hello/install/base_interfaces_demo/include/base_interfaces_demo/base_interfaces_demo/msg/detail/student__rosidl_typesupport_fastrtps_cpp.hpp
[0.939s] -- Up-to-date: /home/wang/hello/install/base_interfaces_demo/include/base_interfaces_demo/base_interfaces_demo/srv
[0.939s] -- Up-to-date: /home/wang/hello/install/base_interfaces_demo/include/base_interfaces_demo/base_interfaces_demo/srv/detail
[0.939s] -- Up-to-date: /home/wang/hello/install/base_interfaces_demo/include/base_interfaces_demo/base_interfaces_demo/srv/detail/addint__rosidl_typesupport_fastrtps_cpp.hpp
[0.939s] -- Up-to-date: /home/wang/hello/install/base_interfaces_demo/include/base_interfaces_demo/base_interfaces_demo/srv/detail/dds_fastrtps
[0.939s] -- Up-to-date: /home/wang/hello/install/base_interfaces_demo/lib/libbase_interfaces_demo__rosidl_typesupport_fastrtps_cpp.so
[0.939s] -- Up-to-date: /home/wang/hello/install/base_interfaces_demo/include/base_interfaces_demo/base_interfaces_demo
[0.939s] -- Up-to-date: /home/wang/hello/install/base_interfaces_demo/include/base_interfaces_demo/base_interfaces_demo/msg
[0.939s] -- Up-to-date: /home/wang/hello/install/base_interfaces_demo/include/base_interfaces_demo/base_interfaces_demo/msg/detail
[0.939s] -- Up-to-date: /home/wang/hello/install/base_interfaces_demo/include/base_interfaces_demo/base_interfaces_demo/msg/detail/student__rosidl_typesupport_introspection_cpp.hpp
[0.939s] -- Up-to-date: /home/wang/hello/install/base_interfaces_demo/include/base_interfaces_demo/base_interfaces_demo/msg/detail/student__type_support.cpp
[0.939s] -- Up-to-date: /home/wang/hello/install/base_interfaces_demo/include/base_interfaces_demo/base_interfaces_demo/srv
[0.940s] -- Up-to-date: /home/wang/hello/install/base_interfaces_demo/include/base_interfaces_demo/base_interfaces_demo/srv/detail
[0.940s] -- Up-to-date: /home/wang/hello/install/base_interfaces_demo/include/base_interfaces_demo/base_interfaces_demo/srv/detail/addint__type_support.cpp
[0.940s] -- Up-to-date: /home/wang/hello/install/base_interfaces_demo/include/base_interfaces_demo/base_interfaces_demo/srv/detail/addint__rosidl_typesupport_introspection_cpp.hpp
[0.940s] -- Up-to-date: /home/wang/hello/install/base_interfaces_demo/lib/libbase_interfaces_demo__rosidl_typesupport_introspection_cpp.so
[0.940s] -- Up-to-date: /home/wang/hello/install/base_interfaces_demo/lib/libbase_interfaces_demo__rosidl_typesupport_cpp.so
[0.940s] -- Up-to-date: /home/wang/hello/install/base_interfaces_demo/share/base_interfaces_demo/environment/pythonpath.sh
[0.940s] -- Installing: /home/wang/hello/install/base_interfaces_demo/share/base_interfaces_demo/environment/pythonpath.dsv
[0.940s] -- Up-to-date: /home/wang/hello/install/base_interfaces_demo/local/lib/python3.10/dist-packages/base_interfaces_demo-0.0.0-py3.10.egg-info
[0.940s] -- Installing: /home/wang/hello/install/base_interfaces_demo/local/lib/python3.10/dist-packages/base_interfaces_demo-0.0.0-py3.10.egg-info/dependency_links.txt
[0.940s] -- Installing: /home/wang/hello/install/base_interfaces_demo/local/lib/python3.10/dist-packages/base_interfaces_demo-0.0.0-py3.10.egg-info/PKG-INFO
[0.940s] -- Installing: /home/wang/hello/install/base_interfaces_demo/local/lib/python3.10/dist-packages/base_interfaces_demo-0.0.0-py3.10.egg-info/SOURCES.txt
[0.940s] -- Installing: /home/wang/hello/install/base_interfaces_demo/local/lib/python3.10/dist-packages/base_interfaces_demo-0.0.0-py3.10.egg-info/top_level.txt
[0.940s] -- Up-to-date: /home/wang/hello/install/base_interfaces_demo/local/lib/python3.10/dist-packages/base_interfaces_demo
[0.940s] -- Up-to-date: /home/wang/hello/install/base_interfaces_demo/local/lib/python3.10/dist-packages/base_interfaces_demo/msg
[0.940s] -- Up-to-date: /home/wang/hello/install/base_interfaces_demo/local/lib/python3.10/dist-packages/base_interfaces_demo/msg/_student.py
[0.940s] -- Up-to-date: /home/wang/hello/install/base_interfaces_demo/local/lib/python3.10/dist-packages/base_interfaces_demo/msg/_student_s.c
[0.940s] -- Up-to-date: /home/wang/hello/install/base_interfaces_demo/local/lib/python3.10/dist-packages/base_interfaces_demo/msg/__init__.py
[0.940s] -- Up-to-date: /home/wang/hello/install/base_interfaces_demo/local/lib/python3.10/dist-packages/base_interfaces_demo/_base_interfaces_demo_s.ep.rosidl_typesupport_c.c
[0.940s] -- Up-to-date: /home/wang/hello/install/base_interfaces_demo/local/lib/python3.10/dist-packages/base_interfaces_demo/_base_interfaces_demo_s.ep.rosidl_typesupport_fastrtps_c.c
[0.940s] -- Up-to-date: /home/wang/hello/install/base_interfaces_demo/local/lib/python3.10/dist-packages/base_interfaces_demo/srv
[0.940s] -- Up-to-date: /home/wang/hello/install/base_interfaces_demo/local/lib/python3.10/dist-packages/base_interfaces_demo/srv/__init__.py
[0.940s] -- Up-to-date: /home/wang/hello/install/base_interfaces_demo/local/lib/python3.10/dist-packages/base_interfaces_demo/srv/_addint.py
[0.940s] -- Up-to-date: /home/wang/hello/install/base_interfaces_demo/local/lib/python3.10/dist-packages/base_interfaces_demo/srv/_addint_s.c
[0.940s] -- Installing: /home/wang/hello/install/base_interfaces_demo/local/lib/python3.10/dist-packages/base_interfaces_demo/__init__.py
[0.940s] -- Up-to-date: /home/wang/hello/install/base_interfaces_demo/local/lib/python3.10/dist-packages/base_interfaces_demo/base_interfaces_demo_s__rosidl_typesupport_introspection_c.cpython-310-x86_64-linux-gnu.so
[0.940s] -- Up-to-date: /home/wang/hello/install/base_interfaces_demo/local/lib/python3.10/dist-packages/base_interfaces_demo/libbase_interfaces_demo__rosidl_generator_py.so
[0.940s] -- Up-to-date: /home/wang/hello/install/base_interfaces_demo/local/lib/python3.10/dist-packages/base_interfaces_demo/base_interfaces_demo_s__rosidl_typesupport_fastrtps_c.cpython-310-x86_64-linux-gnu.so
[0.940s] -- Up-to-date: /home/wang/hello/install/base_interfaces_demo/local/lib/python3.10/dist-packages/base_interfaces_demo/_base_interfaces_demo_s.ep.rosidl_typesupport_introspection_c.c
[0.940s] -- Up-to-date: /home/wang/hello/install/base_interfaces_demo/local/lib/python3.10/dist-packages/base_interfaces_demo/base_interfaces_demo_s__rosidl_typesupport_c.cpython-310-x86_64-linux-gnu.so
[0.956s] Listing '/home/wang/hello/install/base_interfaces_demo/local/lib/python3.10/dist-packages/base_interfaces_demo'...
[0.956s] Compiling '/home/wang/hello/install/base_interfaces_demo/local/lib/python3.10/dist-packages/base_interfaces_demo/__init__.py'...
[0.956s] Listing '/home/wang/hello/install/base_interfaces_demo/local/lib/python3.10/dist-packages/base_interfaces_demo/msg'...
[0.956s] Listing '/home/wang/hello/install/base_interfaces_demo/local/lib/python3.10/dist-packages/base_interfaces_demo/srv'...
[0.959s] -- Up-to-date: /home/wang/hello/install/base_interfaces_demo/local/lib/python3.10/dist-packages/base_interfaces_demo/base_interfaces_demo_s__rosidl_typesupport_fastrtps_c.cpython-310-x86_64-linux-gnu.so
[0.959s] -- Up-to-date: /home/wang/hello/install/base_interfaces_demo/local/lib/python3.10/dist-packages/base_interfaces_demo/base_interfaces_demo_s__rosidl_typesupport_introspection_c.cpython-310-x86_64-linux-gnu.so
[0.960s] -- Up-to-date: /home/wang/hello/install/base_interfaces_demo/local/lib/python3.10/dist-packages/base_interfaces_demo/base_interfaces_demo_s__rosidl_typesupport_c.cpython-310-x86_64-linux-gnu.so
[0.960s] -- Up-to-date: /home/wang/hello/install/base_interfaces_demo/lib/libbase_interfaces_demo__rosidl_generator_py.so
[0.960s] -- Up-to-date: /home/wang/hello/install/base_interfaces_demo/share/base_interfaces_demo/msg/Student.idl
[0.960s] -- Up-to-date: /home/wang/hello/install/base_interfaces_demo/share/base_interfaces_demo/srv/Addint.idl
[0.960s] -- Up-to-date: /home/wang/hello/install/base_interfaces_demo/share/base_interfaces_demo/msg/Student.msg
[0.961s] -- Up-to-date: /home/wang/hello/install/base_interfaces_demo/share/base_interfaces_demo/srv/Addint.srv
[0.961s] -- Up-to-date: /home/wang/hello/install/base_interfaces_demo/share/base_interfaces_demo/srv/Addint_Request.msg
[0.961s] -- Up-to-date: /home/wang/hello/install/base_interfaces_demo/share/base_interfaces_demo/srv/Addint_Response.msg
[0.961s] -- Up-to-date: /home/wang/hello/install/base_interfaces_demo/share/ament_index/resource_index/package_run_dependencies/base_interfaces_demo
[0.961s] -- Up-to-date: /home/wang/hello/install/base_interfaces_demo/share/ament_index/resource_index/parent_prefix_path/base_interfaces_demo
[0.961s] -- Up-to-date: /home/wang/hello/install/base_interfaces_demo/share/base_interfaces_demo/environment/ament_prefix_path.sh
[0.961s] -- Installing: /home/wang/hello/install/base_interfaces_demo/share/base_interfaces_demo/environment/ament_prefix_path.dsv
[0.961s] -- Up-to-date: /home/wang/hello/install/base_interfaces_demo/share/base_interfaces_demo/environment/path.sh
[0.961s] -- Installing: /home/wang/hello/install/base_interfaces_demo/share/base_interfaces_demo/environment/path.dsv
[0.961s] -- Up-to-date: /home/wang/hello/install/base_interfaces_demo/share/base_interfaces_demo/local_setup.bash
[0.961s] -- Up-to-date: /home/wang/hello/install/base_interfaces_demo/share/base_interfaces_demo/local_setup.sh
[0.962s] -- Up-to-date: /home/wang/hello/install/base_interfaces_demo/share/base_interfaces_demo/local_setup.zsh
[0.962s] -- Installing: /home/wang/hello/install/base_interfaces_demo/share/base_interfaces_demo/local_setup.dsv
[0.962s] -- Installing: /home/wang/hello/install/base_interfaces_demo/share/base_interfaces_demo/package.dsv
[0.962s] -- Up-to-date: /home/wang/hello/install/base_interfaces_demo/share/ament_index/resource_index/packages/base_interfaces_demo
[0.962s] -- Up-to-date: /home/wang/hello/install/base_interfaces_demo/share/base_interfaces_demo/cmake/export_base_interfaces_demo__rosidl_generator_cExport.cmake
[0.962s] -- Up-to-date: /home/wang/hello/install/base_interfaces_demo/share/base_interfaces_demo/cmake/export_base_interfaces_demo__rosidl_generator_cExport-noconfig.cmake
[0.962s] -- Up-to-date: /home/wang/hello/install/base_interfaces_demo/share/base_interfaces_demo/cmake/export_base_interfaces_demo__rosidl_typesupport_fastrtps_cExport.cmake
[0.962s] -- Up-to-date: /home/wang/hello/install/base_interfaces_demo/share/base_interfaces_demo/cmake/export_base_interfaces_demo__rosidl_typesupport_fastrtps_cExport-noconfig.cmake
[0.962s] -- Up-to-date: /home/wang/hello/install/base_interfaces_demo/share/base_interfaces_demo/cmake/base_interfaces_demo__rosidl_typesupport_introspection_cExport.cmake
[0.963s] -- Up-to-date: /home/wang/hello/install/base_interfaces_demo/share/base_interfaces_demo/cmake/base_interfaces_demo__rosidl_typesupport_introspection_cExport-noconfig.cmake
[0.963s] -- Up-to-date: /home/wang/hello/install/base_interfaces_demo/share/base_interfaces_demo/cmake/base_interfaces_demo__rosidl_typesupport_cExport.cmake
[0.963s] -- Up-to-date: /home/wang/hello/install/base_interfaces_demo/share/base_interfaces_demo/cmake/base_interfaces_demo__rosidl_typesupport_cExport-noconfig.cmake
[0.963s] -- Up-to-date: /home/wang/hello/install/base_interfaces_demo/share/base_interfaces_demo/cmake/export_base_interfaces_demo__rosidl_generator_cppExport.cmake
[0.963s] -- Up-to-date: /home/wang/hello/install/base_interfaces_demo/share/base_interfaces_demo/cmake/export_base_interfaces_demo__rosidl_typesupport_fastrtps_cppExport.cmake
[0.963s] -- Up-to-date: /home/wang/hello/install/base_interfaces_demo/share/base_interfaces_demo/cmake/export_base_interfaces_demo__rosidl_typesupport_fastrtps_cppExport-noconfig.cmake
[0.963s] -- Up-to-date: /home/wang/hello/install/base_interfaces_demo/share/base_interfaces_demo/cmake/base_interfaces_demo__rosidl_typesupport_introspection_cppExport.cmake
[0.963s] -- Up-to-date: /home/wang/hello/install/base_interfaces_demo/share/base_interfaces_demo/cmake/base_interfaces_demo__rosidl_typesupport_introspection_cppExport-noconfig.cmake
[0.963s] -- Up-to-date: /home/wang/hello/install/base_interfaces_demo/share/base_interfaces_demo/cmake/base_interfaces_demo__rosidl_typesupport_cppExport.cmake
[0.963s] -- Up-to-date: /home/wang/hello/install/base_interfaces_demo/share/base_interfaces_demo/cmake/base_interfaces_demo__rosidl_typesupport_cppExport-noconfig.cmake
[0.963s] -- Up-to-date: /home/wang/hello/install/base_interfaces_demo/share/base_interfaces_demo/cmake/export_base_interfaces_demo__rosidl_generator_pyExport.cmake
[0.963s] -- Up-to-date: /home/wang/hello/install/base_interfaces_demo/share/base_interfaces_demo/cmake/export_base_interfaces_demo__rosidl_generator_pyExport-noconfig.cmake
[0.964s] -- Up-to-date: /home/wang/hello/install/base_interfaces_demo/share/base_interfaces_demo/cmake/rosidl_cmake-extras.cmake
[0.964s] -- Up-to-date: /home/wang/hello/install/base_interfaces_demo/share/base_interfaces_demo/cmake/ament_cmake_export_include_directories-extras.cmake
[0.964s] -- Up-to-date: /home/wang/hello/install/base_interfaces_demo/share/base_interfaces_demo/cmake/ament_cmake_export_libraries-extras.cmake
[0.964s] -- Up-to-date: /home/wang/hello/install/base_interfaces_demo/share/base_interfaces_demo/cmake/ament_cmake_export_targets-extras.cmake
[0.964s] -- Up-to-date: /home/wang/hello/install/base_interfaces_demo/share/base_interfaces_demo/cmake/rosidl_cmake_export_typesupport_targets-extras.cmake
[0.964s] -- Up-to-date: /home/wang/hello/install/base_interfaces_demo/share/base_interfaces_demo/cmake/ament_cmake_export_dependencies-extras.cmake
[0.964s] -- Up-to-date: /home/wang/hello/install/base_interfaces_demo/share/base_interfaces_demo/cmake/rosidl_cmake_export_typesupport_libraries-extras.cmake
[0.964s] -- Up-to-date: /home/wang/hello/install/base_interfaces_demo/share/base_interfaces_demo/cmake/base_interfaces_demoConfig.cmake
[0.964s] -- Up-to-date: /home/wang/hello/install/base_interfaces_demo/share/base_interfaces_demo/cmake/base_interfaces_demoConfig-version.cmake
[0.964s] -- Up-to-date: /home/wang/hello/install/base_interfaces_demo/share/base_interfaces_demo/package.xml
[0.965s] Invoked command in '/home/wang/hello/build/base_interfaces_demo' returned '0': CMAKE_PREFIX_PATH=${CMAKE_PREFIX_PATH}:/opt/ros/humble /usr/bin/cmake --install /home/wang/hello/build/base_interfaces_demo
