[35m[1mConsolidate compiler generated dependencies of target demo01_pub[0m
[35m[1mConsolidate compiler generated dependencies of target demo02_client[0m
[ 25%] [32mBuilding CXX object CMakeFiles/demo01_pub.dir/src/demo01_pub.cpp.o[0m
[ 50%] [32mBuilding CXX object CMakeFiles/demo02_client.dir/src/demo02_client.cpp.o[0m
[ 75%] [32m[1mLinking CXX executable demo01_pub[0m
[100%] [32m[1mLinking CXX executable demo02_client[0m
[100%] Built target demo01_pub
[100%] Built target demo02_client
-- Install configuration: ""
-- Installing: /home/wang/hello/install/service/lib/service/demo01_pub
-- Set runtime path of "/home/wang/hello/install/service/lib/service/demo01_pub" to ""
-- Installing: /home/wang/hello/install/service/lib/service/demo02_client
-- Set runtime path of "/home/wang/hello/install/service/lib/service/demo02_client" to ""
-- Up-to-date: /home/wang/hello/install/service/share/ament_index/resource_index/package_run_dependencies/service
-- Up-to-date: /home/wang/hello/install/service/share/ament_index/resource_index/parent_prefix_path/service
-- Up-to-date: /home/wang/hello/install/service/share/service/environment/ament_prefix_path.sh
-- Up-to-date: /home/wang/hello/install/service/share/service/environment/ament_prefix_path.dsv
-- Up-to-date: /home/wang/hello/install/service/share/service/environment/path.sh
-- Up-to-date: /home/wang/hello/install/service/share/service/environment/path.dsv
-- Up-to-date: /home/wang/hello/install/service/share/service/local_setup.bash
-- Up-to-date: /home/wang/hello/install/service/share/service/local_setup.sh
-- Up-to-date: /home/wang/hello/install/service/share/service/local_setup.zsh
-- Up-to-date: /home/wang/hello/install/service/share/service/local_setup.dsv
-- Installing: /home/wang/hello/install/service/share/service/package.dsv
-- Up-to-date: /home/wang/hello/install/service/share/ament_index/resource_index/packages/service
-- Up-to-date: /home/wang/hello/install/service/share/service/cmake/serviceConfig.cmake
-- Up-to-date: /home/wang/hello/install/service/share/service/cmake/serviceConfig-version.cmake
-- Up-to-date: /home/wang/hello/install/service/share/service/package.xml
