[0.010s] Invoking command in '/home/wang/hello/build/service': CMAKE_PREFIX_PATH=/home/wang/hello/install/base_interfaces_demo:/home/wang/hello/install/topic:/home/wang/hello/install/service:/home/wang/hello/install/action:/opt/ros/humble /usr/bin/cmake --build /home/wang/hello/build/service -- -j16 -l16
[0.052s] [35m[1mConsolidate compiler generated dependencies of target demo01_pub[0m
[0.053s] [35m[1mConsolidate compiler generated dependencies of target demo02_client[0m
[0.072s] [ 25%] [32mBuilding CXX object CMakeFiles/demo01_pub.dir/src/demo01_pub.cpp.o[0m
[0.074s] [ 50%] [32mBuilding CXX object CMakeFiles/demo02_client.dir/src/demo02_client.cpp.o[0m
[2.232s] [ 75%] [32m[1mLinking CXX executable demo01_pub[0m
[2.293s] [100%] [32m[1mLinking CXX executable demo02_client[0m
[2.345s] [100%] Built target demo01_pub
[2.396s] [100%] Built target demo02_client
[2.404s] Invoked command in '/home/wang/hello/build/service' returned '0': CMAKE_PREFIX_PATH=/home/wang/hello/install/base_interfaces_demo:/home/wang/hello/install/topic:/home/wang/hello/install/service:/home/wang/hello/install/action:/opt/ros/humble /usr/bin/cmake --build /home/wang/hello/build/service -- -j16 -l16
[2.446s] Invoking command in '/home/wang/hello/build/service': CMAKE_PREFIX_PATH=/home/wang/hello/install/base_interfaces_demo:/home/wang/hello/install/topic:/home/wang/hello/install/service:/home/wang/hello/install/action:/opt/ros/humble /usr/bin/cmake --install /home/wang/hello/build/service
[2.455s] -- Install configuration: ""
[2.456s] -- Installing: /home/wang/hello/install/service/lib/service/demo01_pub
[2.457s] -- Set runtime path of "/home/wang/hello/install/service/lib/service/demo01_pub" to ""
[2.457s] -- Installing: /home/wang/hello/install/service/lib/service/demo02_client
[2.458s] -- Set runtime path of "/home/wang/hello/install/service/lib/service/demo02_client" to ""
[2.458s] -- Up-to-date: /home/wang/hello/install/service/share/ament_index/resource_index/package_run_dependencies/service
[2.458s] -- Up-to-date: /home/wang/hello/install/service/share/ament_index/resource_index/parent_prefix_path/service
[2.458s] -- Up-to-date: /home/wang/hello/install/service/share/service/environment/ament_prefix_path.sh
[2.459s] -- Up-to-date: /home/wang/hello/install/service/share/service/environment/ament_prefix_path.dsv
[2.459s] -- Up-to-date: /home/wang/hello/install/service/share/service/environment/path.sh
[2.459s] -- Up-to-date: /home/wang/hello/install/service/share/service/environment/path.dsv
[2.459s] -- Up-to-date: /home/wang/hello/install/service/share/service/local_setup.bash
[2.459s] -- Up-to-date: /home/wang/hello/install/service/share/service/local_setup.sh
[2.459s] -- Up-to-date: /home/wang/hello/install/service/share/service/local_setup.zsh
[2.459s] -- Up-to-date: /home/wang/hello/install/service/share/service/local_setup.dsv
[2.459s] -- Installing: /home/wang/hello/install/service/share/service/package.dsv
[2.459s] -- Up-to-date: /home/wang/hello/install/service/share/ament_index/resource_index/packages/service
[2.459s] -- Up-to-date: /home/wang/hello/install/service/share/service/cmake/serviceConfig.cmake
[2.459s] -- Up-to-date: /home/wang/hello/install/service/share/service/cmake/serviceConfig-version.cmake
[2.459s] -- Up-to-date: /home/wang/hello/install/service/share/service/package.xml
[2.461s] Invoked command in '/home/wang/hello/build/service' returned '0': CMAKE_PREFIX_PATH=/home/wang/hello/install/base_interfaces_demo:/home/wang/hello/install/topic:/home/wang/hello/install/service:/home/wang/hello/install/action:/opt/ros/humble /usr/bin/cmake --install /home/wang/hello/build/service
