[0.007s] Invoking command in '/home/wang/hello/build/polygon_base': CMAKE_PREFIX_PATH=${CMAKE_PREFIX_PATH}:/opt/ros/humble /usr/bin/cmake --build /home/wang/hello/build/polygon_base -- -j16 -l16
[0.051s] [35m[1mConsolidate compiler generated dependencies of target area_node[0m
[0.065s] [ 50%] [32mBuilding CXX object CMakeFiles/area_node.dir/src/area_node.cpp.o[0m
[1.859s] [100%] [32m[1mLinking CXX executable area_node[0m
[1.965s] [100%] Built target area_node
[1.972s] Invoked command in '/home/wang/hello/build/polygon_base' returned '0': CMAKE_PREFIX_PATH=${CMAKE_PREFIX_PATH}:/opt/ros/humble /usr/bin/cmake --build /home/wang/hello/build/polygon_base -- -j16 -l16
[2.013s] Invoking command in '/home/wang/hello/build/polygon_base': CMAKE_PREFIX_PATH=${CMAKE_PREFIX_PATH}:/opt/ros/humble /usr/bin/cmake --install /home/wang/hello/build/polygon_base
[2.024s] -- Install configuration: ""
[2.024s] -- Up-to-date: /home/wang/hello/install/polygon_base/include
[2.024s] -- Up-to-date: /home/wang/hello/install/polygon_base/include/polygon_base
[2.024s] -- Up-to-date: /home/wang/hello/install/polygon_base/include/polygon_base/regular_polygon.hpp
[2.024s] -- Installing: /home/wang/hello/install/polygon_base/lib/polygon_base/area_node
[2.026s] -- Set runtime path of "/home/wang/hello/install/polygon_base/lib/polygon_base/area_node" to ""
[2.026s] -- Up-to-date: /home/wang/hello/install/polygon_base/share/ament_index/resource_index/package_run_dependencies/polygon_base
[2.026s] -- Up-to-date: /home/wang/hello/install/polygon_base/share/ament_index/resource_index/parent_prefix_path/polygon_base
[2.027s] -- Up-to-date: /home/wang/hello/install/polygon_base/share/polygon_base/environment/ament_prefix_path.sh
[2.027s] -- Up-to-date: /home/wang/hello/install/polygon_base/share/polygon_base/environment/ament_prefix_path.dsv
[2.027s] -- Up-to-date: /home/wang/hello/install/polygon_base/share/polygon_base/environment/path.sh
[2.027s] -- Up-to-date: /home/wang/hello/install/polygon_base/share/polygon_base/environment/path.dsv
[2.027s] -- Up-to-date: /home/wang/hello/install/polygon_base/share/polygon_base/local_setup.bash
[2.027s] -- Up-to-date: /home/wang/hello/install/polygon_base/share/polygon_base/local_setup.sh
[2.028s] -- Up-to-date: /home/wang/hello/install/polygon_base/share/polygon_base/local_setup.zsh
[2.028s] -- Up-to-date: /home/wang/hello/install/polygon_base/share/polygon_base/local_setup.dsv
[2.028s] -- Up-to-date: /home/wang/hello/install/polygon_base/share/polygon_base/package.dsv
[2.028s] -- Up-to-date: /home/wang/hello/install/polygon_base/share/ament_index/resource_index/packages/polygon_base
[2.029s] -- Up-to-date: /home/wang/hello/install/polygon_base/share/polygon_base/cmake/ament_cmake_export_include_directories-extras.cmake
[2.029s] -- Up-to-date: /home/wang/hello/install/polygon_base/share/polygon_base/cmake/polygon_baseConfig.cmake
[2.029s] -- Up-to-date: /home/wang/hello/install/polygon_base/share/polygon_base/cmake/polygon_baseConfig-version.cmake
[2.029s] -- Up-to-date: /home/wang/hello/install/polygon_base/share/polygon_base/package.xml
[2.031s] Invoked command in '/home/wang/hello/build/polygon_base' returned '0': CMAKE_PREFIX_PATH=${CMAKE_PREFIX_PATH}:/opt/ros/humble /usr/bin/cmake --install /home/wang/hello/build/polygon_base
