[0.007s] Invoking command in '/home/wang/hello/build/polygon_base': CMAKE_PREFIX_PATH=/opt/ros/humble /usr/bin/cmake /home/wang/hello/src/polygon_base -DCMAKE_INSTALL_PREFIX=/home/wang/hello/install/polygon_base
[0.115s] -- The C compiler identification is GNU 11.4.0
[0.197s] -- The CXX compiler identification is GNU 11.4.0
[0.204s] -- Detecting C compiler ABI info
[0.300s] -- Detecting C compiler ABI info - done
[0.309s] -- Check for working C compiler: /usr/bin/cc - skipped
[0.310s] -- Detecting C compile features
[0.311s] -- Detecting C compile features - done
[0.315s] -- Detecting CXX compiler ABI info
[0.392s] -- Detecting CXX compiler ABI info - done
[0.399s] -- Check for working CXX compiler: /usr/bin/c++ - skipped
[0.399s] -- Detecting CXX compile features
[0.399s] -- Detecting CXX compile features - done
[0.401s] -- Found ament_cmake: 1.3.9 (/opt/ros/humble/share/ament_cmake/cmake)
[0.518s] -- Found Python3: /usr/bin/python3 (found version "3.10.12") found components: Interpreter 
[0.585s] -- Found pluginlib: 5.1.0 (/opt/ros/humble/share/pluginlib/cmake)
[0.615s] -- Found ament_lint_auto: 0.12.11 (/opt/ros/humble/share/ament_lint_auto/cmake)
[0.668s] -- Added test 'cppcheck' to perform static code analysis on C / C++ code
[0.668s] -- Configured cppcheck include dirs: $<BUILD_INTERFACE:/home/wang/hello/src/polygon_base/include>
[0.668s] -- Configured cppcheck exclude dirs and/or files: 
[0.669s] -- Added test 'lint_cmake' to check CMake code style
[0.669s] -- Added test 'uncrustify' to check C / C++ code style
[0.670s] -- Configured uncrustify additional arguments: 
[0.670s] -- Added test 'xmllint' to check XML markup files
[0.671s] -- Configuring done
[0.674s] -- Generating done
[0.675s] -- Build files have been written to: /home/wang/hello/build/polygon_base
[0.680s] Invoked command in '/home/wang/hello/build/polygon_base' returned '0': CMAKE_PREFIX_PATH=/opt/ros/humble /usr/bin/cmake /home/wang/hello/src/polygon_base -DCMAKE_INSTALL_PREFIX=/home/wang/hello/install/polygon_base
[0.681s] Invoking command in '/home/wang/hello/build/polygon_base': CMAKE_PREFIX_PATH=/opt/ros/humble /usr/bin/cmake --build /home/wang/hello/build/polygon_base -- -j16 -l16
[0.737s] [ 50%] [32mBuilding CXX object CMakeFiles/area_node.dir/src/area_node.cpp.o[0m
[0.762s] [100%] [32m[1mLinking CXX executable area_node[0m
[0.800s] [100%] Built target area_node
[0.810s] Invoked command in '/home/wang/hello/build/polygon_base' returned '0': CMAKE_PREFIX_PATH=/opt/ros/humble /usr/bin/cmake --build /home/wang/hello/build/polygon_base -- -j16 -l16
[0.836s] Invoking command in '/home/wang/hello/build/polygon_base': CMAKE_PREFIX_PATH=/opt/ros/humble /usr/bin/cmake --install /home/wang/hello/build/polygon_base
[0.840s] -- Install configuration: ""
[0.840s] -- Installing: /home/wang/hello/install/polygon_base/include
[0.840s] -- Installing: /home/wang/hello/install/polygon_base/include/polygon_base
[0.840s] -- Installing: /home/wang/hello/install/polygon_base/include/polygon_base/regular_polygon.hpp
[0.840s] -- Installing: /home/wang/hello/install/polygon_base/lib/polygon_base/area_node
[0.840s] -- Set runtime path of "/home/wang/hello/install/polygon_base/lib/polygon_base/area_node" to ""
[0.840s] -- Installing: /home/wang/hello/install/polygon_base/share/ament_index/resource_index/package_run_dependencies/polygon_base
[0.840s] -- Installing: /home/wang/hello/install/polygon_base/share/ament_index/resource_index/parent_prefix_path/polygon_base
[0.840s] -- Installing: /home/wang/hello/install/polygon_base/share/polygon_base/environment/ament_prefix_path.sh
[0.840s] -- Installing: /home/wang/hello/install/polygon_base/share/polygon_base/environment/ament_prefix_path.dsv
[0.840s] -- Installing: /home/wang/hello/install/polygon_base/share/polygon_base/environment/path.sh
[0.840s] -- Installing: /home/wang/hello/install/polygon_base/share/polygon_base/environment/path.dsv
[0.840s] -- Installing: /home/wang/hello/install/polygon_base/share/polygon_base/local_setup.bash
[0.840s] -- Installing: /home/wang/hello/install/polygon_base/share/polygon_base/local_setup.sh
[0.841s] -- Installing: /home/wang/hello/install/polygon_base/share/polygon_base/local_setup.zsh
[0.841s] -- Installing: /home/wang/hello/install/polygon_base/share/polygon_base/local_setup.dsv
[0.841s] -- Installing: /home/wang/hello/install/polygon_base/share/polygon_base/package.dsv
[0.841s] -- Installing: /home/wang/hello/install/polygon_base/share/ament_index/resource_index/packages/polygon_base
[0.841s] -- Installing: /home/wang/hello/install/polygon_base/share/polygon_base/cmake/ament_cmake_export_include_directories-extras.cmake
[0.841s] -- Installing: /home/wang/hello/install/polygon_base/share/polygon_base/cmake/polygon_baseConfig.cmake
[0.841s] -- Installing: /home/wang/hello/install/polygon_base/share/polygon_base/cmake/polygon_baseConfig-version.cmake
[0.841s] -- Installing: /home/wang/hello/install/polygon_base/share/polygon_base/package.xml
[0.842s] Invoked command in '/home/wang/hello/build/polygon_base' returned '0': CMAKE_PREFIX_PATH=/opt/ros/humble /usr/bin/cmake --install /home/wang/hello/build/polygon_base
