[0.008s] Invoking command in '/home/wang/hello/build/my_urdf': CMAKE_PREFIX_PATH=${CMAKE_PREFIX_PATH}:/opt/ros/humble /usr/bin/cmake --build /home/wang/hello/build/my_urdf -- -j16 -l16
[0.030s] -- Found ament_cmake: 1.3.11 (/opt/ros/humble/share/ament_cmake/cmake)
[0.131s] -- Found ament_lint_auto: 0.12.11 (/opt/ros/humble/share/ament_lint_auto/cmake)
[0.179s] -- Added test 'flake8' to check Python code syntax and style conventions
[0.179s] -- Added test 'lint_cmake' to check CMake code style
[0.180s] -- Added test 'pep257' to check Python code against some of the docstring style conventions in PEP 257
[0.180s] -- Added test 'xmllint' to check XML markup files
[0.181s] -- Configuring done
[0.185s] -- Generating done
[0.187s] -- Build files have been written to: /home/wang/hello/build/my_urdf
[0.205s] Invoked command in '/home/wang/hello/build/my_urdf' returned '0': CMAKE_PREFIX_PATH=${CMAKE_PREFIX_PATH}:/opt/ros/humble /usr/bin/cmake --build /home/wang/hello/build/my_urdf -- -j16 -l16
[0.246s] Invoking command in '/home/wang/hello/build/my_urdf': CMAKE_PREFIX_PATH=${CMAKE_PREFIX_PATH}:/opt/ros/humble /usr/bin/cmake --install /home/wang/hello/build/my_urdf
[0.255s] -- Install configuration: ""
[0.256s] -- Up-to-date: /home/wang/hello/install/my_urdf/share/my_urdf/launch
[0.256s] -- Up-to-date: /home/wang/hello/install/my_urdf/share/my_urdf/launch/display.launch.py
[0.256s] -- Up-to-date: /home/wang/hello/install/my_urdf/share/my_urdf/urdf
[0.256s] -- Up-to-date: /home/wang/hello/install/my_urdf/share/my_urdf/urdf/xacro
[0.256s] -- Up-to-date: /home/wang/hello/install/my_urdf/share/my_urdf/urdf/urdf
[0.256s] -- Up-to-date: /home/wang/hello/install/my_urdf/share/my_urdf/urdf/urdf/helloworld.urdf
[0.256s] -- Up-to-date: /home/wang/hello/install/my_urdf/share/my_urdf/rviz
[0.256s] -- Up-to-date: /home/wang/hello/install/my_urdf/share/my_urdf/meshes
[0.256s] -- Up-to-date: /home/wang/hello/install/my_urdf/share/ament_index/resource_index/package_run_dependencies/my_urdf
[0.256s] -- Installing: /home/wang/hello/install/my_urdf/share/ament_index/resource_index/parent_prefix_path/my_urdf
[0.257s] -- Installing: /home/wang/hello/install/my_urdf/share/my_urdf/environment/ament_prefix_path.sh
[0.257s] -- Installing: /home/wang/hello/install/my_urdf/share/my_urdf/environment/ament_prefix_path.dsv
[0.257s] -- Installing: /home/wang/hello/install/my_urdf/share/my_urdf/environment/path.sh
[0.257s] -- Installing: /home/wang/hello/install/my_urdf/share/my_urdf/environment/path.dsv
[0.257s] -- Up-to-date: /home/wang/hello/install/my_urdf/share/my_urdf/local_setup.bash
[0.257s] -- Up-to-date: /home/wang/hello/install/my_urdf/share/my_urdf/local_setup.sh
[0.257s] -- Up-to-date: /home/wang/hello/install/my_urdf/share/my_urdf/local_setup.zsh
[0.258s] -- Installing: /home/wang/hello/install/my_urdf/share/my_urdf/local_setup.dsv
[0.258s] -- Installing: /home/wang/hello/install/my_urdf/share/my_urdf/package.dsv
[0.258s] -- Up-to-date: /home/wang/hello/install/my_urdf/share/ament_index/resource_index/packages/my_urdf
[0.258s] -- Up-to-date: /home/wang/hello/install/my_urdf/share/my_urdf/cmake/my_urdfConfig.cmake
[0.258s] -- Up-to-date: /home/wang/hello/install/my_urdf/share/my_urdf/cmake/my_urdfConfig-version.cmake
[0.258s] -- Up-to-date: /home/wang/hello/install/my_urdf/share/my_urdf/package.xml
[0.260s] Invoked command in '/home/wang/hello/build/my_urdf' returned '0': CMAKE_PREFIX_PATH=${CMAKE_PREFIX_PATH}:/opt/ros/humble /usr/bin/cmake --install /home/wang/hello/build/my_urdf
