[0.012s] Invoking command in '/home/wang/hello/build/service': CMAKE_PREFIX_PATH=/home/wang/hello/install/base_interfaces_demo:/home/wang/hello/install/topic:/opt/ros/humble /usr/bin/cmake /home/wang/hello/src/service -DCMAKE_INSTALL_PREFIX=/home/wang/hello/install/service
[0.063s] -- The C compiler identification is GNU 11.4.0
[0.114s] -- The CXX compiler identification is GNU 11.4.0
[0.120s] -- Detecting C compiler ABI info
[0.169s] -- Detecting C compiler ABI info - done
[0.175s] -- Check for working C compiler: /usr/bin/cc - skipped
[0.175s] -- Detecting C compile features
[0.176s] -- Detecting C compile features - done
[0.178s] -- Detecting CXX compiler ABI info
[0.252s] -- Detecting CXX compiler ABI info - done
[0.261s] -- Check for working CXX compiler: /usr/bin/c++ - skipped
[0.262s] -- Detecting CXX compile features
[0.262s] -- Detecting CXX compile features - done
[0.265s] -- Found ament_cmake: 1.3.9 (/opt/ros/humble/share/ament_cmake/cmake)
[0.369s] -- Found Python3: /usr/bin/python3 (found version "3.10.12") found components: Interpreter 
[0.424s] -- Found rclcpp: 16.0.9 (/opt/ros/humble/share/rclcpp/cmake)
[0.456s] -- Found rosidl_generator_c: 3.1.5 (/opt/ros/humble/share/rosidl_generator_c/cmake)
[0.459s] -- Found rosidl_adapter: 3.1.5 (/opt/ros/humble/share/rosidl_adapter/cmake)
[0.464s] -- Found rosidl_generator_cpp: 3.1.5 (/opt/ros/humble/share/rosidl_generator_cpp/cmake)
[0.473s] -- Using all available rosidl_typesupport_c: rosidl_typesupport_fastrtps_c;rosidl_typesupport_introspection_c
[0.485s] -- Using all available rosidl_typesupport_cpp: rosidl_typesupport_fastrtps_cpp;rosidl_typesupport_introspection_cpp
[0.536s] -- Found rmw_implementation_cmake: 6.1.2 (/opt/ros/humble/share/rmw_implementation_cmake/cmake)
[0.537s] -- Found rmw_fastrtps_cpp: 6.2.6 (/opt/ros/humble/share/rmw_fastrtps_cpp/cmake)
[0.602s] -- Found OpenSSL: /usr/lib/x86_64-linux-gnu/libcrypto.so (found version "3.0.2")  
[0.621s] -- Found FastRTPS: /opt/ros/humble/include  
[0.651s] -- Using RMW implementation 'rmw_fastrtps_cpp' as default
[0.658s] -- Looking for pthread.h
[0.706s] -- Looking for pthread.h - found
[0.706s] -- Performing Test CMAKE_HAVE_LIBC_PTHREAD
[0.773s] -- Performing Test CMAKE_HAVE_LIBC_PTHREAD - Success
[0.774s] -- Found Threads: TRUE  
[0.892s] -- Found base_interfaces_demo: 0.0.0 (/home/wang/hello/install/base_interfaces_demo/share/base_interfaces_demo/cmake)
[0.907s] -- Found ament_lint_auto: 0.12.11 (/opt/ros/humble/share/ament_lint_auto/cmake)
[0.963s] -- Added test 'cppcheck' to perform static code analysis on C / C++ code
[0.963s] -- Configured cppcheck include dirs: $<BUILD_INTERFACE:/home/wang/hello/src/service/include>
[0.963s] -- Configured cppcheck exclude dirs and/or files: 
[0.964s] -- Added test 'lint_cmake' to check CMake code style
[0.965s] -- Added test 'uncrustify' to check C / C++ code style
[0.965s] -- Configured uncrustify additional arguments: 
[0.965s] -- Added test 'xmllint' to check XML markup files
[0.966s] -- Configuring done
[0.973s] -- Generating done
[0.974s] -- Build files have been written to: /home/wang/hello/build/service
[0.979s] Invoked command in '/home/wang/hello/build/service' returned '0': CMAKE_PREFIX_PATH=/home/wang/hello/install/base_interfaces_demo:/home/wang/hello/install/topic:/opt/ros/humble /usr/bin/cmake /home/wang/hello/src/service -DCMAKE_INSTALL_PREFIX=/home/wang/hello/install/service
[0.980s] Invoking command in '/home/wang/hello/build/service': CMAKE_PREFIX_PATH=/home/wang/hello/install/base_interfaces_demo:/home/wang/hello/install/topic:/opt/ros/humble /usr/bin/cmake --build /home/wang/hello/build/service -- -j16 -l16
[1.013s] [ 50%] [32mBuilding CXX object CMakeFiles/demo02_client.dir/src/demo02_client.cpp.o[0m
[1.013s] [ 50%] [32mBuilding CXX object CMakeFiles/demo01_pub.dir/src/demo01_pub.cpp.o[0m
[3.144s] [ 75%] [32m[1mLinking CXX executable demo01_pub[0m
[3.222s] [100%] [32m[1mLinking CXX executable demo02_client[0m
[3.243s] [100%] Built target demo01_pub
[3.315s] [100%] Built target demo02_client
[3.322s] Invoked command in '/home/wang/hello/build/service' returned '0': CMAKE_PREFIX_PATH=/home/wang/hello/install/base_interfaces_demo:/home/wang/hello/install/topic:/opt/ros/humble /usr/bin/cmake --build /home/wang/hello/build/service -- -j16 -l16
[3.366s] Invoking command in '/home/wang/hello/build/service': CMAKE_PREFIX_PATH=/home/wang/hello/install/base_interfaces_demo:/home/wang/hello/install/topic:/opt/ros/humble /usr/bin/cmake --install /home/wang/hello/build/service
[3.374s] -- Install configuration: ""
[3.374s] -- Installing: /home/wang/hello/install/service/lib/service/demo01_pub
[3.375s] -- Set runtime path of "/home/wang/hello/install/service/lib/service/demo01_pub" to ""
[3.375s] -- Installing: /home/wang/hello/install/service/lib/service/demo02_client
[3.376s] -- Set runtime path of "/home/wang/hello/install/service/lib/service/demo02_client" to ""
[3.377s] -- Installing: /home/wang/hello/install/service/share/ament_index/resource_index/package_run_dependencies/service
[3.377s] -- Installing: /home/wang/hello/install/service/share/ament_index/resource_index/parent_prefix_path/service
[3.377s] -- Installing: /home/wang/hello/install/service/share/service/environment/ament_prefix_path.sh
[3.377s] -- Installing: /home/wang/hello/install/service/share/service/environment/ament_prefix_path.dsv
[3.377s] -- Installing: /home/wang/hello/install/service/share/service/environment/path.sh
[3.378s] -- Installing: /home/wang/hello/install/service/share/service/environment/path.dsv
[3.378s] -- Installing: /home/wang/hello/install/service/share/service/local_setup.bash
[3.378s] -- Installing: /home/wang/hello/install/service/share/service/local_setup.sh
[3.378s] -- Installing: /home/wang/hello/install/service/share/service/local_setup.zsh
[3.378s] -- Installing: /home/wang/hello/install/service/share/service/local_setup.dsv
[3.379s] -- Installing: /home/wang/hello/install/service/share/service/package.dsv
[3.379s] -- Installing: /home/wang/hello/install/service/share/ament_index/resource_index/packages/service
[3.379s] -- Installing: /home/wang/hello/install/service/share/service/cmake/serviceConfig.cmake
[3.379s] -- Installing: /home/wang/hello/install/service/share/service/cmake/serviceConfig-version.cmake
[3.380s] -- Installing: /home/wang/hello/install/service/share/service/package.xml
[3.381s] Invoked command in '/home/wang/hello/build/service' returned '0': CMAKE_PREFIX_PATH=/home/wang/hello/install/base_interfaces_demo:/home/wang/hello/install/topic:/opt/ros/humble /usr/bin/cmake --install /home/wang/hello/build/service
