[0.011s] Invoking command in '/home/wang/hello/build/base_interfaces_demo': CMAKE_PREFIX_PATH=${CMAKE_PREFIX_PATH}:/opt/ros/humble /usr/bin/cmake --build /home/wang/hello/build/base_interfaces_demo -- -j16 -l16
[0.039s] -- Found ament_cmake: 1.3.9 (/opt/ros/humble/share/ament_cmake/cmake)
[0.129s] -- Found rosidl_default_generators: 1.2.0 (/opt/ros/humble/share/rosidl_default_generators/cmake)
[0.130s] -- Using all available rosidl_typesupport_c: rosidl_typesupport_fastrtps_c;rosidl_typesupport_introspection_c
[0.133s] -- Found rosidl_adapter: 3.1.5 (/opt/ros/humble/share/rosidl_adapter/cmake)
[0.159s] -- Using all available rosidl_typesupport_cpp: rosidl_typesupport_fastrtps_cpp;rosidl_typesupport_introspection_cpp
[0.346s] -- Found ament_cmake_ros: 0.10.0 (/opt/ros/humble/share/ament_cmake_ros/cmake)
[0.477s] -- Using all available rosidl_typesupport_c: rosidl_typesupport_fastrtps_c;rosidl_typesupport_introspection_c
[0.650s] -- Using all available rosidl_typesupport_cpp: rosidl_typesupport_fastrtps_cpp;rosidl_typesupport_introspection_cpp
[0.665s] -- Found python_cmake_module: 0.10.0 (/opt/ros/humble/share/python_cmake_module/cmake)
[0.680s] -- Using PYTHON_EXECUTABLE: /usr/bin/python3
[0.680s] -- Using PYTHON_INCLUDE_DIRS: /usr/include/python3.10
[0.680s] -- Using PYTHON_LIBRARIES: /usr/lib/x86_64-linux-gnu/libpython3.10.so
[0.688s] -- Found ament_lint_auto: 0.12.11 (/opt/ros/humble/share/ament_lint_auto/cmake)
[0.696s] -- Configuring done
[0.724s] -- Generating done
[0.725s] -- Build files have been written to: /home/wang/hello/build/base_interfaces_demo
[0.740s] [  2%] [34m[1mGenerating C code for ROS interfaces[0m
[0.746s] [  5%] [34m[1mGenerating C++ code for ROS interfaces[0m
[0.751s] [  5%] Built target ament_cmake_python_copy_base_interfaces_demo
[0.886s] running egg_info
[0.886s] writing base_interfaces_demo.egg-info/PKG-INFO
[0.886s] writing dependency_links to base_interfaces_demo.egg-info/dependency_links.txt
[0.887s] writing top-level names to base_interfaces_demo.egg-info/top_level.txt
[0.888s] reading manifest file 'base_interfaces_demo.egg-info/SOURCES.txt'
[0.889s] writing manifest file 'base_interfaces_demo.egg-info/SOURCES.txt'
[0.904s] [  5%] Built target ament_cmake_python_build_base_interfaces_demo_egg
[0.936s] [  5%] Built target base_interfaces_demo__cpp
[0.942s] [  7%] [34m[1mGenerating C++ type support for eProsima Fast-RTPS[0m
[0.942s] [ 10%] [34m[1mGenerating C++ introspection for ROS interfaces[0m
[0.945s] [ 12%] [34m[1mGenerating C++ type support dispatch for ROS interfaces[0m
[0.948s] [35m[1mConsolidate compiler generated dependencies of target base_interfaces_demo__rosidl_generator_c[0m
[0.955s] [ 15%] [32mBuilding C object CMakeFiles/base_interfaces_demo__rosidl_generator_c.dir/rosidl_generator_c/base_interfaces_demo/msg/detail/student__functions.c.o[0m
[0.958s] [ 17%] [32mBuilding C object CMakeFiles/base_interfaces_demo__rosidl_generator_c.dir/rosidl_generator_c/base_interfaces_demo/srv/detail/addint__functions.c.o[0m
[1.022s] [ 20%] [32m[1mLinking C shared library libbase_interfaces_demo__rosidl_generator_c.so[0m
[1.061s] [ 20%] Built target base_interfaces_demo__rosidl_generator_c
[1.067s] [ 25%] [34m[1mGenerating C type support for eProsima Fast-RTPS[0m
[1.067s] [ 25%] [34m[1mGenerating C type support dispatch for ROS interfaces[0m
[1.072s] [ 28%] [34m[1mGenerating C introspection for ROS interfaces[0m
[1.129s] [35m[1mConsolidate compiler generated dependencies of target base_interfaces_demo__rosidl_typesupport_fastrtps_cpp[0m
[1.136s] [35m[1mConsolidate compiler generated dependencies of target base_interfaces_demo__rosidl_typesupport_cpp[0m
[1.137s] [ 30%] [32mBuilding CXX object CMakeFiles/base_interfaces_demo__rosidl_typesupport_fastrtps_cpp.dir/rosidl_typesupport_fastrtps_cpp/base_interfaces_demo/msg/detail/dds_fastrtps/student__type_support.cpp.o[0m
[1.141s] [ 33%] [32mBuilding CXX object CMakeFiles/base_interfaces_demo__rosidl_typesupport_fastrtps_cpp.dir/rosidl_typesupport_fastrtps_cpp/base_interfaces_demo/srv/detail/dds_fastrtps/addint__type_support.cpp.o[0m
[1.149s] [ 38%] [32mBuilding CXX object CMakeFiles/base_interfaces_demo__rosidl_typesupport_cpp.dir/rosidl_typesupport_cpp/base_interfaces_demo/srv/addint__type_support.cpp.o[0m
[1.149s] [ 38%] [32mBuilding CXX object CMakeFiles/base_interfaces_demo__rosidl_typesupport_cpp.dir/rosidl_typesupport_cpp/base_interfaces_demo/msg/student__type_support.cpp.o[0m
[1.167s] [35m[1mConsolidate compiler generated dependencies of target base_interfaces_demo__rosidl_typesupport_introspection_cpp[0m
[1.179s] [ 41%] [32mBuilding CXX object CMakeFiles/base_interfaces_demo__rosidl_typesupport_introspection_cpp.dir/rosidl_typesupport_introspection_cpp/base_interfaces_demo/srv/detail/addint__type_support.cpp.o[0m
[1.180s] [ 43%] [32mBuilding CXX object CMakeFiles/base_interfaces_demo__rosidl_typesupport_introspection_cpp.dir/rosidl_typesupport_introspection_cpp/base_interfaces_demo/msg/detail/student__type_support.cpp.o[0m
[1.239s] [35m[1mConsolidate compiler generated dependencies of target base_interfaces_demo__rosidl_typesupport_c[0m
[1.246s] [ 48%] [32mBuilding CXX object CMakeFiles/base_interfaces_demo__rosidl_typesupport_c.dir/rosidl_typesupport_c/base_interfaces_demo/srv/addint__type_support.cpp.o[0m
[1.246s] [ 48%] [32mBuilding CXX object CMakeFiles/base_interfaces_demo__rosidl_typesupport_c.dir/rosidl_typesupport_c/base_interfaces_demo/msg/student__type_support.cpp.o[0m
[1.248s] [35m[1mConsolidate compiler generated dependencies of target base_interfaces_demo__rosidl_typesupport_introspection_c[0m
[1.258s] [ 51%] [32mBuilding C object CMakeFiles/base_interfaces_demo__rosidl_typesupport_introspection_c.dir/rosidl_typesupport_introspection_c/base_interfaces_demo/msg/detail/student__type_support.c.o[0m
[1.260s] [ 53%] [32mBuilding C object CMakeFiles/base_interfaces_demo__rosidl_typesupport_introspection_c.dir/rosidl_typesupport_introspection_c/base_interfaces_demo/srv/detail/addint__type_support.c.o[0m
[1.263s] [35m[1mConsolidate compiler generated dependencies of target base_interfaces_demo__rosidl_typesupport_fastrtps_c[0m
[1.271s] [ 56%] [32m[1mLinking CXX shared library libbase_interfaces_demo__rosidl_typesupport_c.so[0m
[1.272s] [ 58%] [32mBuilding CXX object CMakeFiles/base_interfaces_demo__rosidl_typesupport_fastrtps_c.dir/rosidl_typesupport_fastrtps_c/base_interfaces_demo/msg/detail/student__type_support_c.cpp.o[0m
[1.276s] [ 61%] [32mBuilding CXX object CMakeFiles/base_interfaces_demo__rosidl_typesupport_fastrtps_c.dir/rosidl_typesupport_fastrtps_c/base_interfaces_demo/srv/detail/addint__type_support_c.cpp.o[0m
[1.296s] [ 64%] [32m[1mLinking C shared library libbase_interfaces_demo__rosidl_typesupport_introspection_c.so[0m
[1.297s] [ 64%] Built target base_interfaces_demo__rosidl_typesupport_c
[1.319s] [ 64%] Built target base_interfaces_demo__rosidl_typesupport_introspection_c
[1.458s] [ 66%] [32m[1mLinking CXX shared library libbase_interfaces_demo__rosidl_typesupport_introspection_cpp.so[0m
[1.478s] [ 69%] [32m[1mLinking CXX shared library libbase_interfaces_demo__rosidl_typesupport_cpp.so[0m
[1.480s] [ 71%] [32m[1mLinking CXX shared library libbase_interfaces_demo__rosidl_typesupport_fastrtps_c.so[0m
[1.499s] [ 71%] Built target base_interfaces_demo__rosidl_typesupport_introspection_cpp
[1.510s] [ 71%] Built target base_interfaces_demo__rosidl_typesupport_cpp
[1.534s] [ 71%] Built target base_interfaces_demo__rosidl_typesupport_fastrtps_c
[1.571s] [ 74%] [32m[1mLinking CXX shared library libbase_interfaces_demo__rosidl_typesupport_fastrtps_cpp.so[0m
[1.616s] [ 74%] Built target base_interfaces_demo__rosidl_typesupport_fastrtps_cpp
[1.630s] [ 74%] Built target base_interfaces_demo
[1.643s] [ 76%] [34m[1mGenerating Python code for ROS interfaces[0m
[1.898s] [ 76%] Built target base_interfaces_demo__py
[1.905s] [35m[1mConsolidate compiler generated dependencies of target base_interfaces_demo__rosidl_generator_py[0m
[1.913s] [ 82%] [32mBuilding C object CMakeFiles/base_interfaces_demo__rosidl_generator_py.dir/rosidl_generator_py/base_interfaces_demo/msg/_student_s.c.o[0m
[1.913s] [ 82%] [32mBuilding C object CMakeFiles/base_interfaces_demo__rosidl_generator_py.dir/rosidl_generator_py/base_interfaces_demo/srv/_addint_s.c.o[0m
[1.987s] [ 84%] [32m[1mLinking C shared library rosidl_generator_py/base_interfaces_demo/libbase_interfaces_demo__rosidl_generator_py.so[0m
[2.012s] [ 84%] Built target base_interfaces_demo__rosidl_generator_py
[2.019s] [35m[1mConsolidate compiler generated dependencies of target base_interfaces_demo__rosidl_typesupport_introspection_c__pyext[0m
[2.019s] [35m[1mConsolidate compiler generated dependencies of target base_interfaces_demo__rosidl_typesupport_fastrtps_c__pyext[0m
[2.020s] [35m[1mConsolidate compiler generated dependencies of target base_interfaces_demo__rosidl_typesupport_c__pyext[0m
[2.027s] [ 92%] [32mBuilding C object CMakeFiles/base_interfaces_demo__rosidl_typesupport_fastrtps_c__pyext.dir/rosidl_generator_py/base_interfaces_demo/_base_interfaces_demo_s.ep.rosidl_typesupport_fastrtps_c.c.o[0m
[2.027s] [ 92%] [32mBuilding C object CMakeFiles/base_interfaces_demo__rosidl_typesupport_introspection_c__pyext.dir/rosidl_generator_py/base_interfaces_demo/_base_interfaces_demo_s.ep.rosidl_typesupport_introspection_c.c.o[0m
[2.027s] [ 92%] [32mBuilding C object CMakeFiles/base_interfaces_demo__rosidl_typesupport_c__pyext.dir/rosidl_generator_py/base_interfaces_demo/_base_interfaces_demo_s.ep.rosidl_typesupport_c.c.o[0m
[2.084s] [ 97%] [32m[1mLinking C shared library rosidl_generator_py/base_interfaces_demo/base_interfaces_demo_s__rosidl_typesupport_introspection_c.cpython-310-x86_64-linux-gnu.so[0m
[2.085s] [ 97%] [32m[1mLinking C shared library rosidl_generator_py/base_interfaces_demo/base_interfaces_demo_s__rosidl_typesupport_c.cpython-310-x86_64-linux-gnu.so[0m
[2.085s] [100%] [32m[1mLinking C shared library rosidl_generator_py/base_interfaces_demo/base_interfaces_demo_s__rosidl_typesupport_fastrtps_c.cpython-310-x86_64-linux-gnu.so[0m
[2.104s] [100%] Built target base_interfaces_demo__rosidl_typesupport_introspection_c__pyext
[2.104s] [100%] Built target base_interfaces_demo__rosidl_typesupport_c__pyext
[2.104s] [100%] Built target base_interfaces_demo__rosidl_typesupport_fastrtps_c__pyext
[2.111s] Invoked command in '/home/wang/hello/build/base_interfaces_demo' returned '0': CMAKE_PREFIX_PATH=${CMAKE_PREFIX_PATH}:/opt/ros/humble /usr/bin/cmake --build /home/wang/hello/build/base_interfaces_demo -- -j16 -l16
[2.159s] Invoking command in '/home/wang/hello/build/base_interfaces_demo': CMAKE_PREFIX_PATH=${CMAKE_PREFIX_PATH}:/opt/ros/humble /usr/bin/cmake --install /home/wang/hello/build/base_interfaces_demo
[2.164s] -- Install configuration: ""
[2.164s] -- Installing: /home/wang/hello/install/base_interfaces_demo/share/ament_index/resource_index/rosidl_interfaces/base_interfaces_demo
[2.164s] -- Up-to-date: /home/wang/hello/install/base_interfaces_demo/include/base_interfaces_demo/base_interfaces_demo
[2.164s] -- Up-to-date: /home/wang/hello/install/base_interfaces_demo/include/base_interfaces_demo/base_interfaces_demo/msg
[2.164s] -- Installing: /home/wang/hello/install/base_interfaces_demo/include/base_interfaces_demo/base_interfaces_demo/msg/student.h
[2.164s] -- Up-to-date: /home/wang/hello/install/base_interfaces_demo/include/base_interfaces_demo/base_interfaces_demo/msg/detail
[2.164s] -- Installing: /home/wang/hello/install/base_interfaces_demo/include/base_interfaces_demo/base_interfaces_demo/msg/detail/student__functions.h
[2.164s] -- Installing: /home/wang/hello/install/base_interfaces_demo/include/base_interfaces_demo/base_interfaces_demo/msg/detail/student__type_support.h
[2.164s] -- Installing: /home/wang/hello/install/base_interfaces_demo/include/base_interfaces_demo/base_interfaces_demo/msg/detail/student__functions.c
[2.164s] -- Installing: /home/wang/hello/install/base_interfaces_demo/include/base_interfaces_demo/base_interfaces_demo/msg/detail/student__struct.h
[2.165s] -- Up-to-date: /home/wang/hello/install/base_interfaces_demo/include/base_interfaces_demo/base_interfaces_demo/msg/rosidl_generator_c__visibility_control.h
[2.165s] -- Installing: /home/wang/hello/install/base_interfaces_demo/include/base_interfaces_demo/base_interfaces_demo/srv
[2.165s] -- Installing: /home/wang/hello/install/base_interfaces_demo/include/base_interfaces_demo/base_interfaces_demo/srv/detail
[2.165s] -- Installing: /home/wang/hello/install/base_interfaces_demo/include/base_interfaces_demo/base_interfaces_demo/srv/detail/addint__functions.h
[2.165s] -- Installing: /home/wang/hello/install/base_interfaces_demo/include/base_interfaces_demo/base_interfaces_demo/srv/detail/addint__functions.c
[2.165s] -- Installing: /home/wang/hello/install/base_interfaces_demo/include/base_interfaces_demo/base_interfaces_demo/srv/detail/addint__type_support.h
[2.165s] -- Installing: /home/wang/hello/install/base_interfaces_demo/include/base_interfaces_demo/base_interfaces_demo/srv/detail/addint__struct.h
[2.165s] -- Installing: /home/wang/hello/install/base_interfaces_demo/include/base_interfaces_demo/base_interfaces_demo/srv/addint.h
[2.165s] -- Up-to-date: /home/wang/hello/install/base_interfaces_demo/share/base_interfaces_demo/environment/library_path.sh
[2.165s] -- Installing: /home/wang/hello/install/base_interfaces_demo/share/base_interfaces_demo/environment/library_path.dsv
[2.165s] -- Installing: /home/wang/hello/install/base_interfaces_demo/lib/libbase_interfaces_demo__rosidl_generator_c.so
[2.165s] -- Set runtime path of "/home/wang/hello/install/base_interfaces_demo/lib/libbase_interfaces_demo__rosidl_generator_c.so" to ""
[2.165s] -- Up-to-date: /home/wang/hello/install/base_interfaces_demo/include/base_interfaces_demo/base_interfaces_demo
[2.165s] -- Up-to-date: /home/wang/hello/install/base_interfaces_demo/include/base_interfaces_demo/base_interfaces_demo/msg
[2.165s] -- Up-to-date: /home/wang/hello/install/base_interfaces_demo/include/base_interfaces_demo/base_interfaces_demo/msg/rosidl_typesupport_fastrtps_c__visibility_control.h
[2.165s] -- Up-to-date: /home/wang/hello/install/base_interfaces_demo/include/base_interfaces_demo/base_interfaces_demo/msg/detail
[2.165s] -- Installing: /home/wang/hello/install/base_interfaces_demo/include/base_interfaces_demo/base_interfaces_demo/msg/detail/student__rosidl_typesupport_fastrtps_c.h
[2.165s] -- Up-to-date: /home/wang/hello/install/base_interfaces_demo/include/base_interfaces_demo/base_interfaces_demo/srv
[2.165s] -- Up-to-date: /home/wang/hello/install/base_interfaces_demo/include/base_interfaces_demo/base_interfaces_demo/srv/detail
[2.166s] -- Installing: /home/wang/hello/install/base_interfaces_demo/include/base_interfaces_demo/base_interfaces_demo/srv/detail/addint__rosidl_typesupport_fastrtps_c.h
[2.166s] -- Installing: /home/wang/hello/install/base_interfaces_demo/lib/libbase_interfaces_demo__rosidl_typesupport_fastrtps_c.so
[2.166s] -- Set runtime path of "/home/wang/hello/install/base_interfaces_demo/lib/libbase_interfaces_demo__rosidl_typesupport_fastrtps_c.so" to ""
[2.166s] -- Up-to-date: /home/wang/hello/install/base_interfaces_demo/include/base_interfaces_demo/base_interfaces_demo
[2.166s] -- Up-to-date: /home/wang/hello/install/base_interfaces_demo/include/base_interfaces_demo/base_interfaces_demo/msg
[2.166s] -- Up-to-date: /home/wang/hello/install/base_interfaces_demo/include/base_interfaces_demo/base_interfaces_demo/msg/detail
[2.166s] -- Installing: /home/wang/hello/install/base_interfaces_demo/include/base_interfaces_demo/base_interfaces_demo/msg/detail/student__type_support.c
[2.166s] -- Installing: /home/wang/hello/install/base_interfaces_demo/include/base_interfaces_demo/base_interfaces_demo/msg/detail/student__rosidl_typesupport_introspection_c.h
[2.166s] -- Up-to-date: /home/wang/hello/install/base_interfaces_demo/include/base_interfaces_demo/base_interfaces_demo/msg/rosidl_typesupport_introspection_c__visibility_control.h
[2.166s] -- Up-to-date: /home/wang/hello/install/base_interfaces_demo/include/base_interfaces_demo/base_interfaces_demo/srv
[2.166s] -- Up-to-date: /home/wang/hello/install/base_interfaces_demo/include/base_interfaces_demo/base_interfaces_demo/srv/detail
[2.166s] -- Installing: /home/wang/hello/install/base_interfaces_demo/include/base_interfaces_demo/base_interfaces_demo/srv/detail/addint__rosidl_typesupport_introspection_c.h
[2.166s] -- Installing: /home/wang/hello/install/base_interfaces_demo/include/base_interfaces_demo/base_interfaces_demo/srv/detail/addint__type_support.c
[2.166s] -- Installing: /home/wang/hello/install/base_interfaces_demo/lib/libbase_interfaces_demo__rosidl_typesupport_introspection_c.so
[2.167s] -- Set runtime path of "/home/wang/hello/install/base_interfaces_demo/lib/libbase_interfaces_demo__rosidl_typesupport_introspection_c.so" to ""
[2.167s] -- Installing: /home/wang/hello/install/base_interfaces_demo/lib/libbase_interfaces_demo__rosidl_typesupport_c.so
[2.167s] -- Set runtime path of "/home/wang/hello/install/base_interfaces_demo/lib/libbase_interfaces_demo__rosidl_typesupport_c.so" to ""
[2.167s] -- Up-to-date: /home/wang/hello/install/base_interfaces_demo/include/base_interfaces_demo/base_interfaces_demo
[2.167s] -- Up-to-date: /home/wang/hello/install/base_interfaces_demo/include/base_interfaces_demo/base_interfaces_demo/msg
[2.167s] -- Up-to-date: /home/wang/hello/install/base_interfaces_demo/include/base_interfaces_demo/base_interfaces_demo/msg/detail
[2.167s] -- Installing: /home/wang/hello/install/base_interfaces_demo/include/base_interfaces_demo/base_interfaces_demo/msg/detail/student__builder.hpp
[2.167s] -- Installing: /home/wang/hello/install/base_interfaces_demo/include/base_interfaces_demo/base_interfaces_demo/msg/detail/student__struct.hpp
[2.167s] -- Installing: /home/wang/hello/install/base_interfaces_demo/include/base_interfaces_demo/base_interfaces_demo/msg/detail/student__traits.hpp
[2.167s] -- Installing: /home/wang/hello/install/base_interfaces_demo/include/base_interfaces_demo/base_interfaces_demo/msg/student.hpp
[2.167s] -- Up-to-date: /home/wang/hello/install/base_interfaces_demo/include/base_interfaces_demo/base_interfaces_demo/srv
[2.167s] -- Installing: /home/wang/hello/install/base_interfaces_demo/include/base_interfaces_demo/base_interfaces_demo/srv/addint.hpp
[2.167s] -- Up-to-date: /home/wang/hello/install/base_interfaces_demo/include/base_interfaces_demo/base_interfaces_demo/srv/detail
[2.167s] -- Installing: /home/wang/hello/install/base_interfaces_demo/include/base_interfaces_demo/base_interfaces_demo/srv/detail/addint__builder.hpp
[2.167s] -- Installing: /home/wang/hello/install/base_interfaces_demo/include/base_interfaces_demo/base_interfaces_demo/srv/detail/addint__struct.hpp
[2.168s] -- Installing: /home/wang/hello/install/base_interfaces_demo/include/base_interfaces_demo/base_interfaces_demo/srv/detail/addint__traits.hpp
[2.168s] -- Up-to-date: /home/wang/hello/install/base_interfaces_demo/include/base_interfaces_demo/base_interfaces_demo
[2.168s] -- Up-to-date: /home/wang/hello/install/base_interfaces_demo/include/base_interfaces_demo/base_interfaces_demo/msg
[2.168s] -- Up-to-date: /home/wang/hello/install/base_interfaces_demo/include/base_interfaces_demo/base_interfaces_demo/msg/rosidl_typesupport_fastrtps_cpp__visibility_control.h
[2.168s] -- Up-to-date: /home/wang/hello/install/base_interfaces_demo/include/base_interfaces_demo/base_interfaces_demo/msg/detail
[2.168s] -- Up-to-date: /home/wang/hello/install/base_interfaces_demo/include/base_interfaces_demo/base_interfaces_demo/msg/detail/dds_fastrtps
[2.168s] -- Installing: /home/wang/hello/install/base_interfaces_demo/include/base_interfaces_demo/base_interfaces_demo/msg/detail/student__rosidl_typesupport_fastrtps_cpp.hpp
[2.168s] -- Up-to-date: /home/wang/hello/install/base_interfaces_demo/include/base_interfaces_demo/base_interfaces_demo/srv
[2.168s] -- Up-to-date: /home/wang/hello/install/base_interfaces_demo/include/base_interfaces_demo/base_interfaces_demo/srv/detail
[2.168s] -- Installing: /home/wang/hello/install/base_interfaces_demo/include/base_interfaces_demo/base_interfaces_demo/srv/detail/addint__rosidl_typesupport_fastrtps_cpp.hpp
[2.168s] -- Installing: /home/wang/hello/install/base_interfaces_demo/include/base_interfaces_demo/base_interfaces_demo/srv/detail/dds_fastrtps
[2.168s] -- Installing: /home/wang/hello/install/base_interfaces_demo/lib/libbase_interfaces_demo__rosidl_typesupport_fastrtps_cpp.so
[2.168s] -- Set runtime path of "/home/wang/hello/install/base_interfaces_demo/lib/libbase_interfaces_demo__rosidl_typesupport_fastrtps_cpp.so" to ""
[2.168s] -- Up-to-date: /home/wang/hello/install/base_interfaces_demo/include/base_interfaces_demo/base_interfaces_demo
[2.168s] -- Up-to-date: /home/wang/hello/install/base_interfaces_demo/include/base_interfaces_demo/base_interfaces_demo/msg
[2.168s] -- Up-to-date: /home/wang/hello/install/base_interfaces_demo/include/base_interfaces_demo/base_interfaces_demo/msg/detail
[2.168s] -- Installing: /home/wang/hello/install/base_interfaces_demo/include/base_interfaces_demo/base_interfaces_demo/msg/detail/student__rosidl_typesupport_introspection_cpp.hpp
[2.168s] -- Installing: /home/wang/hello/install/base_interfaces_demo/include/base_interfaces_demo/base_interfaces_demo/msg/detail/student__type_support.cpp
[2.168s] -- Up-to-date: /home/wang/hello/install/base_interfaces_demo/include/base_interfaces_demo/base_interfaces_demo/srv
[2.168s] -- Up-to-date: /home/wang/hello/install/base_interfaces_demo/include/base_interfaces_demo/base_interfaces_demo/srv/detail
[2.168s] -- Installing: /home/wang/hello/install/base_interfaces_demo/include/base_interfaces_demo/base_interfaces_demo/srv/detail/addint__type_support.cpp
[2.168s] -- Installing: /home/wang/hello/install/base_interfaces_demo/include/base_interfaces_demo/base_interfaces_demo/srv/detail/addint__rosidl_typesupport_introspection_cpp.hpp
[2.169s] -- Installing: /home/wang/hello/install/base_interfaces_demo/lib/libbase_interfaces_demo__rosidl_typesupport_introspection_cpp.so
[2.169s] -- Set runtime path of "/home/wang/hello/install/base_interfaces_demo/lib/libbase_interfaces_demo__rosidl_typesupport_introspection_cpp.so" to ""
[2.169s] -- Installing: /home/wang/hello/install/base_interfaces_demo/lib/libbase_interfaces_demo__rosidl_typesupport_cpp.so
[2.169s] -- Set runtime path of "/home/wang/hello/install/base_interfaces_demo/lib/libbase_interfaces_demo__rosidl_typesupport_cpp.so" to ""
[2.169s] -- Up-to-date: /home/wang/hello/install/base_interfaces_demo/share/base_interfaces_demo/environment/pythonpath.sh
[2.169s] -- Installing: /home/wang/hello/install/base_interfaces_demo/share/base_interfaces_demo/environment/pythonpath.dsv
[2.169s] -- Up-to-date: /home/wang/hello/install/base_interfaces_demo/local/lib/python3.10/dist-packages/base_interfaces_demo-0.0.0-py3.10.egg-info
[2.169s] -- Installing: /home/wang/hello/install/base_interfaces_demo/local/lib/python3.10/dist-packages/base_interfaces_demo-0.0.0-py3.10.egg-info/dependency_links.txt
[2.169s] -- Installing: /home/wang/hello/install/base_interfaces_demo/local/lib/python3.10/dist-packages/base_interfaces_demo-0.0.0-py3.10.egg-info/PKG-INFO
[2.169s] -- Installing: /home/wang/hello/install/base_interfaces_demo/local/lib/python3.10/dist-packages/base_interfaces_demo-0.0.0-py3.10.egg-info/SOURCES.txt
[2.170s] -- Installing: /home/wang/hello/install/base_interfaces_demo/local/lib/python3.10/dist-packages/base_interfaces_demo-0.0.0-py3.10.egg-info/top_level.txt
[2.170s] -- Up-to-date: /home/wang/hello/install/base_interfaces_demo/local/lib/python3.10/dist-packages/base_interfaces_demo
[2.170s] -- Up-to-date: /home/wang/hello/install/base_interfaces_demo/local/lib/python3.10/dist-packages/base_interfaces_demo/msg
[2.170s] -- Installing: /home/wang/hello/install/base_interfaces_demo/local/lib/python3.10/dist-packages/base_interfaces_demo/msg/_student.py
[2.170s] -- Installing: /home/wang/hello/install/base_interfaces_demo/local/lib/python3.10/dist-packages/base_interfaces_demo/msg/_student_s.c
[2.170s] -- Installing: /home/wang/hello/install/base_interfaces_demo/local/lib/python3.10/dist-packages/base_interfaces_demo/msg/__init__.py
[2.170s] -- Installing: /home/wang/hello/install/base_interfaces_demo/local/lib/python3.10/dist-packages/base_interfaces_demo/_base_interfaces_demo_s.ep.rosidl_typesupport_c.c
[2.170s] -- Installing: /home/wang/hello/install/base_interfaces_demo/local/lib/python3.10/dist-packages/base_interfaces_demo/_base_interfaces_demo_s.ep.rosidl_typesupport_fastrtps_c.c
[2.170s] -- Installing: /home/wang/hello/install/base_interfaces_demo/local/lib/python3.10/dist-packages/base_interfaces_demo/srv
[2.170s] -- Installing: /home/wang/hello/install/base_interfaces_demo/local/lib/python3.10/dist-packages/base_interfaces_demo/srv/__init__.py
[2.170s] -- Installing: /home/wang/hello/install/base_interfaces_demo/local/lib/python3.10/dist-packages/base_interfaces_demo/srv/_addint.py
[2.170s] -- Installing: /home/wang/hello/install/base_interfaces_demo/local/lib/python3.10/dist-packages/base_interfaces_demo/srv/_addint_s.c
[2.170s] -- Installing: /home/wang/hello/install/base_interfaces_demo/local/lib/python3.10/dist-packages/base_interfaces_demo/__init__.py
[2.170s] -- Installing: /home/wang/hello/install/base_interfaces_demo/local/lib/python3.10/dist-packages/base_interfaces_demo/base_interfaces_demo_s__rosidl_typesupport_introspection_c.cpython-310-x86_64-linux-gnu.so
[2.170s] -- Installing: /home/wang/hello/install/base_interfaces_demo/local/lib/python3.10/dist-packages/base_interfaces_demo/libbase_interfaces_demo__rosidl_generator_py.so
[2.170s] -- Installing: /home/wang/hello/install/base_interfaces_demo/local/lib/python3.10/dist-packages/base_interfaces_demo/base_interfaces_demo_s__rosidl_typesupport_fastrtps_c.cpython-310-x86_64-linux-gnu.so
[2.170s] -- Installing: /home/wang/hello/install/base_interfaces_demo/local/lib/python3.10/dist-packages/base_interfaces_demo/_base_interfaces_demo_s.ep.rosidl_typesupport_introspection_c.c
[2.170s] -- Installing: /home/wang/hello/install/base_interfaces_demo/local/lib/python3.10/dist-packages/base_interfaces_demo/base_interfaces_demo_s__rosidl_typesupport_c.cpython-310-x86_64-linux-gnu.so
[2.194s] Listing '/home/wang/hello/install/base_interfaces_demo/local/lib/python3.10/dist-packages/base_interfaces_demo'...
[2.194s] Compiling '/home/wang/hello/install/base_interfaces_demo/local/lib/python3.10/dist-packages/base_interfaces_demo/__init__.py'...
[2.195s] Listing '/home/wang/hello/install/base_interfaces_demo/local/lib/python3.10/dist-packages/base_interfaces_demo/msg'...
[2.195s] Compiling '/home/wang/hello/install/base_interfaces_demo/local/lib/python3.10/dist-packages/base_interfaces_demo/msg/__init__.py'...
[2.195s] Compiling '/home/wang/hello/install/base_interfaces_demo/local/lib/python3.10/dist-packages/base_interfaces_demo/msg/_student.py'...
[2.195s] Listing '/home/wang/hello/install/base_interfaces_demo/local/lib/python3.10/dist-packages/base_interfaces_demo/srv'...
[2.195s] Compiling '/home/wang/hello/install/base_interfaces_demo/local/lib/python3.10/dist-packages/base_interfaces_demo/srv/__init__.py'...
[2.195s] Compiling '/home/wang/hello/install/base_interfaces_demo/local/lib/python3.10/dist-packages/base_interfaces_demo/srv/_addint.py'...
[2.197s] -- Installing: /home/wang/hello/install/base_interfaces_demo/local/lib/python3.10/dist-packages/base_interfaces_demo/base_interfaces_demo_s__rosidl_typesupport_fastrtps_c.cpython-310-x86_64-linux-gnu.so
[2.197s] -- Set runtime path of "/home/wang/hello/install/base_interfaces_demo/local/lib/python3.10/dist-packages/base_interfaces_demo/base_interfaces_demo_s__rosidl_typesupport_fastrtps_c.cpython-310-x86_64-linux-gnu.so" to ""
[2.198s] -- Installing: /home/wang/hello/install/base_interfaces_demo/local/lib/python3.10/dist-packages/base_interfaces_demo/base_interfaces_demo_s__rosidl_typesupport_introspection_c.cpython-310-x86_64-linux-gnu.so
[2.198s] -- Set runtime path of "/home/wang/hello/install/base_interfaces_demo/local/lib/python3.10/dist-packages/base_interfaces_demo/base_interfaces_demo_s__rosidl_typesupport_introspection_c.cpython-310-x86_64-linux-gnu.so" to ""
[2.198s] -- Installing: /home/wang/hello/install/base_interfaces_demo/local/lib/python3.10/dist-packages/base_interfaces_demo/base_interfaces_demo_s__rosidl_typesupport_c.cpython-310-x86_64-linux-gnu.so
[2.198s] -- Set runtime path of "/home/wang/hello/install/base_interfaces_demo/local/lib/python3.10/dist-packages/base_interfaces_demo/base_interfaces_demo_s__rosidl_typesupport_c.cpython-310-x86_64-linux-gnu.so" to ""
[2.199s] -- Installing: /home/wang/hello/install/base_interfaces_demo/lib/libbase_interfaces_demo__rosidl_generator_py.so
[2.199s] -- Set runtime path of "/home/wang/hello/install/base_interfaces_demo/lib/libbase_interfaces_demo__rosidl_generator_py.so" to ""
[2.199s] -- Up-to-date: /home/wang/hello/install/base_interfaces_demo/share/base_interfaces_demo/msg/Student.idl
[2.199s] -- Installing: /home/wang/hello/install/base_interfaces_demo/share/base_interfaces_demo/srv/Addint.idl
[2.199s] -- Up-to-date: /home/wang/hello/install/base_interfaces_demo/share/base_interfaces_demo/msg/Student.msg
[2.199s] -- Installing: /home/wang/hello/install/base_interfaces_demo/share/base_interfaces_demo/srv/Addint.srv
[2.200s] -- Installing: /home/wang/hello/install/base_interfaces_demo/share/base_interfaces_demo/srv/Addint_Request.msg
[2.200s] -- Installing: /home/wang/hello/install/base_interfaces_demo/share/base_interfaces_demo/srv/Addint_Response.msg
[2.200s] -- Up-to-date: /home/wang/hello/install/base_interfaces_demo/share/ament_index/resource_index/package_run_dependencies/base_interfaces_demo
[2.200s] -- Up-to-date: /home/wang/hello/install/base_interfaces_demo/share/ament_index/resource_index/parent_prefix_path/base_interfaces_demo
[2.200s] -- Up-to-date: /home/wang/hello/install/base_interfaces_demo/share/base_interfaces_demo/environment/ament_prefix_path.sh
[2.200s] -- Installing: /home/wang/hello/install/base_interfaces_demo/share/base_interfaces_demo/environment/ament_prefix_path.dsv
[2.200s] -- Up-to-date: /home/wang/hello/install/base_interfaces_demo/share/base_interfaces_demo/environment/path.sh
[2.200s] -- Installing: /home/wang/hello/install/base_interfaces_demo/share/base_interfaces_demo/environment/path.dsv
[2.200s] -- Up-to-date: /home/wang/hello/install/base_interfaces_demo/share/base_interfaces_demo/local_setup.bash
[2.201s] -- Up-to-date: /home/wang/hello/install/base_interfaces_demo/share/base_interfaces_demo/local_setup.sh
[2.201s] -- Up-to-date: /home/wang/hello/install/base_interfaces_demo/share/base_interfaces_demo/local_setup.zsh
[2.201s] -- Installing: /home/wang/hello/install/base_interfaces_demo/share/base_interfaces_demo/local_setup.dsv
[2.201s] -- Installing: /home/wang/hello/install/base_interfaces_demo/share/base_interfaces_demo/package.dsv
[2.201s] -- Up-to-date: /home/wang/hello/install/base_interfaces_demo/share/ament_index/resource_index/packages/base_interfaces_demo
[2.201s] -- Up-to-date: /home/wang/hello/install/base_interfaces_demo/share/base_interfaces_demo/cmake/export_base_interfaces_demo__rosidl_generator_cExport.cmake
[2.201s] -- Up-to-date: /home/wang/hello/install/base_interfaces_demo/share/base_interfaces_demo/cmake/export_base_interfaces_demo__rosidl_generator_cExport-noconfig.cmake
[2.201s] -- Up-to-date: /home/wang/hello/install/base_interfaces_demo/share/base_interfaces_demo/cmake/export_base_interfaces_demo__rosidl_typesupport_fastrtps_cExport.cmake
[2.201s] -- Up-to-date: /home/wang/hello/install/base_interfaces_demo/share/base_interfaces_demo/cmake/export_base_interfaces_demo__rosidl_typesupport_fastrtps_cExport-noconfig.cmake
[2.201s] -- Up-to-date: /home/wang/hello/install/base_interfaces_demo/share/base_interfaces_demo/cmake/base_interfaces_demo__rosidl_typesupport_introspection_cExport.cmake
[2.202s] -- Up-to-date: /home/wang/hello/install/base_interfaces_demo/share/base_interfaces_demo/cmake/base_interfaces_demo__rosidl_typesupport_introspection_cExport-noconfig.cmake
[2.202s] -- Up-to-date: /home/wang/hello/install/base_interfaces_demo/share/base_interfaces_demo/cmake/base_interfaces_demo__rosidl_typesupport_cExport.cmake
[2.202s] -- Up-to-date: /home/wang/hello/install/base_interfaces_demo/share/base_interfaces_demo/cmake/base_interfaces_demo__rosidl_typesupport_cExport-noconfig.cmake
[2.202s] -- Up-to-date: /home/wang/hello/install/base_interfaces_demo/share/base_interfaces_demo/cmake/export_base_interfaces_demo__rosidl_generator_cppExport.cmake
[2.202s] -- Up-to-date: /home/wang/hello/install/base_interfaces_demo/share/base_interfaces_demo/cmake/export_base_interfaces_demo__rosidl_typesupport_fastrtps_cppExport.cmake
[2.202s] -- Up-to-date: /home/wang/hello/install/base_interfaces_demo/share/base_interfaces_demo/cmake/export_base_interfaces_demo__rosidl_typesupport_fastrtps_cppExport-noconfig.cmake
[2.203s] -- Up-to-date: /home/wang/hello/install/base_interfaces_demo/share/base_interfaces_demo/cmake/base_interfaces_demo__rosidl_typesupport_introspection_cppExport.cmake
[2.203s] -- Up-to-date: /home/wang/hello/install/base_interfaces_demo/share/base_interfaces_demo/cmake/base_interfaces_demo__rosidl_typesupport_introspection_cppExport-noconfig.cmake
[2.203s] -- Up-to-date: /home/wang/hello/install/base_interfaces_demo/share/base_interfaces_demo/cmake/base_interfaces_demo__rosidl_typesupport_cppExport.cmake
[2.203s] -- Up-to-date: /home/wang/hello/install/base_interfaces_demo/share/base_interfaces_demo/cmake/base_interfaces_demo__rosidl_typesupport_cppExport-noconfig.cmake
[2.203s] -- Up-to-date: /home/wang/hello/install/base_interfaces_demo/share/base_interfaces_demo/cmake/export_base_interfaces_demo__rosidl_generator_pyExport.cmake
[2.203s] -- Up-to-date: /home/wang/hello/install/base_interfaces_demo/share/base_interfaces_demo/cmake/export_base_interfaces_demo__rosidl_generator_pyExport-noconfig.cmake
[2.203s] -- Installing: /home/wang/hello/install/base_interfaces_demo/share/base_interfaces_demo/cmake/rosidl_cmake-extras.cmake
[2.204s] -- Up-to-date: /home/wang/hello/install/base_interfaces_demo/share/base_interfaces_demo/cmake/ament_cmake_export_include_directories-extras.cmake
[2.204s] -- Up-to-date: /home/wang/hello/install/base_interfaces_demo/share/base_interfaces_demo/cmake/ament_cmake_export_libraries-extras.cmake
[2.204s] -- Up-to-date: /home/wang/hello/install/base_interfaces_demo/share/base_interfaces_demo/cmake/ament_cmake_export_targets-extras.cmake
[2.204s] -- Up-to-date: /home/wang/hello/install/base_interfaces_demo/share/base_interfaces_demo/cmake/rosidl_cmake_export_typesupport_targets-extras.cmake
[2.204s] -- Up-to-date: /home/wang/hello/install/base_interfaces_demo/share/base_interfaces_demo/cmake/ament_cmake_export_dependencies-extras.cmake
[2.204s] -- Up-to-date: /home/wang/hello/install/base_interfaces_demo/share/base_interfaces_demo/cmake/rosidl_cmake_export_typesupport_libraries-extras.cmake
[2.204s] -- Up-to-date: /home/wang/hello/install/base_interfaces_demo/share/base_interfaces_demo/cmake/base_interfaces_demoConfig.cmake
[2.204s] -- Up-to-date: /home/wang/hello/install/base_interfaces_demo/share/base_interfaces_demo/cmake/base_interfaces_demoConfig-version.cmake
[2.204s] -- Up-to-date: /home/wang/hello/install/base_interfaces_demo/share/base_interfaces_demo/package.xml
[2.204s] Invoked command in '/home/wang/hello/build/base_interfaces_demo' returned '0': CMAKE_PREFIX_PATH=${CMAKE_PREFIX_PATH}:/opt/ros/humble /usr/bin/cmake --install /home/wang/hello/build/base_interfaces_demo
