[0.007s] Invoking command in '/home/wang/hello/build/some_launch': CMAKE_PREFIX_PATH=/opt/ros/humble /usr/bin/cmake /home/wang/hello/src/some_launch -DCMAKE_INSTALL_PREFIX=/home/wang/hello/install/some_launch
[0.099s] -- The C compiler identification is GNU 11.4.0
[0.192s] -- The CXX compiler identification is GNU 11.4.0
[0.205s] -- Detecting C compiler ABI info
[0.294s] -- Detecting C compiler ABI info - done
[0.302s] -- Check for working C compiler: /usr/bin/cc - skipped
[0.303s] -- Detecting C compile features
[0.304s] -- Detecting C compile features - done
[0.307s] -- Detecting CXX compiler ABI info
[0.388s] -- Detecting CXX compiler ABI info - done
[0.393s] -- Check for working CXX compiler: /usr/bin/c++ - skipped
[0.393s] -- Detecting CXX compile features
[0.393s] -- Detecting CXX compile features - done
[0.395s] -- Found ament_cmake: 1.3.11 (/opt/ros/humble/share/ament_cmake/cmake)
[0.518s] -- Found Python3: /usr/bin/python3 (found version "3.10.12") found components: Interpreter 
[0.586s] -- Found ament_lint_auto: 0.12.11 (/opt/ros/humble/share/ament_lint_auto/cmake)
[0.647s] -- Added test 'flake8' to check Python code syntax and style conventions
[0.647s] -- Added test 'lint_cmake' to check CMake code style
[0.647s] -- Added test 'pep257' to check Python code against some of the docstring style conventions in PEP 257
[0.648s] -- Added test 'xmllint' to check XML markup files
[0.649s] -- Configuring done
[0.651s] -- Generating done
[0.652s] -- Build files have been written to: /home/wang/hello/build/some_launch
[0.656s] Invoked command in '/home/wang/hello/build/some_launch' returned '0': CMAKE_PREFIX_PATH=/opt/ros/humble /usr/bin/cmake /home/wang/hello/src/some_launch -DCMAKE_INSTALL_PREFIX=/home/wang/hello/install/some_launch
[0.657s] Invoking command in '/home/wang/hello/build/some_launch': CMAKE_PREFIX_PATH=/opt/ros/humble /usr/bin/cmake --build /home/wang/hello/build/some_launch -- -j16 -l16
[0.707s] Invoked command in '/home/wang/hello/build/some_launch' returned '0': CMAKE_PREFIX_PATH=/opt/ros/humble /usr/bin/cmake --build /home/wang/hello/build/some_launch -- -j16 -l16
[0.722s] Invoking command in '/home/wang/hello/build/some_launch': CMAKE_PREFIX_PATH=/opt/ros/humble /usr/bin/cmake --install /home/wang/hello/build/some_launch
[0.735s] -- Install configuration: ""
[0.735s] -- Installing: /home/wang/hello/install/some_launch/share/some_launch/launch
[0.735s] -- Installing: /home/wang/hello/install/some_launch/share/some_launch/launch/demo01_node.launch.py
[0.735s] -- Installing: /home/wang/hello/install/some_launch/share/ament_index/resource_index/package_run_dependencies/some_launch
[0.736s] -- Installing: /home/wang/hello/install/some_launch/share/ament_index/resource_index/parent_prefix_path/some_launch
[0.736s] -- Installing: /home/wang/hello/install/some_launch/share/some_launch/environment/ament_prefix_path.sh
[0.736s] -- Installing: /home/wang/hello/install/some_launch/share/some_launch/environment/ament_prefix_path.dsv
[0.736s] -- Installing: /home/wang/hello/install/some_launch/share/some_launch/environment/path.sh
[0.736s] -- Installing: /home/wang/hello/install/some_launch/share/some_launch/environment/path.dsv
[0.736s] -- Installing: /home/wang/hello/install/some_launch/share/some_launch/local_setup.bash
[0.737s] -- Installing: /home/wang/hello/install/some_launch/share/some_launch/local_setup.sh
[0.737s] -- Installing: /home/wang/hello/install/some_launch/share/some_launch/local_setup.zsh
[0.737s] -- Installing: /home/wang/hello/install/some_launch/share/some_launch/local_setup.dsv
[0.737s] -- Installing: /home/wang/hello/install/some_launch/share/some_launch/package.dsv
[0.737s] -- Installing: /home/wang/hello/install/some_launch/share/ament_index/resource_index/packages/some_launch
[0.737s] -- Installing: /home/wang/hello/install/some_launch/share/some_launch/cmake/some_launchConfig.cmake
[0.737s] -- Installing: /home/wang/hello/install/some_launch/share/some_launch/cmake/some_launchConfig-version.cmake
[0.737s] -- Installing: /home/wang/hello/install/some_launch/share/some_launch/package.xml
[0.740s] Invoked command in '/home/wang/hello/build/some_launch' returned '0': CMAKE_PREFIX_PATH=/opt/ros/humble /usr/bin/cmake --install /home/wang/hello/build/some_launch
