[0.068s] DEBUG:colcon:Command line arguments: ['/usr/bin/colcon', 'build', '--packages-select', 'tf_listener']
[0.068s] DEBUG:colcon:Parsed command line arguments: Namespace(log_base=None, log_level=None, verb_name='build', build_base='build', install_base='install', merge_install=False, symlink_install=False, test_result_base=None, continue_on_error=False, executor='parallel', parallel_workers=16, event_handlers=None, ignore_user_meta=False, metas=['./colcon.meta'], base_paths=['.'], packages_ignore=None, packages_ignore_regex=None, paths=None, packages_up_to=None, packages_up_to_regex=None, packages_above=None, packages_above_and_dependencies=None, packages_above_depth=None, packages_select_by_dep=None, packages_skip_by_dep=None, packages_skip_up_to=None, packages_select_build_failed=False, packages_skip_build_finished=False, packages_select_test_failures=False, packages_skip_test_passed=False, packages_select=['tf_listener'], packages_skip=None, packages_select_regex=None, packages_skip_regex=None, packages_start=None, packages_end=None, allow_overriding=[], cmake_args=None, cmake_target=None, cmake_target_skip_unavailable=False, cmake_clean_cache=False, cmake_clean_first=False, cmake_force_configure=False, ament_cmake_args=None, catkin_cmake_args=None, catkin_skip_building_tests=False, verb_parser=<colcon_defaults.argument_parser.defaults.DefaultArgumentsDecorator object at 0x795f0f526b30>, verb_extension=<colcon_core.verb.build.BuildVerb object at 0x795f0f613fa0>, main=<bound method BuildVerb.main of <colcon_core.verb.build.BuildVerb object at 0x795f0f613fa0>>)
[0.157s] Level 1:colcon.colcon_core.package_discovery:discover_packages(colcon_meta) check parameters
[0.157s] Level 1:colcon.colcon_core.package_discovery:discover_packages(recursive) check parameters
[0.157s] Level 1:colcon.colcon_core.package_discovery:discover_packages(ignore) check parameters
[0.157s] Level 1:colcon.colcon_core.package_discovery:discover_packages(path) check parameters
[0.157s] Level 1:colcon.colcon_core.package_discovery:discover_packages(colcon_meta) discover
[0.157s] Level 1:colcon.colcon_core.package_discovery:discover_packages(recursive) discover
[0.157s] INFO:colcon.colcon_core.package_discovery:Crawling recursively for packages in '/home/wang/hello'
[0.158s] Level 1:colcon.colcon_core.package_identification:_identify(.) by extensions ['ignore', 'ignore_ament_install']
[0.158s] Level 1:colcon.colcon_core.package_identification:_identify(.) by extension 'ignore'
[0.158s] Level 1:colcon.colcon_core.package_identification:_identify(.) by extension 'ignore_ament_install'
[0.158s] Level 1:colcon.colcon_core.package_identification:_identify(.) by extensions ['colcon_pkg']
[0.158s] Level 1:colcon.colcon_core.package_identification:_identify(.) by extension 'colcon_pkg'
[0.158s] Level 1:colcon.colcon_core.package_identification:_identify(.) by extensions ['colcon_meta']
[0.158s] Level 1:colcon.colcon_core.package_identification:_identify(.) by extension 'colcon_meta'
[0.158s] Level 1:colcon.colcon_core.package_identification:_identify(.) by extensions ['ros']
[0.158s] Level 1:colcon.colcon_core.package_identification:_identify(.) by extension 'ros'
[0.165s] Level 1:colcon.colcon_core.package_identification:_identify(.) by extensions ['cmake', 'python']
[0.165s] Level 1:colcon.colcon_core.package_identification:_identify(.) by extension 'cmake'
[0.165s] Level 1:colcon.colcon_core.package_identification:_identify(.) by extension 'python'
[0.165s] Level 1:colcon.colcon_core.package_identification:_identify(.) by extensions ['python_setup_py']
[0.165s] Level 1:colcon.colcon_core.package_identification:_identify(.) by extension 'python_setup_py'
[0.166s] Level 1:colcon.colcon_core.package_identification:_identify(build) by extensions ['ignore', 'ignore_ament_install']
[0.166s] Level 1:colcon.colcon_core.package_identification:_identify(build) by extension 'ignore'
[0.166s] Level 1:colcon.colcon_core.package_identification:_identify(build) ignored
[0.166s] Level 1:colcon.colcon_core.package_identification:_identify(install) by extensions ['ignore', 'ignore_ament_install']
[0.166s] Level 1:colcon.colcon_core.package_identification:_identify(install) by extension 'ignore'
[0.166s] Level 1:colcon.colcon_core.package_identification:_identify(install) ignored
[0.166s] Level 1:colcon.colcon_core.package_identification:_identify(log) by extensions ['ignore', 'ignore_ament_install']
[0.166s] Level 1:colcon.colcon_core.package_identification:_identify(log) by extension 'ignore'
[0.166s] Level 1:colcon.colcon_core.package_identification:_identify(log) ignored
[0.166s] Level 1:colcon.colcon_core.package_identification:_identify(src) by extensions ['ignore', 'ignore_ament_install']
[0.166s] Level 1:colcon.colcon_core.package_identification:_identify(src) by extension 'ignore'
[0.166s] Level 1:colcon.colcon_core.package_identification:_identify(src) by extension 'ignore_ament_install'
[0.166s] Level 1:colcon.colcon_core.package_identification:_identify(src) by extensions ['colcon_pkg']
[0.166s] Level 1:colcon.colcon_core.package_identification:_identify(src) by extension 'colcon_pkg'
[0.166s] Level 1:colcon.colcon_core.package_identification:_identify(src) by extensions ['colcon_meta']
[0.166s] Level 1:colcon.colcon_core.package_identification:_identify(src) by extension 'colcon_meta'
[0.166s] Level 1:colcon.colcon_core.package_identification:_identify(src) by extensions ['ros']
[0.166s] Level 1:colcon.colcon_core.package_identification:_identify(src) by extension 'ros'
[0.166s] Level 1:colcon.colcon_core.package_identification:_identify(src) by extensions ['cmake', 'python']
[0.166s] Level 1:colcon.colcon_core.package_identification:_identify(src) by extension 'cmake'
[0.166s] Level 1:colcon.colcon_core.package_identification:_identify(src) by extension 'python'
[0.166s] Level 1:colcon.colcon_core.package_identification:_identify(src) by extensions ['python_setup_py']
[0.166s] Level 1:colcon.colcon_core.package_identification:_identify(src) by extension 'python_setup_py'
[0.166s] Level 1:colcon.colcon_core.package_identification:_identify(src/action) by extensions ['ignore', 'ignore_ament_install']
[0.166s] Level 1:colcon.colcon_core.package_identification:_identify(src/action) by extension 'ignore'
[0.166s] Level 1:colcon.colcon_core.package_identification:_identify(src/action) by extension 'ignore_ament_install'
[0.166s] Level 1:colcon.colcon_core.package_identification:_identify(src/action) by extensions ['colcon_pkg']
[0.166s] Level 1:colcon.colcon_core.package_identification:_identify(src/action) by extension 'colcon_pkg'
[0.166s] Level 1:colcon.colcon_core.package_identification:_identify(src/action) by extensions ['colcon_meta']
[0.166s] Level 1:colcon.colcon_core.package_identification:_identify(src/action) by extension 'colcon_meta'
[0.166s] Level 1:colcon.colcon_core.package_identification:_identify(src/action) by extensions ['ros']
[0.167s] Level 1:colcon.colcon_core.package_identification:_identify(src/action) by extension 'ros'
[0.168s] DEBUG:colcon.colcon_core.package_identification:Package 'src/action' with type 'ros.ament_cmake' and name 'action'
[0.168s] Level 1:colcon.colcon_core.package_identification:_identify(src/base_interfaces_demo) by extensions ['ignore', 'ignore_ament_install']
[0.168s] Level 1:colcon.colcon_core.package_identification:_identify(src/base_interfaces_demo) by extension 'ignore'
[0.168s] Level 1:colcon.colcon_core.package_identification:_identify(src/base_interfaces_demo) by extension 'ignore_ament_install'
[0.168s] Level 1:colcon.colcon_core.package_identification:_identify(src/base_interfaces_demo) by extensions ['colcon_pkg']
[0.168s] Level 1:colcon.colcon_core.package_identification:_identify(src/base_interfaces_demo) by extension 'colcon_pkg'
[0.169s] Level 1:colcon.colcon_core.package_identification:_identify(src/base_interfaces_demo) by extensions ['colcon_meta']
[0.169s] Level 1:colcon.colcon_core.package_identification:_identify(src/base_interfaces_demo) by extension 'colcon_meta'
[0.169s] Level 1:colcon.colcon_core.package_identification:_identify(src/base_interfaces_demo) by extensions ['ros']
[0.169s] Level 1:colcon.colcon_core.package_identification:_identify(src/base_interfaces_demo) by extension 'ros'
[0.169s] DEBUG:colcon.colcon_core.package_identification:Package 'src/base_interfaces_demo' with type 'ros.ament_cmake' and name 'base_interfaces_demo'
[0.169s] Level 1:colcon.colcon_core.package_identification:_identify(src/my_urdf) by extensions ['ignore', 'ignore_ament_install']
[0.169s] Level 1:colcon.colcon_core.package_identification:_identify(src/my_urdf) by extension 'ignore'
[0.169s] Level 1:colcon.colcon_core.package_identification:_identify(src/my_urdf) by extension 'ignore_ament_install'
[0.169s] Level 1:colcon.colcon_core.package_identification:_identify(src/my_urdf) by extensions ['colcon_pkg']
[0.169s] Level 1:colcon.colcon_core.package_identification:_identify(src/my_urdf) by extension 'colcon_pkg'
[0.169s] Level 1:colcon.colcon_core.package_identification:_identify(src/my_urdf) by extensions ['colcon_meta']
[0.169s] Level 1:colcon.colcon_core.package_identification:_identify(src/my_urdf) by extension 'colcon_meta'
[0.169s] Level 1:colcon.colcon_core.package_identification:_identify(src/my_urdf) by extensions ['ros']
[0.169s] Level 1:colcon.colcon_core.package_identification:_identify(src/my_urdf) by extension 'ros'
[0.170s] DEBUG:colcon.colcon_core.package_identification:Package 'src/my_urdf' with type 'ros.ament_cmake' and name 'my_urdf'
[0.170s] Level 1:colcon.colcon_core.package_identification:_identify(src/param) by extensions ['ignore', 'ignore_ament_install']
[0.170s] Level 1:colcon.colcon_core.package_identification:_identify(src/param) by extension 'ignore'
[0.170s] Level 1:colcon.colcon_core.package_identification:_identify(src/param) by extension 'ignore_ament_install'
[0.170s] Level 1:colcon.colcon_core.package_identification:_identify(src/param) by extensions ['colcon_pkg']
[0.170s] Level 1:colcon.colcon_core.package_identification:_identify(src/param) by extension 'colcon_pkg'
[0.170s] Level 1:colcon.colcon_core.package_identification:_identify(src/param) by extensions ['colcon_meta']
[0.170s] Level 1:colcon.colcon_core.package_identification:_identify(src/param) by extension 'colcon_meta'
[0.170s] Level 1:colcon.colcon_core.package_identification:_identify(src/param) by extensions ['ros']
[0.170s] Level 1:colcon.colcon_core.package_identification:_identify(src/param) by extension 'ros'
[0.170s] DEBUG:colcon.colcon_core.package_identification:Package 'src/param' with type 'ros.ament_cmake' and name 'param'
[0.171s] Level 1:colcon.colcon_core.package_identification:_identify(src/polygon_base) by extensions ['ignore', 'ignore_ament_install']
[0.171s] Level 1:colcon.colcon_core.package_identification:_identify(src/polygon_base) by extension 'ignore'
[0.171s] Level 1:colcon.colcon_core.package_identification:_identify(src/polygon_base) by extension 'ignore_ament_install'
[0.171s] Level 1:colcon.colcon_core.package_identification:_identify(src/polygon_base) by extensions ['colcon_pkg']
[0.171s] Level 1:colcon.colcon_core.package_identification:_identify(src/polygon_base) by extension 'colcon_pkg'
[0.171s] Level 1:colcon.colcon_core.package_identification:_identify(src/polygon_base) by extensions ['colcon_meta']
[0.171s] Level 1:colcon.colcon_core.package_identification:_identify(src/polygon_base) by extension 'colcon_meta'
[0.171s] Level 1:colcon.colcon_core.package_identification:_identify(src/polygon_base) by extensions ['ros']
[0.171s] Level 1:colcon.colcon_core.package_identification:_identify(src/polygon_base) by extension 'ros'
[0.171s] DEBUG:colcon.colcon_core.package_identification:Package 'src/polygon_base' with type 'ros.ament_cmake' and name 'polygon_base'
[0.171s] Level 1:colcon.colcon_core.package_identification:_identify(src/polygon_plugins) by extensions ['ignore', 'ignore_ament_install']
[0.171s] Level 1:colcon.colcon_core.package_identification:_identify(src/polygon_plugins) by extension 'ignore'
[0.171s] Level 1:colcon.colcon_core.package_identification:_identify(src/polygon_plugins) by extension 'ignore_ament_install'
[0.171s] Level 1:colcon.colcon_core.package_identification:_identify(src/polygon_plugins) by extensions ['colcon_pkg']
[0.171s] Level 1:colcon.colcon_core.package_identification:_identify(src/polygon_plugins) by extension 'colcon_pkg'
[0.171s] Level 1:colcon.colcon_core.package_identification:_identify(src/polygon_plugins) by extensions ['colcon_meta']
[0.171s] Level 1:colcon.colcon_core.package_identification:_identify(src/polygon_plugins) by extension 'colcon_meta'
[0.171s] Level 1:colcon.colcon_core.package_identification:_identify(src/polygon_plugins) by extensions ['ros']
[0.171s] Level 1:colcon.colcon_core.package_identification:_identify(src/polygon_plugins) by extension 'ros'
[0.172s] DEBUG:colcon.colcon_core.package_identification:Package 'src/polygon_plugins' with type 'ros.ament_cmake' and name 'polygon_plugins'
[0.172s] Level 1:colcon.colcon_core.package_identification:_identify(src/service) by extensions ['ignore', 'ignore_ament_install']
[0.172s] Level 1:colcon.colcon_core.package_identification:_identify(src/service) by extension 'ignore'
[0.172s] Level 1:colcon.colcon_core.package_identification:_identify(src/service) by extension 'ignore_ament_install'
[0.172s] Level 1:colcon.colcon_core.package_identification:_identify(src/service) by extensions ['colcon_pkg']
[0.172s] Level 1:colcon.colcon_core.package_identification:_identify(src/service) by extension 'colcon_pkg'
[0.172s] Level 1:colcon.colcon_core.package_identification:_identify(src/service) by extensions ['colcon_meta']
[0.172s] Level 1:colcon.colcon_core.package_identification:_identify(src/service) by extension 'colcon_meta'
[0.172s] Level 1:colcon.colcon_core.package_identification:_identify(src/service) by extensions ['ros']
[0.172s] Level 1:colcon.colcon_core.package_identification:_identify(src/service) by extension 'ros'
[0.172s] DEBUG:colcon.colcon_core.package_identification:Package 'src/service' with type 'ros.ament_cmake' and name 'service'
[0.172s] Level 1:colcon.colcon_core.package_identification:_identify(src/some_launch) by extensions ['ignore', 'ignore_ament_install']
[0.173s] Level 1:colcon.colcon_core.package_identification:_identify(src/some_launch) by extension 'ignore'
[0.173s] Level 1:colcon.colcon_core.package_identification:_identify(src/some_launch) by extension 'ignore_ament_install'
[0.173s] Level 1:colcon.colcon_core.package_identification:_identify(src/some_launch) by extensions ['colcon_pkg']
[0.173s] Level 1:colcon.colcon_core.package_identification:_identify(src/some_launch) by extension 'colcon_pkg'
[0.173s] Level 1:colcon.colcon_core.package_identification:_identify(src/some_launch) by extensions ['colcon_meta']
[0.173s] Level 1:colcon.colcon_core.package_identification:_identify(src/some_launch) by extension 'colcon_meta'
[0.173s] Level 1:colcon.colcon_core.package_identification:_identify(src/some_launch) by extensions ['ros']
[0.173s] Level 1:colcon.colcon_core.package_identification:_identify(src/some_launch) by extension 'ros'
[0.173s] DEBUG:colcon.colcon_core.package_identification:Package 'src/some_launch' with type 'ros.ament_cmake' and name 'some_launch'
[0.173s] Level 1:colcon.colcon_core.package_identification:_identify(src/tf_broadcaster) by extensions ['ignore', 'ignore_ament_install']
[0.173s] Level 1:colcon.colcon_core.package_identification:_identify(src/tf_broadcaster) by extension 'ignore'
[0.173s] Level 1:colcon.colcon_core.package_identification:_identify(src/tf_broadcaster) by extension 'ignore_ament_install'
[0.173s] Level 1:colcon.colcon_core.package_identification:_identify(src/tf_broadcaster) by extensions ['colcon_pkg']
[0.173s] Level 1:colcon.colcon_core.package_identification:_identify(src/tf_broadcaster) by extension 'colcon_pkg'
[0.173s] Level 1:colcon.colcon_core.package_identification:_identify(src/tf_broadcaster) by extensions ['colcon_meta']
[0.173s] Level 1:colcon.colcon_core.package_identification:_identify(src/tf_broadcaster) by extension 'colcon_meta'
[0.173s] Level 1:colcon.colcon_core.package_identification:_identify(src/tf_broadcaster) by extensions ['ros']
[0.173s] Level 1:colcon.colcon_core.package_identification:_identify(src/tf_broadcaster) by extension 'ros'
[0.174s] DEBUG:colcon.colcon_core.package_identification:Package 'src/tf_broadcaster' with type 'ros.ament_cmake' and name 'tf_broadcaster'
[0.174s] Level 1:colcon.colcon_core.package_identification:_identify(src/tf_listener) by extensions ['ignore', 'ignore_ament_install']
[0.174s] Level 1:colcon.colcon_core.package_identification:_identify(src/tf_listener) by extension 'ignore'
[0.174s] Level 1:colcon.colcon_core.package_identification:_identify(src/tf_listener) by extension 'ignore_ament_install'
[0.174s] Level 1:colcon.colcon_core.package_identification:_identify(src/tf_listener) by extensions ['colcon_pkg']
[0.174s] Level 1:colcon.colcon_core.package_identification:_identify(src/tf_listener) by extension 'colcon_pkg'
[0.174s] Level 1:colcon.colcon_core.package_identification:_identify(src/tf_listener) by extensions ['colcon_meta']
[0.174s] Level 1:colcon.colcon_core.package_identification:_identify(src/tf_listener) by extension 'colcon_meta'
[0.174s] Level 1:colcon.colcon_core.package_identification:_identify(src/tf_listener) by extensions ['ros']
[0.174s] Level 1:colcon.colcon_core.package_identification:_identify(src/tf_listener) by extension 'ros'
[0.175s] DEBUG:colcon.colcon_core.package_identification:Package 'src/tf_listener' with type 'ros.ament_cmake' and name 'tf_listener'
[0.175s] Level 1:colcon.colcon_core.package_identification:_identify(src/topic) by extensions ['ignore', 'ignore_ament_install']
[0.175s] Level 1:colcon.colcon_core.package_identification:_identify(src/topic) by extension 'ignore'
[0.175s] Level 1:colcon.colcon_core.package_identification:_identify(src/topic) by extension 'ignore_ament_install'
[0.175s] Level 1:colcon.colcon_core.package_identification:_identify(src/topic) by extensions ['colcon_pkg']
[0.175s] Level 1:colcon.colcon_core.package_identification:_identify(src/topic) by extension 'colcon_pkg'
[0.175s] Level 1:colcon.colcon_core.package_identification:_identify(src/topic) by extensions ['colcon_meta']
[0.175s] Level 1:colcon.colcon_core.package_identification:_identify(src/topic) by extension 'colcon_meta'
[0.175s] Level 1:colcon.colcon_core.package_identification:_identify(src/topic) by extensions ['ros']
[0.175s] Level 1:colcon.colcon_core.package_identification:_identify(src/topic) by extension 'ros'
[0.175s] DEBUG:colcon.colcon_core.package_identification:Package 'src/topic' with type 'ros.ament_cmake' and name 'topic'
[0.175s] Level 1:colcon.colcon_core.package_discovery:discover_packages(recursive) using defaults
[0.175s] Level 1:colcon.colcon_core.package_discovery:discover_packages(ignore) discover
[0.175s] Level 1:colcon.colcon_core.package_discovery:discover_packages(ignore) using defaults
[0.175s] Level 1:colcon.colcon_core.package_discovery:discover_packages(path) discover
[0.175s] Level 1:colcon.colcon_core.package_discovery:discover_packages(path) using defaults
[0.189s] INFO:colcon.colcon_core.package_selection:Skipping not selected package 'base_interfaces_demo' in 'src/base_interfaces_demo'
[0.190s] INFO:colcon.colcon_core.package_selection:Skipping not selected package 'my_urdf' in 'src/my_urdf'
[0.190s] INFO:colcon.colcon_core.package_selection:Skipping not selected package 'param' in 'src/param'
[0.190s] INFO:colcon.colcon_core.package_selection:Skipping not selected package 'polygon_base' in 'src/polygon_base'
[0.190s] INFO:colcon.colcon_core.package_selection:Skipping not selected package 'some_launch' in 'src/some_launch'
[0.190s] INFO:colcon.colcon_core.package_selection:Skipping not selected package 'tf_broadcaster' in 'src/tf_broadcaster'
[0.190s] INFO:colcon.colcon_core.package_selection:Skipping not selected package 'action' in 'src/action'
[0.190s] INFO:colcon.colcon_core.package_selection:Skipping not selected package 'polygon_plugins' in 'src/polygon_plugins'
[0.190s] INFO:colcon.colcon_core.package_selection:Skipping not selected package 'service' in 'src/service'
[0.190s] INFO:colcon.colcon_core.package_selection:Skipping not selected package 'topic' in 'src/topic'
[0.190s] Level 1:colcon.colcon_core.package_discovery:discover_packages(prefix_path) check parameters
[0.190s] Level 1:colcon.colcon_core.package_discovery:discover_packages(prefix_path) discover
[0.197s] DEBUG:colcon.colcon_installed_package_information.package_discovery:Found 11 installed packages in /home/wang/hello/install
[0.197s] DEBUG:colcon.colcon_installed_package_information.package_discovery:Found 276 installed packages in /opt/ros/humble
[0.198s] Level 1:colcon.colcon_core.package_discovery:discover_packages(prefix_path) using defaults
[0.220s] Level 5:colcon.colcon_core.verb:set package 'tf_listener' build argument 'cmake_args' from command line to 'None'
[0.221s] Level 5:colcon.colcon_core.verb:set package 'tf_listener' build argument 'cmake_target' from command line to 'None'
[0.221s] Level 5:colcon.colcon_core.verb:set package 'tf_listener' build argument 'cmake_target_skip_unavailable' from command line to 'False'
[0.221s] Level 5:colcon.colcon_core.verb:set package 'tf_listener' build argument 'cmake_clean_cache' from command line to 'False'
[0.221s] Level 5:colcon.colcon_core.verb:set package 'tf_listener' build argument 'cmake_clean_first' from command line to 'False'
[0.221s] Level 5:colcon.colcon_core.verb:set package 'tf_listener' build argument 'cmake_force_configure' from command line to 'False'
[0.221s] Level 5:colcon.colcon_core.verb:set package 'tf_listener' build argument 'ament_cmake_args' from command line to 'None'
[0.221s] Level 5:colcon.colcon_core.verb:set package 'tf_listener' build argument 'catkin_cmake_args' from command line to 'None'
[0.221s] Level 5:colcon.colcon_core.verb:set package 'tf_listener' build argument 'catkin_skip_building_tests' from command line to 'False'
[0.221s] DEBUG:colcon.colcon_core.verb:Building package 'tf_listener' with the following arguments: {'ament_cmake_args': None, 'build_base': '/home/wang/hello/build/tf_listener', 'catkin_cmake_args': None, 'catkin_skip_building_tests': False, 'cmake_args': None, 'cmake_clean_cache': False, 'cmake_clean_first': False, 'cmake_force_configure': False, 'cmake_target': None, 'cmake_target_skip_unavailable': False, 'install_base': '/home/wang/hello/install/tf_listener', 'merge_install': False, 'path': '/home/wang/hello/src/tf_listener', 'symlink_install': False, 'test_result_base': None}
[0.221s] INFO:colcon.colcon_core.executor:Executing jobs using 'parallel' executor
[0.222s] DEBUG:colcon.colcon_parallel_executor.executor.parallel:run_until_complete
[0.222s] INFO:colcon.colcon_ros.task.ament_cmake.build:Building ROS package in '/home/wang/hello/src/tf_listener' with build type 'ament_cmake'
[0.222s] INFO:colcon.colcon_cmake.task.cmake.build:Building CMake package in '/home/wang/hello/src/tf_listener'
[0.223s] INFO:colcon.colcon_core.plugin_system:Skipping extension 'colcon_core.shell.bat': Not used on non-Windows systems
[0.224s] INFO:colcon.colcon_core.shell:Skip shell extension 'powershell' for command environment: Not usable outside of PowerShell
[0.224s] DEBUG:colcon.colcon_core.shell:Skip shell extension 'dsv' for command environment
[0.231s] DEBUG:colcon.colcon_core.event_handler.log_command:Invoking command in '/home/wang/hello/build/tf_listener': CMAKE_PREFIX_PATH=${CMAKE_PREFIX_PATH}:/opt/ros/humble /usr/bin/cmake --build /home/wang/hello/build/tf_listener -- -j16 -l16
[7.034s] DEBUG:colcon.colcon_core.event_handler.log_command:Invoked command in '/home/wang/hello/build/tf_listener' returned '0': CMAKE_PREFIX_PATH=${CMAKE_PREFIX_PATH}:/opt/ros/humble /usr/bin/cmake --build /home/wang/hello/build/tf_listener -- -j16 -l16
[7.048s] DEBUG:colcon.colcon_core.event_handler.log_command:Invoking command in '/home/wang/hello/build/tf_listener': CMAKE_PREFIX_PATH=${CMAKE_PREFIX_PATH}:/opt/ros/humble /usr/bin/cmake --install /home/wang/hello/build/tf_listener
[7.078s] Level 1:colcon.colcon_core.environment:create_environment_scripts_only(tf_listener)
[7.079s] DEBUG:colcon.colcon_core.event_handler.log_command:Invoked command in '/home/wang/hello/build/tf_listener' returned '0': CMAKE_PREFIX_PATH=${CMAKE_PREFIX_PATH}:/opt/ros/humble /usr/bin/cmake --install /home/wang/hello/build/tf_listener
[7.081s] Level 1:colcon.colcon_core.environment:checking '/home/wang/hello/install/tf_listener' for CMake module files
[7.082s] Level 1:colcon.colcon_core.environment:checking '/home/wang/hello/install/tf_listener' for CMake config files
[7.082s] Level 1:colcon.colcon_core.shell:create_environment_hook('tf_listener', 'cmake_prefix_path')
[7.082s] INFO:colcon.colcon_core.shell:Creating environment hook '/home/wang/hello/install/tf_listener/share/tf_listener/hook/cmake_prefix_path.ps1'
[7.083s] INFO:colcon.colcon_core.shell:Creating environment descriptor '/home/wang/hello/install/tf_listener/share/tf_listener/hook/cmake_prefix_path.dsv'
[7.083s] INFO:colcon.colcon_core.shell:Creating environment hook '/home/wang/hello/install/tf_listener/share/tf_listener/hook/cmake_prefix_path.sh'
[7.085s] Level 1:colcon.colcon_core.environment:checking '/home/wang/hello/install/tf_listener/lib'
[7.085s] Level 1:colcon.colcon_core.environment:checking '/home/wang/hello/install/tf_listener/bin'
[7.085s] Level 1:colcon.colcon_core.environment:checking '/home/wang/hello/install/tf_listener/lib/pkgconfig/tf_listener.pc'
[7.085s] Level 1:colcon.colcon_core.environment:checking '/home/wang/hello/install/tf_listener/lib/python3.10/site-packages'
[7.086s] Level 1:colcon.colcon_core.environment:checking '/home/wang/hello/install/tf_listener/bin'
[7.086s] INFO:colcon.colcon_core.shell:Creating package script '/home/wang/hello/install/tf_listener/share/tf_listener/package.ps1'
[7.087s] INFO:colcon.colcon_core.shell:Creating package descriptor '/home/wang/hello/install/tf_listener/share/tf_listener/package.dsv'
[7.088s] INFO:colcon.colcon_core.shell:Creating package script '/home/wang/hello/install/tf_listener/share/tf_listener/package.sh'
[7.089s] INFO:colcon.colcon_core.shell:Creating package script '/home/wang/hello/install/tf_listener/share/tf_listener/package.bash'
[7.090s] INFO:colcon.colcon_core.shell:Creating package script '/home/wang/hello/install/tf_listener/share/tf_listener/package.zsh'
[7.090s] Level 1:colcon.colcon_core.environment:create_file_with_runtime_dependencies(/home/wang/hello/install/tf_listener/share/colcon-core/packages/tf_listener)
[7.091s] Level 1:colcon.colcon_core.environment:create_environment_scripts_only(tf_listener)
[7.091s] Level 1:colcon.colcon_core.environment:checking '/home/wang/hello/install/tf_listener' for CMake module files
[7.091s] Level 1:colcon.colcon_core.environment:checking '/home/wang/hello/install/tf_listener' for CMake config files
[7.092s] Level 1:colcon.colcon_core.shell:create_environment_hook('tf_listener', 'cmake_prefix_path')
[7.092s] INFO:colcon.colcon_core.shell:Creating environment hook '/home/wang/hello/install/tf_listener/share/tf_listener/hook/cmake_prefix_path.ps1'
[7.092s] INFO:colcon.colcon_core.shell:Creating environment descriptor '/home/wang/hello/install/tf_listener/share/tf_listener/hook/cmake_prefix_path.dsv'
[7.092s] INFO:colcon.colcon_core.shell:Creating environment hook '/home/wang/hello/install/tf_listener/share/tf_listener/hook/cmake_prefix_path.sh'
[7.093s] Level 1:colcon.colcon_core.environment:checking '/home/wang/hello/install/tf_listener/lib'
[7.093s] Level 1:colcon.colcon_core.environment:checking '/home/wang/hello/install/tf_listener/bin'
[7.093s] Level 1:colcon.colcon_core.environment:checking '/home/wang/hello/install/tf_listener/lib/pkgconfig/tf_listener.pc'
[7.093s] Level 1:colcon.colcon_core.environment:checking '/home/wang/hello/install/tf_listener/lib/python3.10/site-packages'
[7.093s] Level 1:colcon.colcon_core.environment:checking '/home/wang/hello/install/tf_listener/bin'
[7.094s] INFO:colcon.colcon_core.shell:Creating package script '/home/wang/hello/install/tf_listener/share/tf_listener/package.ps1'
[7.094s] INFO:colcon.colcon_core.shell:Creating package descriptor '/home/wang/hello/install/tf_listener/share/tf_listener/package.dsv'
[7.094s] INFO:colcon.colcon_core.shell:Creating package script '/home/wang/hello/install/tf_listener/share/tf_listener/package.sh'
[7.094s] INFO:colcon.colcon_core.shell:Creating package script '/home/wang/hello/install/tf_listener/share/tf_listener/package.bash'
[7.095s] INFO:colcon.colcon_core.shell:Creating package script '/home/wang/hello/install/tf_listener/share/tf_listener/package.zsh'
[7.095s] Level 1:colcon.colcon_core.environment:create_file_with_runtime_dependencies(/home/wang/hello/install/tf_listener/share/colcon-core/packages/tf_listener)
[7.095s] DEBUG:colcon.colcon_parallel_executor.executor.parallel:closing loop
[7.095s] DEBUG:colcon.colcon_parallel_executor.executor.parallel:loop closed
[7.095s] DEBUG:colcon.colcon_parallel_executor.executor.parallel:run_until_complete finished with '0'
[7.095s] DEBUG:colcon.colcon_core.event_reactor:joining thread
[7.099s] INFO:colcon.colcon_core.plugin_system:Skipping extension 'colcon_notification.desktop_notification.terminal_notifier': Not used on non-Darwin systems
[7.099s] INFO:colcon.colcon_core.plugin_system:Skipping extension 'colcon_notification.desktop_notification.win32': Not used on non-Windows systems
[7.099s] INFO:colcon.colcon_notification.desktop_notification:Sending desktop notification using 'notify2'
[7.107s] DEBUG:colcon.colcon_core.event_reactor:joined thread
[7.107s] INFO:colcon.colcon_core.shell:Creating prefix script '/home/wang/hello/install/local_setup.ps1'
[7.108s] INFO:colcon.colcon_core.shell:Creating prefix util module '/home/wang/hello/install/_local_setup_util_ps1.py'
[7.109s] INFO:colcon.colcon_core.shell:Creating prefix chain script '/home/wang/hello/install/setup.ps1'
[7.110s] INFO:colcon.colcon_core.shell:Creating prefix script '/home/wang/hello/install/local_setup.sh'
[7.110s] INFO:colcon.colcon_core.shell:Creating prefix util module '/home/wang/hello/install/_local_setup_util_sh.py'
[7.111s] INFO:colcon.colcon_core.shell:Creating prefix chain script '/home/wang/hello/install/setup.sh'
[7.112s] INFO:colcon.colcon_core.shell:Creating prefix script '/home/wang/hello/install/local_setup.bash'
[7.113s] INFO:colcon.colcon_core.shell:Creating prefix chain script '/home/wang/hello/install/setup.bash'
[7.114s] INFO:colcon.colcon_core.shell:Creating prefix script '/home/wang/hello/install/local_setup.zsh'
[7.114s] INFO:colcon.colcon_core.shell:Creating prefix chain script '/home/wang/hello/install/setup.zsh'
